<!doctype html public "-//w3c//dtd html 4.0 transitional//en">
<html><head>
<title>Static Call Graph - [.\Objects\X6_APP.axf]</title></head>
<body><HR>
<H1>Static Call Graph for image .\Objects\X6_APP.axf</H1><HR>
<BR><P>#&#060CALLGRAPH&#062# ARM Linker, 5060061: Last Updated: Wed Nov 07 17:20:35 2018
<BR><P>
<H3>Maximum Stack Usage =        880 bytes + Unknown(Cycles, Untraceable Function Pointers)</H3><H3>
Call chain for Maximum Stack Depth:</H3>
CK24_UMTask &rArr; RecvBtData &rArr; BluePktProc &rArr; BlueReqBreak &rArr; SetBluePair &rArr; BlueSendCmd &rArr; BlueCheckRes &rArr; FlashWriteSystemInfoData &rArr; FlashWriteData &rArr; Flash_Write &rArr; osMutexWait &rArr; xQueueGenericReceive &rArr; xTaskResumeAll &rArr; xTaskIncrementTick
<P>
<H3>
Mutually Recursive functions
</H3> <LI><a href="#[1]">NMI_Handler</a>&nbsp;&nbsp;&nbsp;&rArr;&nbsp;&nbsp;&nbsp;<a href="#[1]">NMI_Handler</a><BR>
 <LI><a href="#[20]">DMA_IRQHandler</a>&nbsp;&nbsp;&nbsp;&rArr;&nbsp;&nbsp;&nbsp;<a href="#[20]">DMA_IRQHandler</a><BR>
</UL>
<P>
<H3>
Function Pointers
</H3><UL>
 <LI><a href="#[7]">AES_IRQHandler</a> from ht6xxx_it.o(i.AES_IRQHandler) referenced from startup_ht502x.o(RESET)
 <LI><a href="#[34]">BuleCheckReset</a> from ckb24_um.o(i.BuleCheckReset) referenced from ckb24_um.o(.constdata)
 <LI><a href="#[39]">BuleModeDevt</a> from ckb24_um.o(i.BuleModeDevt) referenced from ckb24_um.o(.constdata)
 <LI><a href="#[35]">BuleModeEcho</a> from ckb24_um.o(i.BuleModeEcho) referenced from ckb24_um.o(.constdata)
 <LI><a href="#[3c]">BuleModeGWMac</a> from ckb24_um.o(i.BuleModeGWMac) referenced from ckb24_um.o(.constdata)
 <LI><a href="#[38]">BuleModeGetName</a> from ckb24_um.o(i.BuleModeGetName) referenced from ckb24_um.o(.constdata)
 <LI><a href="#[3d]">BuleModePair</a> from ckb24_um.o(i.BuleModePair) referenced from ckb24_um.o(.constdata)
 <LI><a href="#[36]">BuleModeVers</a> from ckb24_um.o(i.BuleModeVers) referenced from ckb24_um.o(.constdata)
 <LI><a href="#[3a]">BuleSetDevt</a> from ckb24_um.o(i.BuleSetDevt) referenced from ckb24_um.o(.constdata)
 <LI><a href="#[3b]">BuleSetGWMac</a> from ckb24_um.o(i.BuleSetGWMac) referenced from ckb24_um.o(.constdata)
 <LI><a href="#[37]">BuleSetName</a> from ckb24_um.o(i.BuleSetName) referenced from ckb24_um.o(.constdata)
 <LI><a href="#[30]">CK24_UMTask</a> from ckb24_um_handle.o(i.CK24_UMTask) referenced from main_handle.o(i.vMainTask)
 <LI><a href="#[31]">CardAuthTask</a> from cardauth_handle.o(i.CardAuthTask) referenced from main_handle.o(i.vMainTask)
 <LI><a href="#[32]">ComTask</a> from com_handle.o(i.ComTask) referenced from main_handle.o(i.vMainTask)
 <LI><a href="#[20]">DMA_IRQHandler</a> from startup_ht502x.o(.text) referenced from startup_ht502x.o(RESET)
 <LI><a href="#[1f]">EMU_IRQHandler</a> from startup_ht502x.o(.text) referenced from startup_ht502x.o(RESET)
 <LI><a href="#[8]">EXTI0_IRQHandler</a> from ht6xxx_it.o(i.EXTI0_IRQHandler) referenced from startup_ht502x.o(RESET)
 <LI><a href="#[9]">EXTI1_IRQHandler</a> from ht6xxx_it.o(i.EXTI1_IRQHandler) referenced from startup_ht502x.o(RESET)
 <LI><a href="#[a]">EXTI2_IRQHandler</a> from ht6xxx_it.o(i.EXTI2_IRQHandler) referenced from startup_ht502x.o(RESET)
 <LI><a href="#[b]">EXTI3_IRQHandler</a> from ht6xxx_it.o(i.EXTI3_IRQHandler) referenced from startup_ht502x.o(RESET)
 <LI><a href="#[c]">EXTI4_IRQHandler</a> from ht6xxx_it.o(i.EXTI4_IRQHandler) referenced from startup_ht502x.o(RESET)
 <LI><a href="#[d]">EXTI5_IRQHandler</a> from ht6xxx_it.o(i.EXTI5_IRQHandler) referenced from startup_ht502x.o(RESET)
 <LI><a href="#[e]">EXTI6_IRQHandler</a> from ht6xxx_it.o(i.EXTI6_IRQHandler) referenced from startup_ht502x.o(RESET)
 <LI><a href="#[22]">EXTI7_IRQHandler</a> from startup_ht502x.o(.text) referenced from startup_ht502x.o(RESET)
 <LI><a href="#[23]">EXTI8_IRQHandler</a> from startup_ht502x.o(.text) referenced from startup_ht502x.o(RESET)
 <LI><a href="#[24]">EXTI9_IRQHandler</a> from startup_ht502x.o(.text) referenced from startup_ht502x.o(RESET)
 <LI><a href="#[2]">HardFault_Handler</a> from ht6xxx_it.o(i.HardFault_Handler) referenced from startup_ht502x.o(RESET)
 <LI><a href="#[1b]">I2C_IRQHandler</a> from ht6xxx_it.o(i.I2C_IRQHandler) referenced from startup_ht502x.o(RESET)
 <LI><a href="#[21]">KEY_IRQHandler</a> from startup_ht502x.o(.text) referenced from startup_ht502x.o(RESET)
 <LI><a href="#[1]">NMI_Handler</a> from startup_ht502x.o(.text) referenced from startup_ht502x.o(RESET)
 <LI><a href="#[6]">PMU_IRQHandler</a> from ht6xxx_it.o(i.PMU_IRQHandler) referenced from startup_ht502x.o(RESET)
 <LI><a href="#[4]">PendSV_Handler</a> from port.o(.emb_text) referenced from startup_ht502x.o(RESET)
 <LI><a href="#[1a]">RTC_IRQHandler</a> from ht6xxx_it.o(i.RTC_IRQHandler) referenced from startup_ht502x.o(RESET)
 <LI><a href="#[1d]">Reserved_IRQHandler</a> from startup_ht502x.o(.text) referenced 2 times from startup_ht502x.o(RESET)
 <LI><a href="#[0]">Reset_Handler</a> from startup_ht502x.o(.text) referenced from startup_ht502x.o(RESET)
 <LI><a href="#[1c]">SPI0_IRQHandler</a> from ht6xxx_it.o(i.SPI0_IRQHandler) referenced from startup_ht502x.o(RESET)
 <LI><a href="#[3]">SVC_Handler</a> from port.o(i.SVC_Handler) referenced from startup_ht502x.o(RESET)
 <LI><a href="#[1e]">SelfTestF_IRQHandler</a> from startup_ht502x.o(.text) referenced from startup_ht502x.o(RESET)
 <LI><a href="#[5]">SysTick_Handler</a> from port.o(i.SysTick_Handler) referenced from startup_ht502x.o(RESET)
 <LI><a href="#[26]">SystemInit</a> from system_ht6xxx.o(i.SystemInit) referenced from startup_ht502x.o(.text)
 <LI><a href="#[19]">TBS_IRQHandler</a> from ht6xxx_it.o(i.TBS_IRQHandler) referenced from startup_ht502x.o(RESET)
 <LI><a href="#[15]">TIMER_0_IRQHandler</a> from ht6xxx_it.o(i.TIMER_0_IRQHandler) referenced from startup_ht502x.o(RESET)
 <LI><a href="#[16]">TIMER_1_IRQHandler</a> from simuart.o(i.TIMER_1_IRQHandler) referenced from startup_ht502x.o(RESET)
 <LI><a href="#[17]">TIMER_2_IRQHandler</a> from ht6xxx_it.o(i.TIMER_2_IRQHandler) referenced from startup_ht502x.o(RESET)
 <LI><a href="#[18]">TIMER_3_IRQHandler</a> from ht6xxx_it.o(i.TIMER_3_IRQHandler) referenced from startup_ht502x.o(RESET)
 <LI><a href="#[f]">UART0_IRQHandler</a> from ht6xxx_it.o(i.UART0_IRQHandler) referenced from startup_ht502x.o(RESET)
 <LI><a href="#[10]">UART1_IRQHandler</a> from ht6xxx_it.o(i.UART1_IRQHandler) referenced from startup_ht502x.o(RESET)
 <LI><a href="#[11]">UART2_IRQHandler</a> from ht6xxx_it.o(i.UART2_IRQHandler) referenced from startup_ht502x.o(RESET)
 <LI><a href="#[12]">UART3_IRQHandler</a> from ht6xxx_it.o(i.UART3_IRQHandler) referenced from startup_ht502x.o(RESET)
 <LI><a href="#[13]">UART4_IRQHandler</a> from ht6xxx_it.o(i.UART4_IRQHandler) referenced from startup_ht502x.o(RESET)
 <LI><a href="#[14]">UART5_IRQHandler</a> from ht6xxx_it.o(i.UART5_IRQHandler) referenced from startup_ht502x.o(RESET)
 <LI><a href="#[27]">__main</a> from entry.o(.ARM.Collect$$$$00000000) referenced from startup_ht502x.o(.text)
 <LI><a href="#[29]">_sbackspace</a> from _sgetc.o(.text) referenced from __0sscanf.o(.text)
 <LI><a href="#[2a]">_scanf_char_input</a> from scanf_char.o(.text) referenced from scanf_char.o(.text)
 <LI><a href="#[28]">_sgetc</a> from _sgetc.o(.text) referenced from __0sscanf.o(.text)
 <LI><a href="#[2d]">_sputc</a> from printfa.o(i._sputc) referenced from printfa.o(i.__0sprintf)
 <LI><a href="#[2c]">fputc</a> from main_handle.o(i.fputc) referenced from printfa.o(i.__0printf)
 <LI><a href="#[2b]">isspace</a> from isspace_c.o(.text) referenced from scanf_char.o(.text)
 <LI><a href="#[25]">main</a> from main.o(i.main) referenced from entry9a.o(.ARM.Collect$$$$0000000B)
 <LI><a href="#[33]">prvIdleTask</a> from tasks.o(i.prvIdleTask) referenced from tasks.o(i.vTaskStartScheduler)
 <LI><a href="#[2f]">prvTaskExitError</a> from port.o(i.prvTaskExitError) referenced from port.o(i.pxPortInitialiseStack)
 <LI><a href="#[2e]">vMainTask</a> from main_handle.o(i.vMainTask) referenced from main.o(i.main)
</UL>
<P>
<H3>
Global Symbols
</H3>
<P><STRONG><a name="[27]"></a>__main</STRONG> (Thumb, 0 bytes, Stack size unknown bytes, entry.o(.ARM.Collect$$$$00000000))
<BR>[Address Reference Count : 1]<UL><LI> startup_ht502x.o(.text)
</UL>
<P><STRONG><a name="[1e4]"></a>_main_stk</STRONG> (Thumb, 0 bytes, Stack size unknown bytes, entry2.o(.ARM.Collect$$$$00000001))

<P><STRONG><a name="[3e]"></a>_main_scatterload</STRONG> (Thumb, 0 bytes, Stack size unknown bytes, entry5.o(.ARM.Collect$$$$00000004))
<BR><BR>[Calls]<UL><LI><a href="#[3f]">&gt;&gt;</a>&nbsp;&nbsp;&nbsp;__scatterload
</UL>

<P><STRONG><a name="[61]"></a>__main_after_scatterload</STRONG> (Thumb, 0 bytes, Stack size unknown bytes, entry5.o(.ARM.Collect$$$$00000004))
<BR><BR>[Called By]<UL><LI><a href="#[3f]">&gt;&gt;</a>&nbsp;&nbsp;&nbsp;__scatterload
</UL>

<P><STRONG><a name="[1e5]"></a>_main_clock</STRONG> (Thumb, 0 bytes, Stack size unknown bytes, entry7b.o(.ARM.Collect$$$$00000008))

<P><STRONG><a name="[1e6]"></a>_main_cpp_init</STRONG> (Thumb, 0 bytes, Stack size unknown bytes, entry8b.o(.ARM.Collect$$$$0000000A))

<P><STRONG><a name="[1e7]"></a>_main_init</STRONG> (Thumb, 0 bytes, Stack size unknown bytes, entry9a.o(.ARM.Collect$$$$0000000B))

<P><STRONG><a name="[1e8]"></a>__rt_final_cpp</STRONG> (Thumb, 0 bytes, Stack size unknown bytes, entry10a.o(.ARM.Collect$$$$0000000D))

<P><STRONG><a name="[1e9]"></a>__rt_final_exit</STRONG> (Thumb, 0 bytes, Stack size unknown bytes, entry11a.o(.ARM.Collect$$$$0000000F))

<P><STRONG><a name="[1ea]"></a>__asm___14_ht6xxx_flash_c_a0164778____REV16</STRONG> (Thumb, 4 bytes, Stack size 0 bytes, ht6xxx_flash.o(.emb_text), UNUSED)

<P><STRONG><a name="[1eb]"></a>__asm___14_ht6xxx_flash_c_a0164778____REVSH</STRONG> (Thumb, 4 bytes, Stack size 0 bytes, ht6xxx_flash.o(.emb_text), UNUSED)

<P><STRONG><a name="[136]"></a>HT_Flash_ByteWrite</STRONG> (Thumb, 72 bytes, Stack size 0 bytes, ht6xxx_flash.o(.emb_text))
<BR><BR>[Called By]<UL><LI><a href="#[c6]">&gt;&gt;</a>&nbsp;&nbsp;&nbsp;Flash_Write
</UL>

<P><STRONG><a name="[1ec]"></a>HT_Flash_HalfWordWrite</STRONG> (Thumb, 76 bytes, Stack size 0 bytes, ht6xxx_flash.o(.emb_text), UNUSED)

<P><STRONG><a name="[1ed]"></a>HT_Flash_WordWrite</STRONG> (Thumb, 76 bytes, Stack size 0 bytes, ht6xxx_flash.o(.emb_text), UNUSED)

<P><STRONG><a name="[12f]"></a>HT_Flash_PageErase</STRONG> (Thumb, 68 bytes, Stack size 0 bytes, ht6xxx_flash.o(.emb_text))
<BR><BR>[Called By]<UL><LI><a href="#[131]">&gt;&gt;</a>&nbsp;&nbsp;&nbsp;Flash_ErasePage
<LI><a href="#[12d]">&gt;&gt;</a>&nbsp;&nbsp;&nbsp;Flash_EraseALL
</UL>

<P><STRONG><a name="[1ee]"></a>HT_Info_ByteWrite</STRONG> (Thumb, 84 bytes, Stack size 0 bytes, ht6xxx_flash.o(.emb_text), UNUSED)

<P><STRONG><a name="[1ef]"></a>HT_Info_HalfWordWrite</STRONG> (Thumb, 88 bytes, Stack size 0 bytes, ht6xxx_flash.o(.emb_text), UNUSED)

<P><STRONG><a name="[1f0]"></a>HT_Info_WordWrite</STRONG> (Thumb, 88 bytes, Stack size 0 bytes, ht6xxx_flash.o(.emb_text), UNUSED)

<P><STRONG><a name="[1f1]"></a>HT_Info_PageErase</STRONG> (Thumb, 80 bytes, Stack size 0 bytes, ht6xxx_flash.o(.emb_text), UNUSED)

<P><STRONG><a name="[1dc]"></a>__asm___6_port_c_39a90d8d__prvPortStartFirstTask</STRONG> (Thumb, 36 bytes, Stack size 0 bytes, port.o(.emb_text))
<BR><BR>[Called By]<UL><LI><a href="#[1da]">&gt;&gt;</a>&nbsp;&nbsp;&nbsp;xPortStartScheduler
</UL>

<P><STRONG><a name="[18b]"></a>ulSetInterruptMaskFromISR</STRONG> (Thumb, 8 bytes, Stack size 0 bytes, port.o(.emb_text))
<BR><BR>[Called By]<UL><LI><a href="#[19a]">&gt;&gt;</a>&nbsp;&nbsp;&nbsp;xQueueGiveFromISR
<LI><a href="#[5]">&gt;&gt;</a>&nbsp;&nbsp;&nbsp;SysTick_Handler
<LI><a href="#[1b9]">&gt;&gt;</a>&nbsp;&nbsp;&nbsp;xQueueReceiveFromISR
</UL>

<P><STRONG><a name="[18d]"></a>vClearInterruptMaskFromISR</STRONG> (Thumb, 6 bytes, Stack size 0 bytes, port.o(.emb_text))
<BR><BR>[Called By]<UL><LI><a href="#[19a]">&gt;&gt;</a>&nbsp;&nbsp;&nbsp;xQueueGiveFromISR
<LI><a href="#[5]">&gt;&gt;</a>&nbsp;&nbsp;&nbsp;SysTick_Handler
<LI><a href="#[1b9]">&gt;&gt;</a>&nbsp;&nbsp;&nbsp;xQueueReceiveFromISR
</UL>

<P><STRONG><a name="[4]"></a>PendSV_Handler</STRONG> (Thumb, 62 bytes, Stack size 0 bytes, port.o(.emb_text))
<BR><BR>[Calls]<UL><LI><a href="#[40]">&gt;&gt;</a>&nbsp;&nbsp;&nbsp;vTaskSwitchContext
</UL>
<BR>[Address Reference Count : 1]<UL><LI> startup_ht502x.o(RESET)
</UL>
<P><STRONG><a name="[0]"></a>Reset_Handler</STRONG> (Thumb, 8 bytes, Stack size 0 bytes, startup_ht502x.o(.text))
<BR>[Address Reference Count : 1]<UL><LI> startup_ht502x.o(RESET)
</UL>
<P><STRONG><a name="[1]"></a>NMI_Handler</STRONG> (Thumb, 2 bytes, Stack size 0 bytes, startup_ht502x.o(.text))
<BR><BR>[Calls]<UL><LI><a href="#[1]">&gt;&gt;</a>&nbsp;&nbsp;&nbsp;NMI_Handler
</UL>
<BR>[Called By]<UL><LI><a href="#[1]">&gt;&gt;</a>&nbsp;&nbsp;&nbsp;NMI_Handler
</UL>
<BR>[Address Reference Count : 1]<UL><LI> startup_ht502x.o(RESET)
</UL>
<P><STRONG><a name="[20]"></a>DMA_IRQHandler</STRONG> (Thumb, 0 bytes, Stack size 0 bytes, startup_ht502x.o(.text))
<BR><BR>[Calls]<UL><LI><a href="#[20]">&gt;&gt;</a>&nbsp;&nbsp;&nbsp;DMA_IRQHandler
</UL>
<BR>[Called By]<UL><LI><a href="#[20]">&gt;&gt;</a>&nbsp;&nbsp;&nbsp;DMA_IRQHandler
</UL>
<BR>[Address Reference Count : 1]<UL><LI> startup_ht502x.o(RESET)
</UL>
<P><STRONG><a name="[1f]"></a>EMU_IRQHandler</STRONG> (Thumb, 0 bytes, Stack size 0 bytes, startup_ht502x.o(.text))
<BR>[Address Reference Count : 1]<UL><LI> startup_ht502x.o(RESET)
</UL>
<P><STRONG><a name="[22]"></a>EXTI7_IRQHandler</STRONG> (Thumb, 0 bytes, Stack size 0 bytes, startup_ht502x.o(.text))
<BR>[Address Reference Count : 1]<UL><LI> startup_ht502x.o(RESET)
</UL>
<P><STRONG><a name="[23]"></a>EXTI8_IRQHandler</STRONG> (Thumb, 0 bytes, Stack size 0 bytes, startup_ht502x.o(.text))
<BR>[Address Reference Count : 1]<UL><LI> startup_ht502x.o(RESET)
</UL>
<P><STRONG><a name="[24]"></a>EXTI9_IRQHandler</STRONG> (Thumb, 0 bytes, Stack size 0 bytes, startup_ht502x.o(.text))
<BR>[Address Reference Count : 1]<UL><LI> startup_ht502x.o(RESET)
</UL>
<P><STRONG><a name="[21]"></a>KEY_IRQHandler</STRONG> (Thumb, 0 bytes, Stack size 0 bytes, startup_ht502x.o(.text))
<BR>[Address Reference Count : 1]<UL><LI> startup_ht502x.o(RESET)
</UL>
<P><STRONG><a name="[1e]"></a>SelfTestF_IRQHandler</STRONG> (Thumb, 0 bytes, Stack size 0 bytes, startup_ht502x.o(.text))
<BR>[Address Reference Count : 1]<UL><LI> startup_ht502x.o(RESET)
</UL>
<P><STRONG><a name="[1f2]"></a>__aeabi_uidiv</STRONG> (Thumb, 0 bytes, Stack size 12 bytes, uidiv.o(.text), UNUSED)

<P><STRONG><a name="[42]"></a>__aeabi_uidivmod</STRONG> (Thumb, 44 bytes, Stack size 12 bytes, uidiv.o(.text))
<BR><BR>[Stack]<UL><LI>Max Depth = 12<LI>Call Chain = __aeabi_uidivmod
</UL>
<BR>[Called By]<UL><LI><a href="#[17b]">&gt;&gt;</a>&nbsp;&nbsp;&nbsp;SendStartChargingNotice
<LI><a href="#[e6]">&gt;&gt;</a>&nbsp;&nbsp;&nbsp;ChargingProc
<LI><a href="#[e2]">&gt;&gt;</a>&nbsp;&nbsp;&nbsp;ChargingCtrlProc
<LI><a href="#[14e]">&gt;&gt;</a>&nbsp;&nbsp;&nbsp;Pcd_SetTimer
<LI><a href="#[e4]">&gt;&gt;</a>&nbsp;&nbsp;&nbsp;GunChargingProc
<LI><a href="#[d2]">&gt;&gt;</a>&nbsp;&nbsp;&nbsp;SpeechCardBalance
<LI><a href="#[73]">&gt;&gt;</a>&nbsp;&nbsp;&nbsp;BTRF2_4gStartCharging
<LI><a href="#[db]">&gt;&gt;</a>&nbsp;&nbsp;&nbsp;StartChargingAckProc_24G
<LI><a href="#[da]">&gt;&gt;</a>&nbsp;&nbsp;&nbsp;SendCardAuthReq_24G
<LI><a href="#[12b]">&gt;&gt;</a>&nbsp;&nbsp;&nbsp;FWUpgradeNotiProc_BTRF2_4G
<LI><a href="#[140]">&gt;&gt;</a>&nbsp;&nbsp;&nbsp;HT_UART_Init
<LI><a href="#[de]">&gt;&gt;</a>&nbsp;&nbsp;&nbsp;CardBalanceSpeech
<LI><a href="#[1ac]">&gt;&gt;</a>&nbsp;&nbsp;&nbsp;_printf_core
<LI><a href="#[41]">&gt;&gt;</a>&nbsp;&nbsp;&nbsp;__aeabi_idivmod
<LI><a href="#[47]">&gt;&gt;</a>&nbsp;&nbsp;&nbsp;_localtime
</UL>

<P><STRONG><a name="[1f3]"></a>__aeabi_idiv</STRONG> (Thumb, 0 bytes, Stack size 16 bytes, idiv.o(.text), UNUSED)

<P><STRONG><a name="[41]"></a>__aeabi_idivmod</STRONG> (Thumb, 40 bytes, Stack size 16 bytes, idiv.o(.text))
<BR><BR>[Stack]<UL><LI>Max Depth = 28<LI>Call Chain = __aeabi_idivmod &rArr; __aeabi_uidivmod
</UL>
<BR>[Calls]<UL><LI><a href="#[42]">&gt;&gt;</a>&nbsp;&nbsp;&nbsp;__aeabi_uidivmod
</UL>
<BR>[Called By]<UL><LI><a href="#[e6]">&gt;&gt;</a>&nbsp;&nbsp;&nbsp;ChargingProc
<LI><a href="#[e2]">&gt;&gt;</a>&nbsp;&nbsp;&nbsp;ChargingCtrlProc
<LI><a href="#[15a]">&gt;&gt;</a>&nbsp;&nbsp;&nbsp;SaveOrderReport
<LI><a href="#[138]">&gt;&gt;</a>&nbsp;&nbsp;&nbsp;GetChargingTime
<LI><a href="#[177]">&gt;&gt;</a>&nbsp;&nbsp;&nbsp;TempNotice
<LI><a href="#[aa]">&gt;&gt;</a>&nbsp;&nbsp;&nbsp;SpeechChargeing
<LI><a href="#[ce]">&gt;&gt;</a>&nbsp;&nbsp;&nbsp;OptFailNotice
<LI><a href="#[73]">&gt;&gt;</a>&nbsp;&nbsp;&nbsp;BTRF2_4gStartCharging
<LI><a href="#[d3]">&gt;&gt;</a>&nbsp;&nbsp;&nbsp;SpeechSelectGun
<LI><a href="#[121]">&gt;&gt;</a>&nbsp;&nbsp;&nbsp;FWDownLoadProc_BTRF2_4G
<LI><a href="#[46]">&gt;&gt;</a>&nbsp;&nbsp;&nbsp;mktime
</UL>

<P><STRONG><a name="[43]"></a>__aeabi_uldivmod</STRONG> (Thumb, 96 bytes, Stack size 48 bytes, uldiv.o(.text))
<BR><BR>[Stack]<UL><LI>Max Depth = 56<LI>Call Chain = __aeabi_uldivmod &rArr; __aeabi_llsl
</UL>
<BR>[Calls]<UL><LI><a href="#[45]">&gt;&gt;</a>&nbsp;&nbsp;&nbsp;__aeabi_llsl
<LI><a href="#[44]">&gt;&gt;</a>&nbsp;&nbsp;&nbsp;__aeabi_llsr
</UL>
<BR>[Called By]<UL><LI><a href="#[c8]">&gt;&gt;</a>&nbsp;&nbsp;&nbsp;CalcuElec
<LI><a href="#[1ac]">&gt;&gt;</a>&nbsp;&nbsp;&nbsp;_printf_core
<LI><a href="#[1ae]">&gt;&gt;</a>&nbsp;&nbsp;&nbsp;_fp_digits
</UL>

<P><STRONG><a name="[46]"></a>mktime</STRONG> (Thumb, 124 bytes, Stack size 16 bytes, mktime.o(.text))
<BR><BR>[Stack]<UL><LI>Max Depth = 44<LI>Call Chain = mktime &rArr; __aeabi_idivmod &rArr; __aeabi_uidivmod
</UL>
<BR>[Calls]<UL><LI><a href="#[41]">&gt;&gt;</a>&nbsp;&nbsp;&nbsp;__aeabi_idivmod
<LI><a href="#[47]">&gt;&gt;</a>&nbsp;&nbsp;&nbsp;_localtime
</UL>
<BR>[Called By]<UL><LI><a href="#[109]">&gt;&gt;</a>&nbsp;&nbsp;&nbsp;GetTimeStamp
</UL>

<P><STRONG><a name="[75]"></a>__aeabi_memcpy</STRONG> (Thumb, 36 bytes, Stack size 0 bytes, memcpya.o(.text))
<BR><BR>[Called By]<UL><LI><a href="#[101]">&gt;&gt;</a>&nbsp;&nbsp;&nbsp;DebugPktProc
<LI><a href="#[154]">&gt;&gt;</a>&nbsp;&nbsp;&nbsp;PackSendOuterBT24GData
<LI><a href="#[17d]">&gt;&gt;</a>&nbsp;&nbsp;&nbsp;SendTestPktAck
<LI><a href="#[17a]">&gt;&gt;</a>&nbsp;&nbsp;&nbsp;SendOrderReportNotice_BTRF2_4G
<LI><a href="#[e0]">&gt;&gt;</a>&nbsp;&nbsp;&nbsp;ReadFlashInfoData
<LI><a href="#[15a]">&gt;&gt;</a>&nbsp;&nbsp;&nbsp;SaveOrderReport
<LI><a href="#[193]">&gt;&gt;</a>&nbsp;&nbsp;&nbsp;TypeA_Anticollision
<LI><a href="#[93]">&gt;&gt;</a>&nbsp;&nbsp;&nbsp;ShakeReqProc
<LI><a href="#[9c]">&gt;&gt;</a>&nbsp;&nbsp;&nbsp;BlueToothSet2_4gAddr
<LI><a href="#[95]">&gt;&gt;</a>&nbsp;&nbsp;&nbsp;BlueStopCharging
<LI><a href="#[94]">&gt;&gt;</a>&nbsp;&nbsp;&nbsp;BlueStartCharging
<LI><a href="#[a6]">&gt;&gt;</a>&nbsp;&nbsp;&nbsp;BlueSendStartChargingAck
<LI><a href="#[9b]">&gt;&gt;</a>&nbsp;&nbsp;&nbsp;BlueReqBreak
<LI><a href="#[8f]">&gt;&gt;</a>&nbsp;&nbsp;&nbsp;BlueFWUpgradeNotice
<LI><a href="#[8c]">&gt;&gt;</a>&nbsp;&nbsp;&nbsp;BlueFWDownLoad
<LI><a href="#[89]">&gt;&gt;</a>&nbsp;&nbsp;&nbsp;BlueCostTemplateUpload
<LI><a href="#[73]">&gt;&gt;</a>&nbsp;&nbsp;&nbsp;BTRF2_4gStartCharging
<LI><a href="#[187]">&gt;&gt;</a>&nbsp;&nbsp;&nbsp;StartChargingProc_BTRF2_4G
<LI><a href="#[17c]">&gt;&gt;</a>&nbsp;&nbsp;&nbsp;SendStartChargingNoticeBTRF_24G
<LI><a href="#[da]">&gt;&gt;</a>&nbsp;&nbsp;&nbsp;SendCardAuthReq_24G
<LI><a href="#[15e]">&gt;&gt;</a>&nbsp;&nbsp;&nbsp;R6X6BindACK_BTRF2_4G
<LI><a href="#[103]">&gt;&gt;</a>&nbsp;&nbsp;&nbsp;CostTemplateProc_BTRF2_4G
<LI><a href="#[cf]">&gt;&gt;</a>&nbsp;&nbsp;&nbsp;CardAuthResult_BTRF2_4G
<LI><a href="#[7b]">&gt;&gt;</a>&nbsp;&nbsp;&nbsp;BlueCheckRes
<LI><a href="#[1c8]">&gt;&gt;</a>&nbsp;&nbsp;&nbsp;prvCopyDataToQueue
<LI><a href="#[1c7]">&gt;&gt;</a>&nbsp;&nbsp;&nbsp;prvCopyDataFromQueue
</UL>

<P><STRONG><a name="[67]"></a>__aeabi_memcpy4</STRONG> (Thumb, 0 bytes, Stack size 0 bytes, memcpya.o(.text))
<BR><BR>[Called By]<UL><LI><a href="#[66]">&gt;&gt;</a>&nbsp;&nbsp;&nbsp;BCDToString
<LI><a href="#[193]">&gt;&gt;</a>&nbsp;&nbsp;&nbsp;TypeA_Anticollision
</UL>

<P><STRONG><a name="[1f4]"></a>__aeabi_memcpy8</STRONG> (Thumb, 0 bytes, Stack size 0 bytes, memcpya.o(.text), UNUSED)

<P><STRONG><a name="[49]"></a>__aeabi_memset</STRONG> (Thumb, 14 bytes, Stack size 0 bytes, memseta.o(.text))
<BR><BR>[Called By]<UL><LI><a href="#[1bd]">&gt;&gt;</a>&nbsp;&nbsp;&nbsp;prvAllocateTCBAndStack
<LI><a href="#[4a]">&gt;&gt;</a>&nbsp;&nbsp;&nbsp;_memset$wrapper
<LI><a href="#[48]">&gt;&gt;</a>&nbsp;&nbsp;&nbsp;__aeabi_memclr
</UL>

<P><STRONG><a name="[1f5]"></a>__aeabi_memset4</STRONG> (Thumb, 0 bytes, Stack size 0 bytes, memseta.o(.text), UNUSED)

<P><STRONG><a name="[1f6]"></a>__aeabi_memset8</STRONG> (Thumb, 0 bytes, Stack size 0 bytes, memseta.o(.text), UNUSED)

<P><STRONG><a name="[48]"></a>__aeabi_memclr</STRONG> (Thumb, 4 bytes, Stack size 0 bytes, memseta.o(.text))
<BR><BR>[Calls]<UL><LI><a href="#[49]">&gt;&gt;</a>&nbsp;&nbsp;&nbsp;__aeabi_memset
</UL>
<BR>[Called By]<UL><LI><a href="#[e0]">&gt;&gt;</a>&nbsp;&nbsp;&nbsp;ReadFlashInfoData
<LI><a href="#[18e]">&gt;&gt;</a>&nbsp;&nbsp;&nbsp;System_Init
<LI><a href="#[14c]">&gt;&gt;</a>&nbsp;&nbsp;&nbsp;LoadSysCfgInfo
<LI><a href="#[193]">&gt;&gt;</a>&nbsp;&nbsp;&nbsp;TypeA_Anticollision
<LI><a href="#[93]">&gt;&gt;</a>&nbsp;&nbsp;&nbsp;ShakeReqProc
<LI><a href="#[90]">&gt;&gt;</a>&nbsp;&nbsp;&nbsp;Upgrade_Init
<LI><a href="#[73]">&gt;&gt;</a>&nbsp;&nbsp;&nbsp;BTRF2_4gStartCharging
<LI><a href="#[da]">&gt;&gt;</a>&nbsp;&nbsp;&nbsp;SendCardAuthReq_24G
<LI><a href="#[7b]">&gt;&gt;</a>&nbsp;&nbsp;&nbsp;BlueCheckRes
</UL>

<P><STRONG><a name="[7f]"></a>__aeabi_memclr4</STRONG> (Thumb, 0 bytes, Stack size 0 bytes, memseta.o(.text))
<BR><BR>[Called By]<UL><LI><a href="#[bd]">&gt;&gt;</a>&nbsp;&nbsp;&nbsp;RecvBtData
<LI><a href="#[a2]">&gt;&gt;</a>&nbsp;&nbsp;&nbsp;BlueSendHeartBeat
<LI><a href="#[6a]">&gt;&gt;</a>&nbsp;&nbsp;&nbsp;SimuartInit
<LI><a href="#[17d]">&gt;&gt;</a>&nbsp;&nbsp;&nbsp;SendTestPktAck
<LI><a href="#[17a]">&gt;&gt;</a>&nbsp;&nbsp;&nbsp;SendOrderReportNotice_BTRF2_4G
<LI><a href="#[18e]">&gt;&gt;</a>&nbsp;&nbsp;&nbsp;System_Init
<LI><a href="#[145]">&gt;&gt;</a>&nbsp;&nbsp;&nbsp;SendOrderReport
<LI><a href="#[ee]">&gt;&gt;</a>&nbsp;&nbsp;&nbsp;Check_M1_Card
<LI><a href="#[109]">&gt;&gt;</a>&nbsp;&nbsp;&nbsp;GetTimeStamp
<LI><a href="#[9d]">&gt;&gt;</a>&nbsp;&nbsp;&nbsp;SetBluePair
<LI><a href="#[95]">&gt;&gt;</a>&nbsp;&nbsp;&nbsp;BlueStopCharging
<LI><a href="#[a6]">&gt;&gt;</a>&nbsp;&nbsp;&nbsp;BlueSendStartChargingAck
<LI><a href="#[9b]">&gt;&gt;</a>&nbsp;&nbsp;&nbsp;BlueReqBreak
<LI><a href="#[8f]">&gt;&gt;</a>&nbsp;&nbsp;&nbsp;BlueFWUpgradeNotice
<LI><a href="#[8c]">&gt;&gt;</a>&nbsp;&nbsp;&nbsp;BlueFWDownLoad
<LI><a href="#[89]">&gt;&gt;</a>&nbsp;&nbsp;&nbsp;BlueCostTemplateUpload
<LI><a href="#[143]">&gt;&gt;</a>&nbsp;&nbsp;&nbsp;X6ToR6HeartBatACK_BTRF2_4G
<LI><a href="#[188]">&gt;&gt;</a>&nbsp;&nbsp;&nbsp;StopChargingAckBTRF2_4G
<LI><a href="#[db]">&gt;&gt;</a>&nbsp;&nbsp;&nbsp;StartChargingAckProc_24G
<LI><a href="#[17c]">&gt;&gt;</a>&nbsp;&nbsp;&nbsp;SendStartChargingNoticeBTRF_24G
<LI><a href="#[144]">&gt;&gt;</a>&nbsp;&nbsp;&nbsp;SendReqCostTemplate_BTRF2_4G
<LI><a href="#[176]">&gt;&gt;</a>&nbsp;&nbsp;&nbsp;SendEventNotice_BTRF2_4G
<LI><a href="#[da]">&gt;&gt;</a>&nbsp;&nbsp;&nbsp;SendCardAuthReq_24G
<LI><a href="#[16b]">&gt;&gt;</a>&nbsp;&nbsp;&nbsp;RemoteCtrlAck_BTRF2_4G
<LI><a href="#[15e]">&gt;&gt;</a>&nbsp;&nbsp;&nbsp;R6X6BindACK_BTRF2_4G
<LI><a href="#[12c]">&gt;&gt;</a>&nbsp;&nbsp;&nbsp;FWUpgradeREQ_BTRF2_4G
<LI><a href="#[126]">&gt;&gt;</a>&nbsp;&nbsp;&nbsp;FWUpgradeAckProc_BTRF2_4G
<LI><a href="#[120]">&gt;&gt;</a>&nbsp;&nbsp;&nbsp;FWDownLoadAckBTRF2_4G
<LI><a href="#[102]">&gt;&gt;</a>&nbsp;&nbsp;&nbsp;CostTemplateAckBTRF2_4G
<LI><a href="#[ca]">&gt;&gt;</a>&nbsp;&nbsp;&nbsp;CardAuthAckResult_BTRF2_4G
<LI><a href="#[c1]">&gt;&gt;</a>&nbsp;&nbsp;&nbsp;UART4_Init
<LI><a href="#[b3]">&gt;&gt;</a>&nbsp;&nbsp;&nbsp;SetGateWay24GMacAddr
<LI><a href="#[b4]">&gt;&gt;</a>&nbsp;&nbsp;&nbsp;SetBlueName
<LI><a href="#[7b]">&gt;&gt;</a>&nbsp;&nbsp;&nbsp;BlueCheckRes
</UL>

<P><STRONG><a name="[1f7]"></a>__aeabi_memclr8</STRONG> (Thumb, 0 bytes, Stack size 0 bytes, memseta.o(.text), UNUSED)

<P><STRONG><a name="[4a]"></a>_memset$wrapper</STRONG> (Thumb, 18 bytes, Stack size 8 bytes, memseta.o(.text), UNUSED)
<BR><BR>[Calls]<UL><LI><a href="#[49]">&gt;&gt;</a>&nbsp;&nbsp;&nbsp;__aeabi_memset
</UL>

<P><STRONG><a name="[7e]"></a>strstr</STRONG> (Thumb, 40 bytes, Stack size 12 bytes, strstr.o(.text))
<BR><BR>[Stack]<UL><LI>Max Depth = 12<LI>Call Chain = strstr
</UL>
<BR>[Called By]<UL><LI><a href="#[7b]">&gt;&gt;</a>&nbsp;&nbsp;&nbsp;BlueCheckRes
</UL>

<P><STRONG><a name="[80]"></a>strlen</STRONG> (Thumb, 14 bytes, Stack size 0 bytes, strlen.o(.text))
<BR><BR>[Called By]<UL><LI><a href="#[83]">&gt;&gt;</a>&nbsp;&nbsp;&nbsp;StringToBCD
<LI><a href="#[9e]">&gt;&gt;</a>&nbsp;&nbsp;&nbsp;BlueSendCmd
<LI><a href="#[7b]">&gt;&gt;</a>&nbsp;&nbsp;&nbsp;BlueCheckRes
</UL>

<P><STRONG><a name="[a9]"></a>memcmp</STRONG> (Thumb, 26 bytes, Stack size 12 bytes, memcmp.o(.text))
<BR><BR>[Stack]<UL><LI>Max Depth = 12<LI>Call Chain = memcmp
</UL>
<BR>[Called By]<UL><LI><a href="#[8d]">&gt;&gt;</a>&nbsp;&nbsp;&nbsp;COM_Upgrade_Write
<LI><a href="#[9c]">&gt;&gt;</a>&nbsp;&nbsp;&nbsp;BlueToothSet2_4gAddr
<LI><a href="#[94]">&gt;&gt;</a>&nbsp;&nbsp;&nbsp;BlueStartCharging
<LI><a href="#[187]">&gt;&gt;</a>&nbsp;&nbsp;&nbsp;StartChargingProc_BTRF2_4G
<LI><a href="#[37]">&gt;&gt;</a>&nbsp;&nbsp;&nbsp;BuleSetName
<LI><a href="#[3b]">&gt;&gt;</a>&nbsp;&nbsp;&nbsp;BuleSetGWMac
</UL>

<P><STRONG><a name="[81]"></a>strcpy</STRONG> (Thumb, 18 bytes, Stack size 0 bytes, strcpy.o(.text))
<BR><BR>[Called By]<UL><LI><a href="#[7b]">&gt;&gt;</a>&nbsp;&nbsp;&nbsp;BlueCheckRes
</UL>

<P><STRONG><a name="[77]"></a>__aeabi_uread4</STRONG> (Thumb, 20 bytes, Stack size 0 bytes, uread4.o(.text))
<BR><BR>[Called By]<UL><LI><a href="#[17b]">&gt;&gt;</a>&nbsp;&nbsp;&nbsp;SendStartChargingNotice
<LI><a href="#[e6]">&gt;&gt;</a>&nbsp;&nbsp;&nbsp;ChargingProc
<LI><a href="#[e2]">&gt;&gt;</a>&nbsp;&nbsp;&nbsp;ChargingCtrlProc
<LI><a href="#[31]">&gt;&gt;</a>&nbsp;&nbsp;&nbsp;CardAuthTask
<LI><a href="#[14d]">&gt;&gt;</a>&nbsp;&nbsp;&nbsp;SysCfgInit
<LI><a href="#[145]">&gt;&gt;</a>&nbsp;&nbsp;&nbsp;SendOrderReport
<LI><a href="#[15a]">&gt;&gt;</a>&nbsp;&nbsp;&nbsp;SaveOrderReport
<LI><a href="#[14c]">&gt;&gt;</a>&nbsp;&nbsp;&nbsp;LoadSysCfgInfo
<LI><a href="#[e4]">&gt;&gt;</a>&nbsp;&nbsp;&nbsp;GunChargingProc
<LI><a href="#[c3]">&gt;&gt;</a>&nbsp;&nbsp;&nbsp;COM_UpgradeNotiProc_BTRF2_4G
<LI><a href="#[8d]">&gt;&gt;</a>&nbsp;&nbsp;&nbsp;COM_Upgrade_Write
<LI><a href="#[93]">&gt;&gt;</a>&nbsp;&nbsp;&nbsp;ShakeReqProc
<LI><a href="#[95]">&gt;&gt;</a>&nbsp;&nbsp;&nbsp;BlueStopCharging
<LI><a href="#[94]">&gt;&gt;</a>&nbsp;&nbsp;&nbsp;BlueStartCharging
<LI><a href="#[a6]">&gt;&gt;</a>&nbsp;&nbsp;&nbsp;BlueSendStartChargingAck
<LI><a href="#[96]">&gt;&gt;</a>&nbsp;&nbsp;&nbsp;BlueSendHeartBeatACK
<LI><a href="#[97]">&gt;&gt;</a>&nbsp;&nbsp;&nbsp;BlueReqCostTemlteProc
<LI><a href="#[8f]">&gt;&gt;</a>&nbsp;&nbsp;&nbsp;BlueFWUpgradeNotice
<LI><a href="#[89]">&gt;&gt;</a>&nbsp;&nbsp;&nbsp;BlueCostTemplateUpload
<LI><a href="#[c7]">&gt;&gt;</a>&nbsp;&nbsp;&nbsp;Upgrade_Write
<LI><a href="#[90]">&gt;&gt;</a>&nbsp;&nbsp;&nbsp;Upgrade_Init
<LI><a href="#[a7]">&gt;&gt;</a>&nbsp;&nbsp;&nbsp;GetHistoryOrderNum
<LI><a href="#[73]">&gt;&gt;</a>&nbsp;&nbsp;&nbsp;BTRF2_4gStartCharging
<LI><a href="#[dc]">&gt;&gt;</a>&nbsp;&nbsp;&nbsp;isStartChargingBTRF2_4G
<LI><a href="#[146]">&gt;&gt;</a>&nbsp;&nbsp;&nbsp;SendHeartBat_BTRF2_4G
<LI><a href="#[16d]">&gt;&gt;</a>&nbsp;&nbsp;&nbsp;RemoteCtrlProc_BTRF2_4G
<LI><a href="#[15f]">&gt;&gt;</a>&nbsp;&nbsp;&nbsp;R6X6BindREQ_BTRF2_4G
<LI><a href="#[15c]">&gt;&gt;</a>&nbsp;&nbsp;&nbsp;R6ToX6StopChargingAckBTRF2_4G
<LI><a href="#[142]">&gt;&gt;</a>&nbsp;&nbsp;&nbsp;HeartBatACK_BTRF2_4G
<LI><a href="#[12c]">&gt;&gt;</a>&nbsp;&nbsp;&nbsp;FWUpgradeREQ_BTRF2_4G
<LI><a href="#[12b]">&gt;&gt;</a>&nbsp;&nbsp;&nbsp;FWUpgradeNotiProc_BTRF2_4G
<LI><a href="#[121]">&gt;&gt;</a>&nbsp;&nbsp;&nbsp;FWDownLoadProc_BTRF2_4G
<LI><a href="#[103]">&gt;&gt;</a>&nbsp;&nbsp;&nbsp;CostTemplateProc_BTRF2_4G
<LI><a href="#[cf]">&gt;&gt;</a>&nbsp;&nbsp;&nbsp;CardAuthResult_BTRF2_4G
<LI><a href="#[1aa]">&gt;&gt;</a>&nbsp;&nbsp;&nbsp;Upgrade_FlashCheck
<LI><a href="#[1a8]">&gt;&gt;</a>&nbsp;&nbsp;&nbsp;UpgradeFlashErasePage
</UL>

<P><STRONG><a name="[1f8]"></a>__rt_uread4</STRONG> (Thumb, 0 bytes, Stack size 0 bytes, uread4.o(.text), UNUSED)

<P><STRONG><a name="[1f9]"></a>_uread4</STRONG> (Thumb, 0 bytes, Stack size 0 bytes, uread4.o(.text), UNUSED)

<P><STRONG><a name="[76]"></a>__aeabi_uwrite4</STRONG> (Thumb, 18 bytes, Stack size 0 bytes, uwrite4.o(.text))
<BR><BR>[Called By]<UL><LI><a href="#[137]">&gt;&gt;</a>&nbsp;&nbsp;&nbsp;FuseholderStatusProc
<LI><a href="#[e2]">&gt;&gt;</a>&nbsp;&nbsp;&nbsp;ChargingCtrlProc
<LI><a href="#[145]">&gt;&gt;</a>&nbsp;&nbsp;&nbsp;SendOrderReport
<LI><a href="#[15a]">&gt;&gt;</a>&nbsp;&nbsp;&nbsp;SaveOrderReport
<LI><a href="#[14c]">&gt;&gt;</a>&nbsp;&nbsp;&nbsp;LoadSysCfgInfo
<LI><a href="#[e4]">&gt;&gt;</a>&nbsp;&nbsp;&nbsp;GunChargingProc
<LI><a href="#[8d]">&gt;&gt;</a>&nbsp;&nbsp;&nbsp;COM_Upgrade_Write
<LI><a href="#[9c]">&gt;&gt;</a>&nbsp;&nbsp;&nbsp;BlueToothSet2_4gAddr
<LI><a href="#[95]">&gt;&gt;</a>&nbsp;&nbsp;&nbsp;BlueStopCharging
<LI><a href="#[94]">&gt;&gt;</a>&nbsp;&nbsp;&nbsp;BlueStartCharging
<LI><a href="#[a6]">&gt;&gt;</a>&nbsp;&nbsp;&nbsp;BlueSendStartChargingAck
<LI><a href="#[89]">&gt;&gt;</a>&nbsp;&nbsp;&nbsp;BlueCostTemplateUpload
<LI><a href="#[c7]">&gt;&gt;</a>&nbsp;&nbsp;&nbsp;Upgrade_Write
<LI><a href="#[90]">&gt;&gt;</a>&nbsp;&nbsp;&nbsp;Upgrade_Init
<LI><a href="#[a7]">&gt;&gt;</a>&nbsp;&nbsp;&nbsp;GetHistoryOrderNum
<LI><a href="#[73]">&gt;&gt;</a>&nbsp;&nbsp;&nbsp;BTRF2_4gStartCharging
<LI><a href="#[187]">&gt;&gt;</a>&nbsp;&nbsp;&nbsp;StartChargingProc_BTRF2_4G
<LI><a href="#[17c]">&gt;&gt;</a>&nbsp;&nbsp;&nbsp;SendStartChargingNoticeBTRF_24G
<LI><a href="#[176]">&gt;&gt;</a>&nbsp;&nbsp;&nbsp;SendEventNotice_BTRF2_4G
<LI><a href="#[da]">&gt;&gt;</a>&nbsp;&nbsp;&nbsp;SendCardAuthReq_24G
<LI><a href="#[15c]">&gt;&gt;</a>&nbsp;&nbsp;&nbsp;R6ToX6StopChargingAckBTRF2_4G
<LI><a href="#[12c]">&gt;&gt;</a>&nbsp;&nbsp;&nbsp;FWUpgradeREQ_BTRF2_4G
<LI><a href="#[121]">&gt;&gt;</a>&nbsp;&nbsp;&nbsp;FWDownLoadProc_BTRF2_4G
<LI><a href="#[103]">&gt;&gt;</a>&nbsp;&nbsp;&nbsp;CostTemplateProc_BTRF2_4G
<LI><a href="#[cf]">&gt;&gt;</a>&nbsp;&nbsp;&nbsp;CardAuthResult_BTRF2_4G
</UL>

<P><STRONG><a name="[1fa]"></a>__rt_uwrite4</STRONG> (Thumb, 0 bytes, Stack size 0 bytes, uwrite4.o(.text), UNUSED)

<P><STRONG><a name="[1fb]"></a>_uwrite4</STRONG> (Thumb, 0 bytes, Stack size 0 bytes, uwrite4.o(.text), UNUSED)

<P><STRONG><a name="[4b]"></a>__0sscanf</STRONG> (Thumb, 50 bytes, Stack size 72 bytes, __0sscanf.o(.text))
<BR><BR>[Stack]<UL><LI>Max Depth = 208<LI>Call Chain = __0sscanf &rArr; __vfscanf_char &rArr; __vfscanf &rArr; _scanf_string
</UL>
<BR>[Calls]<UL><LI><a href="#[4c]">&gt;&gt;</a>&nbsp;&nbsp;&nbsp;__vfscanf_char
</UL>
<BR>[Called By]<UL><LI><a href="#[7b]">&gt;&gt;</a>&nbsp;&nbsp;&nbsp;BlueCheckRes
</UL>

<P><STRONG><a name="[4d]"></a>_scanf_int</STRONG> (Thumb, 330 bytes, Stack size 48 bytes, _scanf_int.o(.text))
<BR><BR>[Stack]<UL><LI>Max Depth = 48<LI>Call Chain = _scanf_int
</UL>
<BR>[Calls]<UL><LI><a href="#[4e]">&gt;&gt;</a>&nbsp;&nbsp;&nbsp;_chval
</UL>
<BR>[Called By]<UL><LI><a href="#[5d]">&gt;&gt;</a>&nbsp;&nbsp;&nbsp;__vfscanf
</UL>

<P><STRONG><a name="[65]"></a>_scanf_string</STRONG> (Thumb, 232 bytes, Stack size 48 bytes, _scanf_str.o(.text))
<BR><BR>[Stack]<UL><LI>Max Depth = 48<LI>Call Chain = _scanf_string
</UL>
<BR>[Called By]<UL><LI><a href="#[5d]">&gt;&gt;</a>&nbsp;&nbsp;&nbsp;__vfscanf
</UL>

<P><STRONG><a name="[167]"></a>__aeabi_fmul</STRONG> (Thumb, 122 bytes, Stack size 16 bytes, fmul.o(.text))
<BR><BR>[Stack]<UL><LI>Max Depth = 16<LI>Call Chain = __aeabi_fmul
</UL>
<BR>[Called By]<UL><LI><a href="#[165]">&gt;&gt;</a>&nbsp;&nbsp;&nbsp;ReadRMSU
<LI><a href="#[163]">&gt;&gt;</a>&nbsp;&nbsp;&nbsp;ReadRMSI
<LI><a href="#[164]">&gt;&gt;</a>&nbsp;&nbsp;&nbsp;ReadPower
</UL>

<P><STRONG><a name="[4f]"></a>__aeabi_fdiv</STRONG> (Thumb, 124 bytes, Stack size 16 bytes, fdiv.o(.text))
<BR><BR>[Stack]<UL><LI>Max Depth = 16<LI>Call Chain = __aeabi_fdiv
</UL>
<BR>[Calls]<UL><LI><a href="#[50]">&gt;&gt;</a>&nbsp;&nbsp;&nbsp;_float_round
</UL>
<BR>[Called By]<UL><LI><a href="#[2e]">&gt;&gt;</a>&nbsp;&nbsp;&nbsp;vMainTask
</UL>

<P><STRONG><a name="[51]"></a>__aeabi_dadd</STRONG> (Thumb, 328 bytes, Stack size 48 bytes, dadd.o(.text))
<BR><BR>[Stack]<UL><LI>Max Depth = 104<LI>Call Chain = __aeabi_dadd &rArr; _double_epilogue &rArr; __aeabi_llsl
</UL>
<BR>[Calls]<UL><LI><a href="#[45]">&gt;&gt;</a>&nbsp;&nbsp;&nbsp;__aeabi_llsl
<LI><a href="#[54]">&gt;&gt;</a>&nbsp;&nbsp;&nbsp;_double_round
<LI><a href="#[53]">&gt;&gt;</a>&nbsp;&nbsp;&nbsp;_double_epilogue
<LI><a href="#[52]">&gt;&gt;</a>&nbsp;&nbsp;&nbsp;__aeabi_lasr
</UL>
<BR>[Called By]<UL><LI><a href="#[56]">&gt;&gt;</a>&nbsp;&nbsp;&nbsp;__aeabi_drsub
<LI><a href="#[55]">&gt;&gt;</a>&nbsp;&nbsp;&nbsp;__aeabi_dsub
<LI><a href="#[1ae]">&gt;&gt;</a>&nbsp;&nbsp;&nbsp;_fp_digits
</UL>

<P><STRONG><a name="[55]"></a>__aeabi_dsub</STRONG> (Thumb, 12 bytes, Stack size 8 bytes, dadd.o(.text), UNUSED)
<BR><BR>[Calls]<UL><LI><a href="#[51]">&gt;&gt;</a>&nbsp;&nbsp;&nbsp;__aeabi_dadd
</UL>

<P><STRONG><a name="[56]"></a>__aeabi_drsub</STRONG> (Thumb, 12 bytes, Stack size 8 bytes, dadd.o(.text))
<BR><BR>[Stack]<UL><LI>Max Depth = 112<LI>Call Chain = __aeabi_drsub &rArr; __aeabi_dadd &rArr; _double_epilogue &rArr; __aeabi_llsl
</UL>
<BR>[Calls]<UL><LI><a href="#[51]">&gt;&gt;</a>&nbsp;&nbsp;&nbsp;__aeabi_dadd
</UL>
<BR>[Called By]<UL><LI><a href="#[a3]">&gt;&gt;</a>&nbsp;&nbsp;&nbsp;GetCpuTemp
</UL>

<P><STRONG><a name="[57]"></a>__aeabi_dmul</STRONG> (Thumb, 202 bytes, Stack size 72 bytes, dmul.o(.text))
<BR><BR>[Stack]<UL><LI>Max Depth = 128<LI>Call Chain = __aeabi_dmul &rArr; _double_epilogue &rArr; __aeabi_llsl
</UL>
<BR>[Calls]<UL><LI><a href="#[53]">&gt;&gt;</a>&nbsp;&nbsp;&nbsp;_double_epilogue
</UL>
<BR>[Called By]<UL><LI><a href="#[a3]">&gt;&gt;</a>&nbsp;&nbsp;&nbsp;GetCpuTemp
<LI><a href="#[1ae]">&gt;&gt;</a>&nbsp;&nbsp;&nbsp;_fp_digits
</UL>

<P><STRONG><a name="[58]"></a>__aeabi_ui2f</STRONG> (Thumb, 14 bytes, Stack size 8 bytes, ffltui.o(.text))
<BR><BR>[Stack]<UL><LI>Max Depth = 20<LI>Call Chain = __aeabi_ui2f &rArr; _float_epilogue
</UL>
<BR>[Calls]<UL><LI><a href="#[59]">&gt;&gt;</a>&nbsp;&nbsp;&nbsp;_float_epilogue
</UL>
<BR>[Called By]<UL><LI><a href="#[2e]">&gt;&gt;</a>&nbsp;&nbsp;&nbsp;vMainTask
<LI><a href="#[165]">&gt;&gt;</a>&nbsp;&nbsp;&nbsp;ReadRMSU
<LI><a href="#[163]">&gt;&gt;</a>&nbsp;&nbsp;&nbsp;ReadRMSI
<LI><a href="#[164]">&gt;&gt;</a>&nbsp;&nbsp;&nbsp;ReadPower
</UL>

<P><STRONG><a name="[5a]"></a>__aeabi_i2d</STRONG> (Thumb, 34 bytes, Stack size 16 bytes, dflti.o(.text))
<BR><BR>[Stack]<UL><LI>Max Depth = 72<LI>Call Chain = __aeabi_i2d &rArr; _double_epilogue &rArr; __aeabi_llsl
</UL>
<BR>[Calls]<UL><LI><a href="#[53]">&gt;&gt;</a>&nbsp;&nbsp;&nbsp;_double_epilogue
</UL>
<BR>[Called By]<UL><LI><a href="#[a3]">&gt;&gt;</a>&nbsp;&nbsp;&nbsp;GetCpuTemp
</UL>

<P><STRONG><a name="[168]"></a>__aeabi_f2uiz</STRONG> (Thumb, 40 bytes, Stack size 0 bytes, ffixui.o(.text))
<BR><BR>[Called By]<UL><LI><a href="#[165]">&gt;&gt;</a>&nbsp;&nbsp;&nbsp;ReadRMSU
<LI><a href="#[163]">&gt;&gt;</a>&nbsp;&nbsp;&nbsp;ReadRMSI
<LI><a href="#[164]">&gt;&gt;</a>&nbsp;&nbsp;&nbsp;ReadPower
</UL>

<P><STRONG><a name="[5b]"></a>__aeabi_d2iz</STRONG> (Thumb, 62 bytes, Stack size 16 bytes, dfixi.o(.text))
<BR><BR>[Stack]<UL><LI>Max Depth = 24<LI>Call Chain = __aeabi_d2iz &rArr; __aeabi_llsr
</UL>
<BR>[Calls]<UL><LI><a href="#[44]">&gt;&gt;</a>&nbsp;&nbsp;&nbsp;__aeabi_llsr
</UL>
<BR>[Called By]<UL><LI><a href="#[a3]">&gt;&gt;</a>&nbsp;&nbsp;&nbsp;GetCpuTemp
</UL>

<P><STRONG><a name="[1d6]"></a>__aeabi_f2d</STRONG> (Thumb, 40 bytes, Stack size 0 bytes, f2d.o(.text))
<BR><BR>[Called By]<UL><LI><a href="#[2e]">&gt;&gt;</a>&nbsp;&nbsp;&nbsp;vMainTask
</UL>

<P><STRONG><a name="[45]"></a>__aeabi_llsl</STRONG> (Thumb, 32 bytes, Stack size 8 bytes, llshl.o(.text))
<BR><BR>[Stack]<UL><LI>Max Depth = 8<LI>Call Chain = __aeabi_llsl
</UL>
<BR>[Called By]<UL><LI><a href="#[53]">&gt;&gt;</a>&nbsp;&nbsp;&nbsp;_double_epilogue
<LI><a href="#[51]">&gt;&gt;</a>&nbsp;&nbsp;&nbsp;__aeabi_dadd
<LI><a href="#[60]">&gt;&gt;</a>&nbsp;&nbsp;&nbsp;__aeabi_d2ulz
<LI><a href="#[43]">&gt;&gt;</a>&nbsp;&nbsp;&nbsp;__aeabi_uldivmod
</UL>

<P><STRONG><a name="[1fc]"></a>_ll_shift_l</STRONG> (Thumb, 0 bytes, Stack size 8 bytes, llshl.o(.text), UNUSED)

<P><STRONG><a name="[44]"></a>__aeabi_llsr</STRONG> (Thumb, 34 bytes, Stack size 8 bytes, llushr.o(.text))
<BR><BR>[Stack]<UL><LI>Max Depth = 8<LI>Call Chain = __aeabi_llsr
</UL>
<BR>[Called By]<UL><LI><a href="#[5b]">&gt;&gt;</a>&nbsp;&nbsp;&nbsp;__aeabi_d2iz
<LI><a href="#[53]">&gt;&gt;</a>&nbsp;&nbsp;&nbsp;_double_epilogue
<LI><a href="#[60]">&gt;&gt;</a>&nbsp;&nbsp;&nbsp;__aeabi_d2ulz
<LI><a href="#[43]">&gt;&gt;</a>&nbsp;&nbsp;&nbsp;__aeabi_uldivmod
</UL>

<P><STRONG><a name="[1fd]"></a>_ll_ushift_r</STRONG> (Thumb, 0 bytes, Stack size 8 bytes, llushr.o(.text), UNUSED)

<P><STRONG><a name="[52]"></a>__aeabi_lasr</STRONG> (Thumb, 38 bytes, Stack size 8 bytes, llsshr.o(.text))
<BR><BR>[Stack]<UL><LI>Max Depth = 8<LI>Call Chain = __aeabi_lasr
</UL>
<BR>[Called By]<UL><LI><a href="#[51]">&gt;&gt;</a>&nbsp;&nbsp;&nbsp;__aeabi_dadd
</UL>

<P><STRONG><a name="[1fe]"></a>_ll_sshift_r</STRONG> (Thumb, 0 bytes, Stack size 8 bytes, llsshr.o(.text), UNUSED)

<P><STRONG><a name="[5c]"></a>localtime</STRONG> (Thumb, 10 bytes, Stack size 8 bytes, localtime_w.o(.text))
<BR><BR>[Stack]<UL><LI>Max Depth = 36<LI>Call Chain = localtime &rArr; _localtime &rArr; __aeabi_uidivmod
</UL>
<BR>[Calls]<UL><LI><a href="#[47]">&gt;&gt;</a>&nbsp;&nbsp;&nbsp;_localtime
</UL>
<BR>[Called By]<UL><LI><a href="#[14b]">&gt;&gt;</a>&nbsp;&nbsp;&nbsp;LinuxTickToDay
</UL>

<P><STRONG><a name="[47]"></a>_localtime</STRONG> (Thumb, 104 bytes, Stack size 16 bytes, localtime_i.o(.text))
<BR><BR>[Stack]<UL><LI>Max Depth = 28<LI>Call Chain = _localtime &rArr; __aeabi_uidivmod
</UL>
<BR>[Calls]<UL><LI><a href="#[42]">&gt;&gt;</a>&nbsp;&nbsp;&nbsp;__aeabi_uidivmod
</UL>
<BR>[Called By]<UL><LI><a href="#[46]">&gt;&gt;</a>&nbsp;&nbsp;&nbsp;mktime
<LI><a href="#[5c]">&gt;&gt;</a>&nbsp;&nbsp;&nbsp;localtime
</UL>

<P><STRONG><a name="[4e]"></a>_chval</STRONG> (Thumb, 30 bytes, Stack size 0 bytes, _chval.o(.text))
<BR><BR>[Called By]<UL><LI><a href="#[4d]">&gt;&gt;</a>&nbsp;&nbsp;&nbsp;_scanf_int
</UL>

<P><STRONG><a name="[4c]"></a>__vfscanf_char</STRONG> (Thumb, 24 bytes, Stack size 8 bytes, scanf_char.o(.text))
<BR><BR>[Stack]<UL><LI>Max Depth = 136<LI>Call Chain = __vfscanf_char &rArr; __vfscanf &rArr; _scanf_string
</UL>
<BR>[Calls]<UL><LI><a href="#[5d]">&gt;&gt;</a>&nbsp;&nbsp;&nbsp;__vfscanf
</UL>
<BR>[Called By]<UL><LI><a href="#[4b]">&gt;&gt;</a>&nbsp;&nbsp;&nbsp;__0sscanf
</UL>

<P><STRONG><a name="[28]"></a>_sgetc</STRONG> (Thumb, 32 bytes, Stack size 0 bytes, _sgetc.o(.text))
<BR>[Address Reference Count : 1]<UL><LI> __0sscanf.o(.text)
</UL>
<P><STRONG><a name="[29]"></a>_sbackspace</STRONG> (Thumb, 36 bytes, Stack size 0 bytes, _sgetc.o(.text))
<BR>[Address Reference Count : 1]<UL><LI> __0sscanf.o(.text)
</UL>
<P><STRONG><a name="[1ff]"></a>__I$use$fp</STRONG> (Thumb, 0 bytes, Stack size 0 bytes, iusefp.o(.text), UNUSED)

<P><STRONG><a name="[50]"></a>_float_round</STRONG> (Thumb, 16 bytes, Stack size 0 bytes, fepilogue.o(.text))
<BR><BR>[Called By]<UL><LI><a href="#[4f]">&gt;&gt;</a>&nbsp;&nbsp;&nbsp;__aeabi_fdiv
</UL>

<P><STRONG><a name="[59]"></a>_float_epilogue</STRONG> (Thumb, 114 bytes, Stack size 12 bytes, fepilogue.o(.text))
<BR><BR>[Stack]<UL><LI>Max Depth = 12<LI>Call Chain = _float_epilogue
</UL>
<BR>[Called By]<UL><LI><a href="#[58]">&gt;&gt;</a>&nbsp;&nbsp;&nbsp;__aeabi_ui2f
</UL>

<P><STRONG><a name="[54]"></a>_double_round</STRONG> (Thumb, 26 bytes, Stack size 8 bytes, depilogue.o(.text))
<BR><BR>[Stack]<UL><LI>Max Depth = 8<LI>Call Chain = _double_round
</UL>
<BR>[Called By]<UL><LI><a href="#[53]">&gt;&gt;</a>&nbsp;&nbsp;&nbsp;_double_epilogue
<LI><a href="#[5f]">&gt;&gt;</a>&nbsp;&nbsp;&nbsp;__aeabi_ddiv
<LI><a href="#[51]">&gt;&gt;</a>&nbsp;&nbsp;&nbsp;__aeabi_dadd
</UL>

<P><STRONG><a name="[53]"></a>_double_epilogue</STRONG> (Thumb, 164 bytes, Stack size 48 bytes, depilogue.o(.text))
<BR><BR>[Stack]<UL><LI>Max Depth = 56<LI>Call Chain = _double_epilogue &rArr; __aeabi_llsl
</UL>
<BR>[Calls]<UL><LI><a href="#[45]">&gt;&gt;</a>&nbsp;&nbsp;&nbsp;__aeabi_llsl
<LI><a href="#[54]">&gt;&gt;</a>&nbsp;&nbsp;&nbsp;_double_round
<LI><a href="#[5e]">&gt;&gt;</a>&nbsp;&nbsp;&nbsp;__ARM_clz
<LI><a href="#[44]">&gt;&gt;</a>&nbsp;&nbsp;&nbsp;__aeabi_llsr
</UL>
<BR>[Called By]<UL><LI><a href="#[5a]">&gt;&gt;</a>&nbsp;&nbsp;&nbsp;__aeabi_i2d
<LI><a href="#[57]">&gt;&gt;</a>&nbsp;&nbsp;&nbsp;__aeabi_dmul
<LI><a href="#[51]">&gt;&gt;</a>&nbsp;&nbsp;&nbsp;__aeabi_dadd
</UL>

<P><STRONG><a name="[5f]"></a>__aeabi_ddiv</STRONG> (Thumb, 234 bytes, Stack size 40 bytes, ddiv.o(.text), UNUSED)
<BR><BR>[Calls]<UL><LI><a href="#[54]">&gt;&gt;</a>&nbsp;&nbsp;&nbsp;_double_round
</UL>
<BR>[Called By]<UL><LI><a href="#[1ae]">&gt;&gt;</a>&nbsp;&nbsp;&nbsp;_fp_digits
</UL>

<P><STRONG><a name="[60]"></a>__aeabi_d2ulz</STRONG> (Thumb, 54 bytes, Stack size 8 bytes, dfixul.o(.text), UNUSED)
<BR><BR>[Calls]<UL><LI><a href="#[45]">&gt;&gt;</a>&nbsp;&nbsp;&nbsp;__aeabi_llsl
<LI><a href="#[44]">&gt;&gt;</a>&nbsp;&nbsp;&nbsp;__aeabi_llsr
</UL>
<BR>[Called By]<UL><LI><a href="#[1ae]">&gt;&gt;</a>&nbsp;&nbsp;&nbsp;_fp_digits
</UL>

<P><STRONG><a name="[1af]"></a>__aeabi_cdrcmple</STRONG> (Thumb, 38 bytes, Stack size 0 bytes, cdrcmple.o(.text), UNUSED)
<BR><BR>[Called By]<UL><LI><a href="#[1ae]">&gt;&gt;</a>&nbsp;&nbsp;&nbsp;_fp_digits
</UL>

<P><STRONG><a name="[3f]"></a>__scatterload</STRONG> (Thumb, 28 bytes, Stack size 0 bytes, init.o(.text))
<BR><BR>[Calls]<UL><LI><a href="#[61]">&gt;&gt;</a>&nbsp;&nbsp;&nbsp;__main_after_scatterload
</UL>
<BR>[Called By]<UL><LI><a href="#[3e]">&gt;&gt;</a>&nbsp;&nbsp;&nbsp;_main_scatterload
</UL>

<P><STRONG><a name="[200]"></a>__scatterload_rt2</STRONG> (Thumb, 0 bytes, Stack size 0 bytes, init.o(.text), UNUSED)

<P><STRONG><a name="[2b]"></a>isspace</STRONG> (Thumb, 14 bytes, Stack size 8 bytes, isspace_c.o(.text))
<BR><BR>[Stack]<UL><LI>Max Depth = 8<LI>Call Chain = isspace
</UL>
<BR>[Calls]<UL><LI><a href="#[62]">&gt;&gt;</a>&nbsp;&nbsp;&nbsp;__ctype_lookup
</UL>
<BR>[Address Reference Count : 1]<UL><LI> scanf_char.o(.text)
</UL>
<P><STRONG><a name="[5d]"></a>__vfscanf</STRONG> (Thumb, 812 bytes, Stack size 80 bytes, _scanf.o(.text))
<BR><BR>[Stack]<UL><LI>Max Depth = 128<LI>Call Chain = __vfscanf &rArr; _scanf_string
</UL>
<BR>[Calls]<UL><LI><a href="#[65]">&gt;&gt;</a>&nbsp;&nbsp;&nbsp;_scanf_string
<LI><a href="#[4d]">&gt;&gt;</a>&nbsp;&nbsp;&nbsp;_scanf_int
<LI><a href="#[63]">&gt;&gt;</a>&nbsp;&nbsp;&nbsp;_scanf_real (Weak Reference)
<LI><a href="#[64]">&gt;&gt;</a>&nbsp;&nbsp;&nbsp;_scanf_longlong (Weak Reference)
</UL>
<BR>[Called By]<UL><LI><a href="#[4c]">&gt;&gt;</a>&nbsp;&nbsp;&nbsp;__vfscanf_char
</UL>

<P><STRONG><a name="[62]"></a>__ctype_lookup</STRONG> (Thumb, 32 bytes, Stack size 0 bytes, ctype_c.o(.text))
<BR><BR>[Called By]<UL><LI><a href="#[2b]">&gt;&gt;</a>&nbsp;&nbsp;&nbsp;isspace
</UL>

<P><STRONG><a name="[201]"></a>__decompress</STRONG> (Thumb, 0 bytes, Stack size unknown bytes, __dczerorl2.o(.text), UNUSED)

<P><STRONG><a name="[202]"></a>__decompress1</STRONG> (Thumb, 86 bytes, Stack size unknown bytes, __dczerorl2.o(.text), UNUSED)

<P><STRONG><a name="[7]"></a>AES_IRQHandler</STRONG> (Thumb, 2 bytes, Stack size 0 bytes, ht6xxx_it.o(i.AES_IRQHandler))
<BR>[Address Reference Count : 1]<UL><LI> startup_ht502x.o(RESET)
</UL>
<P><STRONG><a name="[f2]"></a>AES_encrypt</STRONG> (Thumb, 954 bytes, Stack size 60 bytes, aes.o(i.AES_encrypt))
<BR><BR>[Stack]<UL><LI>Max Depth = 60<LI>Call Chain = AES_encrypt
</UL>
<BR>[Called By]<UL><LI><a href="#[ee]">&gt;&gt;</a>&nbsp;&nbsp;&nbsp;Check_M1_Card
</UL>

<P><STRONG><a name="[f1]"></a>AES_set_encrypt_key</STRONG> (Thumb, 734 bytes, Stack size 32 bytes, aes.o(i.AES_set_encrypt_key))
<BR><BR>[Stack]<UL><LI>Max Depth = 32<LI>Call Chain = AES_set_encrypt_key
</UL>
<BR>[Called By]<UL><LI><a href="#[ee]">&gt;&gt;</a>&nbsp;&nbsp;&nbsp;Check_M1_Card
</UL>

<P><STRONG><a name="[18a]"></a>Asc2Int</STRONG> (Thumb, 52 bytes, Stack size 0 bytes, main_handle.o(i.Asc2Int))
<BR><BR>[Called By]<UL><LI><a href="#[83]">&gt;&gt;</a>&nbsp;&nbsp;&nbsp;StringToBCD
</UL>

<P><STRONG><a name="[66]"></a>BCDToString</STRONG> (Thumb, 86 bytes, Stack size 56 bytes, main_handle.o(i.BCDToString))
<BR><BR>[Stack]<UL><LI>Max Depth = 56<LI>Call Chain = BCDToString
</UL>
<BR>[Calls]<UL><LI><a href="#[67]">&gt;&gt;</a>&nbsp;&nbsp;&nbsp;__aeabi_memcpy4
</UL>
<BR>[Called By]<UL><LI><a href="#[37]">&gt;&gt;</a>&nbsp;&nbsp;&nbsp;BuleSetName
<LI><a href="#[3b]">&gt;&gt;</a>&nbsp;&nbsp;&nbsp;BuleSetGWMac
</UL>

<P><STRONG><a name="[68]"></a>BSP_Init</STRONG> (Thumb, 128 bytes, Stack size 16 bytes, main_handle.o(i.BSP_Init))
<BR><BR>[Stack]<UL><LI>Max Depth = 144<LI>Call Chain = BSP_Init &rArr; Flash_Init &rArr; osMutexCreate &rArr; xQueueCreateMutex &rArr; xQueueGenericSend &rArr; prvCopyDataToQueue &rArr; xTaskPriorityDisinherit
</UL>
<BR>[Calls]<UL><LI><a href="#[70]">&gt;&gt;</a>&nbsp;&nbsp;&nbsp;Timer0_Init
<LI><a href="#[6a]">&gt;&gt;</a>&nbsp;&nbsp;&nbsp;SimuartInit
<LI><a href="#[6f]">&gt;&gt;</a>&nbsp;&nbsp;&nbsp;SC8042B_Init
<LI><a href="#[71]">&gt;&gt;</a>&nbsp;&nbsp;&nbsp;RTC_Init
<LI><a href="#[72]">&gt;&gt;</a>&nbsp;&nbsp;&nbsp;HT_TBSConfig
<LI><a href="#[6e]">&gt;&gt;</a>&nbsp;&nbsp;&nbsp;GunGpioInit
<LI><a href="#[6b]">&gt;&gt;</a>&nbsp;&nbsp;&nbsp;GetCurrentTime
<LI><a href="#[6d]">&gt;&gt;</a>&nbsp;&nbsp;&nbsp;Flash_Init
<LI><a href="#[69]">&gt;&gt;</a>&nbsp;&nbsp;&nbsp;EMU_Init
<LI><a href="#[6c]">&gt;&gt;</a>&nbsp;&nbsp;&nbsp;__2printf
</UL>
<BR>[Called By]<UL><LI><a href="#[2e]">&gt;&gt;</a>&nbsp;&nbsp;&nbsp;vMainTask
</UL>

<P><STRONG><a name="[73]"></a>BTRF2_4gStartCharging</STRONG> (Thumb, 632 bytes, Stack size 72 bytes, charger.o(i.BTRF2_4gStartCharging))
<BR><BR>[Stack]<UL><LI>Max Depth = 288<LI>Call Chain = BTRF2_4gStartCharging &rArr; FlashWriteGunInfoData &rArr; FlashWriteData &rArr; Flash_Write &rArr; osMutexWait &rArr; xQueueGenericReceive &rArr; xTaskResumeAll &rArr; xTaskIncrementTick
</UL>
<BR>[Calls]<UL><LI><a href="#[74]">&gt;&gt;</a>&nbsp;&nbsp;&nbsp;GetRtcCount
<LI><a href="#[78]">&gt;&gt;</a>&nbsp;&nbsp;&nbsp;GetGunStatus
<LI><a href="#[6b]">&gt;&gt;</a>&nbsp;&nbsp;&nbsp;GetCurrentTime
<LI><a href="#[7a]">&gt;&gt;</a>&nbsp;&nbsp;&nbsp;FlashWriteGunInfoData
<LI><a href="#[79]">&gt;&gt;</a>&nbsp;&nbsp;&nbsp;GunTurnOn
<LI><a href="#[76]">&gt;&gt;</a>&nbsp;&nbsp;&nbsp;__aeabi_uwrite4
<LI><a href="#[77]">&gt;&gt;</a>&nbsp;&nbsp;&nbsp;__aeabi_uread4
<LI><a href="#[6c]">&gt;&gt;</a>&nbsp;&nbsp;&nbsp;__2printf
<LI><a href="#[48]">&gt;&gt;</a>&nbsp;&nbsp;&nbsp;__aeabi_memclr
<LI><a href="#[75]">&gt;&gt;</a>&nbsp;&nbsp;&nbsp;__aeabi_memcpy
<LI><a href="#[41]">&gt;&gt;</a>&nbsp;&nbsp;&nbsp;__aeabi_idivmod
<LI><a href="#[42]">&gt;&gt;</a>&nbsp;&nbsp;&nbsp;__aeabi_uidivmod
</UL>
<BR>[Called By]<UL><LI><a href="#[94]">&gt;&gt;</a>&nbsp;&nbsp;&nbsp;BlueStartCharging
<LI><a href="#[dc]">&gt;&gt;</a>&nbsp;&nbsp;&nbsp;isStartChargingBTRF2_4G
</UL>

<P><STRONG><a name="[7b]"></a>BlueCheckRes</STRONG> (Thumb, 570 bytes, Stack size 88 bytes, ckb24_um.o(i.BlueCheckRes))
<BR><BR>[Stack]<UL><LI>Max Depth = 304<LI>Call Chain = BlueCheckRes &rArr; FlashWriteSystemInfoData &rArr; FlashWriteData &rArr; Flash_Write &rArr; osMutexWait &rArr; xQueueGenericReceive &rArr; xTaskResumeAll &rArr; xTaskIncrementTick
</UL>
<BR>[Calls]<UL><LI><a href="#[7d]">&gt;&gt;</a>&nbsp;&nbsp;&nbsp;FIFO_S_Get
<LI><a href="#[7c]">&gt;&gt;</a>&nbsp;&nbsp;&nbsp;osDelay
<LI><a href="#[6b]">&gt;&gt;</a>&nbsp;&nbsp;&nbsp;GetCurrentTime
<LI><a href="#[86]">&gt;&gt;</a>&nbsp;&nbsp;&nbsp;FlashWriteSystemInfoData
<LI><a href="#[82]">&gt;&gt;</a>&nbsp;&nbsp;&nbsp;isArraryEmpty
<LI><a href="#[83]">&gt;&gt;</a>&nbsp;&nbsp;&nbsp;StringToBCD
<LI><a href="#[85]">&gt;&gt;</a>&nbsp;&nbsp;&nbsp;PrintfData
<LI><a href="#[87]">&gt;&gt;</a>&nbsp;&nbsp;&nbsp;FlashWriteGunInfo_2_Data
<LI><a href="#[84]">&gt;&gt;</a>&nbsp;&nbsp;&nbsp;FlashWriteDataToSystemInfo1
<LI><a href="#[4b]">&gt;&gt;</a>&nbsp;&nbsp;&nbsp;__0sscanf
<LI><a href="#[6c]">&gt;&gt;</a>&nbsp;&nbsp;&nbsp;__2printf
<LI><a href="#[81]">&gt;&gt;</a>&nbsp;&nbsp;&nbsp;strcpy
<LI><a href="#[80]">&gt;&gt;</a>&nbsp;&nbsp;&nbsp;strlen
<LI><a href="#[7e]">&gt;&gt;</a>&nbsp;&nbsp;&nbsp;strstr
<LI><a href="#[7f]">&gt;&gt;</a>&nbsp;&nbsp;&nbsp;__aeabi_memclr4
<LI><a href="#[48]">&gt;&gt;</a>&nbsp;&nbsp;&nbsp;__aeabi_memclr
<LI><a href="#[75]">&gt;&gt;</a>&nbsp;&nbsp;&nbsp;__aeabi_memcpy
</UL>
<BR>[Called By]<UL><LI><a href="#[9e]">&gt;&gt;</a>&nbsp;&nbsp;&nbsp;BlueSendCmd
</UL>

<P><STRONG><a name="[88]"></a>BlueCostTemlteAck</STRONG> (Thumb, 44 bytes, Stack size 32 bytes, blue.o(i.BlueCostTemlteAck))
<BR><BR>[Stack]<UL><LI>Max Depth = 80<LI>Call Chain = BlueCostTemlteAck &rArr; GetCurrentTime &rArr; __2sprintf
</UL>
<BR>[Calls]<UL><LI><a href="#[6b]">&gt;&gt;</a>&nbsp;&nbsp;&nbsp;GetCurrentTime
<LI><a href="#[6c]">&gt;&gt;</a>&nbsp;&nbsp;&nbsp;__2printf
</UL>
<BR>[Called By]<UL><LI><a href="#[91]">&gt;&gt;</a>&nbsp;&nbsp;&nbsp;BluePktProc
</UL>

<P><STRONG><a name="[89]"></a>BlueCostTemplateUpload</STRONG> (Thumb, 198 bytes, Stack size 136 bytes, blue.o(i.BlueCostTemplateUpload))
<BR><BR>[Stack]<UL><LI>Max Depth = 304<LI>Call Chain = BlueCostTemplateUpload &rArr; SendBlueTooth2_4GPkt &rArr; Uart_Send &rArr; osMutexWait &rArr; xQueueGenericReceive &rArr; xTaskResumeAll &rArr; xTaskIncrementTick
</UL>
<BR>[Calls]<UL><LI><a href="#[8b]">&gt;&gt;</a>&nbsp;&nbsp;&nbsp;SendBlueTooth2_4GPkt
<LI><a href="#[85]">&gt;&gt;</a>&nbsp;&nbsp;&nbsp;PrintfData
<LI><a href="#[8a]">&gt;&gt;</a>&nbsp;&nbsp;&nbsp;CheckSum
<LI><a href="#[76]">&gt;&gt;</a>&nbsp;&nbsp;&nbsp;__aeabi_uwrite4
<LI><a href="#[77]">&gt;&gt;</a>&nbsp;&nbsp;&nbsp;__aeabi_uread4
<LI><a href="#[7f]">&gt;&gt;</a>&nbsp;&nbsp;&nbsp;__aeabi_memclr4
<LI><a href="#[75]">&gt;&gt;</a>&nbsp;&nbsp;&nbsp;__aeabi_memcpy
</UL>
<BR>[Called By]<UL><LI><a href="#[97]">&gt;&gt;</a>&nbsp;&nbsp;&nbsp;BlueReqCostTemlteProc
</UL>

<P><STRONG><a name="[8c]"></a>BlueFWDownLoad</STRONG> (Thumb, 196 bytes, Stack size 144 bytes, blue.o(i.BlueFWDownLoad))
<BR><BR>[Stack]<UL><LI>Max Depth = 416<LI>Call Chain = BlueFWDownLoad &rArr; COM_Upgrade_Write &rArr; Upgrade_Write &rArr; Flash_Write &rArr; osMutexWait &rArr; xQueueGenericReceive &rArr; xTaskResumeAll &rArr; xTaskIncrementTick
</UL>
<BR>[Calls]<UL><LI><a href="#[8b]">&gt;&gt;</a>&nbsp;&nbsp;&nbsp;SendBlueTooth2_4GPkt
<LI><a href="#[7c]">&gt;&gt;</a>&nbsp;&nbsp;&nbsp;osDelay
<LI><a href="#[8e]">&gt;&gt;</a>&nbsp;&nbsp;&nbsp;PlayVoice
<LI><a href="#[6b]">&gt;&gt;</a>&nbsp;&nbsp;&nbsp;GetCurrentTime
<LI><a href="#[8a]">&gt;&gt;</a>&nbsp;&nbsp;&nbsp;CheckSum
<LI><a href="#[8d]">&gt;&gt;</a>&nbsp;&nbsp;&nbsp;COM_Upgrade_Write
<LI><a href="#[6c]">&gt;&gt;</a>&nbsp;&nbsp;&nbsp;__2printf
<LI><a href="#[7f]">&gt;&gt;</a>&nbsp;&nbsp;&nbsp;__aeabi_memclr4
<LI><a href="#[75]">&gt;&gt;</a>&nbsp;&nbsp;&nbsp;__aeabi_memcpy
</UL>
<BR>[Called By]<UL><LI><a href="#[91]">&gt;&gt;</a>&nbsp;&nbsp;&nbsp;BluePktProc
</UL>

<P><STRONG><a name="[8f]"></a>BlueFWUpgradeNotice</STRONG> (Thumb, 176 bytes, Stack size 144 bytes, blue.o(i.BlueFWUpgradeNotice))
<BR><BR>[Stack]<UL><LI>Max Depth = 416<LI>Call Chain = BlueFWUpgradeNotice &rArr; Upgrade_Init &rArr; FlashWriteData &rArr; Flash_Write &rArr; osMutexWait &rArr; xQueueGenericReceive &rArr; xTaskResumeAll &rArr; xTaskIncrementTick
</UL>
<BR>[Calls]<UL><LI><a href="#[8b]">&gt;&gt;</a>&nbsp;&nbsp;&nbsp;SendBlueTooth2_4GPkt
<LI><a href="#[6b]">&gt;&gt;</a>&nbsp;&nbsp;&nbsp;GetCurrentTime
<LI><a href="#[8a]">&gt;&gt;</a>&nbsp;&nbsp;&nbsp;CheckSum
<LI><a href="#[90]">&gt;&gt;</a>&nbsp;&nbsp;&nbsp;Upgrade_Init
<LI><a href="#[77]">&gt;&gt;</a>&nbsp;&nbsp;&nbsp;__aeabi_uread4
<LI><a href="#[6c]">&gt;&gt;</a>&nbsp;&nbsp;&nbsp;__2printf
<LI><a href="#[7f]">&gt;&gt;</a>&nbsp;&nbsp;&nbsp;__aeabi_memclr4
<LI><a href="#[75]">&gt;&gt;</a>&nbsp;&nbsp;&nbsp;__aeabi_memcpy
</UL>
<BR>[Called By]<UL><LI><a href="#[91]">&gt;&gt;</a>&nbsp;&nbsp;&nbsp;BluePktProc
</UL>

<P><STRONG><a name="[91]"></a>BluePktProc</STRONG> (Thumb, 286 bytes, Stack size 24 bytes, blue.o(i.BluePktProc))
<BR><BR>[Stack]<UL><LI>Max Depth = 600<LI>Call Chain = BluePktProc &rArr; BlueReqBreak &rArr; SetBluePair &rArr; BlueSendCmd &rArr; BlueCheckRes &rArr; FlashWriteSystemInfoData &rArr; FlashWriteData &rArr; Flash_Write &rArr; osMutexWait &rArr; xQueueGenericReceive &rArr; xTaskResumeAll &rArr; xTaskIncrementTick
</UL>
<BR>[Calls]<UL><LI><a href="#[92]">&gt;&gt;</a>&nbsp;&nbsp;&nbsp;__ARM_common_switch8
<LI><a href="#[8e]">&gt;&gt;</a>&nbsp;&nbsp;&nbsp;PlayVoice
<LI><a href="#[6b]">&gt;&gt;</a>&nbsp;&nbsp;&nbsp;GetCurrentTime
<LI><a href="#[85]">&gt;&gt;</a>&nbsp;&nbsp;&nbsp;PrintfData
<LI><a href="#[93]">&gt;&gt;</a>&nbsp;&nbsp;&nbsp;ShakeReqProc
<LI><a href="#[9c]">&gt;&gt;</a>&nbsp;&nbsp;&nbsp;BlueToothSet2_4gAddr
<LI><a href="#[95]">&gt;&gt;</a>&nbsp;&nbsp;&nbsp;BlueStopCharging
<LI><a href="#[94]">&gt;&gt;</a>&nbsp;&nbsp;&nbsp;BlueStartCharging
<LI><a href="#[96]">&gt;&gt;</a>&nbsp;&nbsp;&nbsp;BlueSendHeartBeatACK
<LI><a href="#[97]">&gt;&gt;</a>&nbsp;&nbsp;&nbsp;BlueReqCostTemlteProc
<LI><a href="#[9b]">&gt;&gt;</a>&nbsp;&nbsp;&nbsp;BlueReqBreak
<LI><a href="#[8f]">&gt;&gt;</a>&nbsp;&nbsp;&nbsp;BlueFWUpgradeNotice
<LI><a href="#[8c]">&gt;&gt;</a>&nbsp;&nbsp;&nbsp;BlueFWDownLoad
<LI><a href="#[88]">&gt;&gt;</a>&nbsp;&nbsp;&nbsp;BlueCostTemlteAck
<LI><a href="#[98]">&gt;&gt;</a>&nbsp;&nbsp;&nbsp;OpenUpgradeReqestFlag
<LI><a href="#[9a]">&gt;&gt;</a>&nbsp;&nbsp;&nbsp;OpenBlueToothUpgradeFlag
<LI><a href="#[99]">&gt;&gt;</a>&nbsp;&nbsp;&nbsp;CloseUARTUpgradeFlag
<LI><a href="#[6c]">&gt;&gt;</a>&nbsp;&nbsp;&nbsp;__2printf
</UL>
<BR>[Called By]<UL><LI><a href="#[bd]">&gt;&gt;</a>&nbsp;&nbsp;&nbsp;RecvBtData
</UL>

<P><STRONG><a name="[9b]"></a>BlueReqBreak</STRONG> (Thumb, 126 bytes, Stack size 128 bytes, blue.o(i.BlueReqBreak))
<BR><BR>[Stack]<UL><LI>Max Depth = 576<LI>Call Chain = BlueReqBreak &rArr; SetBluePair &rArr; BlueSendCmd &rArr; BlueCheckRes &rArr; FlashWriteSystemInfoData &rArr; FlashWriteData &rArr; Flash_Write &rArr; osMutexWait &rArr; xQueueGenericReceive &rArr; xTaskResumeAll &rArr; xTaskIncrementTick
</UL>
<BR>[Calls]<UL><LI><a href="#[8b]">&gt;&gt;</a>&nbsp;&nbsp;&nbsp;SendBlueTooth2_4GPkt
<LI><a href="#[7c]">&gt;&gt;</a>&nbsp;&nbsp;&nbsp;osDelay
<LI><a href="#[8e]">&gt;&gt;</a>&nbsp;&nbsp;&nbsp;PlayVoice
<LI><a href="#[8a]">&gt;&gt;</a>&nbsp;&nbsp;&nbsp;CheckSum
<LI><a href="#[9d]">&gt;&gt;</a>&nbsp;&nbsp;&nbsp;SetBluePair
<LI><a href="#[7f]">&gt;&gt;</a>&nbsp;&nbsp;&nbsp;__aeabi_memclr4
<LI><a href="#[75]">&gt;&gt;</a>&nbsp;&nbsp;&nbsp;__aeabi_memcpy
</UL>
<BR>[Called By]<UL><LI><a href="#[91]">&gt;&gt;</a>&nbsp;&nbsp;&nbsp;BluePktProc
</UL>

<P><STRONG><a name="[97]"></a>BlueReqCostTemlteProc</STRONG> (Thumb, 70 bytes, Stack size 24 bytes, blue.o(i.BlueReqCostTemlteProc))
<BR><BR>[Stack]<UL><LI>Max Depth = 328<LI>Call Chain = BlueReqCostTemlteProc &rArr; BlueCostTemplateUpload &rArr; SendBlueTooth2_4GPkt &rArr; Uart_Send &rArr; osMutexWait &rArr; xQueueGenericReceive &rArr; xTaskResumeAll &rArr; xTaskIncrementTick
</UL>
<BR>[Calls]<UL><LI><a href="#[6b]">&gt;&gt;</a>&nbsp;&nbsp;&nbsp;GetCurrentTime
<LI><a href="#[89]">&gt;&gt;</a>&nbsp;&nbsp;&nbsp;BlueCostTemplateUpload
<LI><a href="#[77]">&gt;&gt;</a>&nbsp;&nbsp;&nbsp;__aeabi_uread4
<LI><a href="#[6c]">&gt;&gt;</a>&nbsp;&nbsp;&nbsp;__2printf
</UL>
<BR>[Called By]<UL><LI><a href="#[91]">&gt;&gt;</a>&nbsp;&nbsp;&nbsp;BluePktProc
</UL>

<P><STRONG><a name="[9e]"></a>BlueSendCmd</STRONG> (Thumb, 106 bytes, Stack size 96 bytes, ckb24_um.o(i.BlueSendCmd))
<BR><BR>[Stack]<UL><LI>Max Depth = 400<LI>Call Chain = BlueSendCmd &rArr; BlueCheckRes &rArr; FlashWriteSystemInfoData &rArr; FlashWriteData &rArr; Flash_Write &rArr; osMutexWait &rArr; xQueueGenericReceive &rArr; xTaskResumeAll &rArr; xTaskIncrementTick
</UL>
<BR>[Calls]<UL><LI><a href="#[a0]">&gt;&gt;</a>&nbsp;&nbsp;&nbsp;Uart_Send
<LI><a href="#[a1]">&gt;&gt;</a>&nbsp;&nbsp;&nbsp;HT_GPIO_BitsSet
<LI><a href="#[7c]">&gt;&gt;</a>&nbsp;&nbsp;&nbsp;osDelay
<LI><a href="#[9f]">&gt;&gt;</a>&nbsp;&nbsp;&nbsp;HT_GPIO_BitsReset
<LI><a href="#[7b]">&gt;&gt;</a>&nbsp;&nbsp;&nbsp;BlueCheckRes
<LI><a href="#[80]">&gt;&gt;</a>&nbsp;&nbsp;&nbsp;strlen
</UL>
<BR>[Called By]<UL><LI><a href="#[b2]">&gt;&gt;</a>&nbsp;&nbsp;&nbsp;BuleReconnect
<LI><a href="#[9d]">&gt;&gt;</a>&nbsp;&nbsp;&nbsp;SetBluePair
<LI><a href="#[b3]">&gt;&gt;</a>&nbsp;&nbsp;&nbsp;SetGateWay24GMacAddr
<LI><a href="#[b4]">&gt;&gt;</a>&nbsp;&nbsp;&nbsp;SetBlueName
<LI><a href="#[3a]">&gt;&gt;</a>&nbsp;&nbsp;&nbsp;BuleSetDevt
<LI><a href="#[34]">&gt;&gt;</a>&nbsp;&nbsp;&nbsp;BuleCheckReset
</UL>

<P><STRONG><a name="[a2]"></a>BlueSendHeartBeat</STRONG> (Thumb, 328 bytes, Stack size 160 bytes, blue.o(i.BlueSendHeartBeat))
<BR><BR>[Stack]<UL><LI>Max Depth = 328<LI>Call Chain = BlueSendHeartBeat &rArr; SendBlueTooth2_4GPkt &rArr; Uart_Send &rArr; osMutexWait &rArr; xQueueGenericReceive &rArr; xTaskResumeAll &rArr; xTaskIncrementTick
</UL>
<BR>[Calls]<UL><LI><a href="#[8b]">&gt;&gt;</a>&nbsp;&nbsp;&nbsp;SendBlueTooth2_4GPkt
<LI><a href="#[78]">&gt;&gt;</a>&nbsp;&nbsp;&nbsp;GetGunStatus
<LI><a href="#[6b]">&gt;&gt;</a>&nbsp;&nbsp;&nbsp;GetCurrentTime
<LI><a href="#[a3]">&gt;&gt;</a>&nbsp;&nbsp;&nbsp;GetCpuTemp
<LI><a href="#[8a]">&gt;&gt;</a>&nbsp;&nbsp;&nbsp;CheckSum
<LI><a href="#[6c]">&gt;&gt;</a>&nbsp;&nbsp;&nbsp;__2printf
<LI><a href="#[7f]">&gt;&gt;</a>&nbsp;&nbsp;&nbsp;__aeabi_memclr4
</UL>
<BR>[Called By]<UL><LI><a href="#[30]">&gt;&gt;</a>&nbsp;&nbsp;&nbsp;CK24_UMTask
<LI><a href="#[93]">&gt;&gt;</a>&nbsp;&nbsp;&nbsp;ShakeReqProc
</UL>

<P><STRONG><a name="[96]"></a>BlueSendHeartBeatACK</STRONG> (Thumb, 252 bytes, Stack size 40 bytes, blue.o(i.BlueSendHeartBeatACK))
<BR><BR>[Stack]<UL><LI>Max Depth = 148<LI>Call Chain = BlueSendHeartBeatACK &rArr; GetRtcCount &rArr; GetTimeStamp &rArr; mktime &rArr; __aeabi_idivmod &rArr; __aeabi_uidivmod
</UL>
<BR>[Calls]<UL><LI><a href="#[74]">&gt;&gt;</a>&nbsp;&nbsp;&nbsp;GetRtcCount
<LI><a href="#[6b]">&gt;&gt;</a>&nbsp;&nbsp;&nbsp;GetCurrentTime
<LI><a href="#[a5]">&gt;&gt;</a>&nbsp;&nbsp;&nbsp;SetRtcCount
<LI><a href="#[a4]">&gt;&gt;</a>&nbsp;&nbsp;&nbsp;GetChargingGunCnt
<LI><a href="#[77]">&gt;&gt;</a>&nbsp;&nbsp;&nbsp;__aeabi_uread4
<LI><a href="#[6c]">&gt;&gt;</a>&nbsp;&nbsp;&nbsp;__2printf
</UL>
<BR>[Called By]<UL><LI><a href="#[91]">&gt;&gt;</a>&nbsp;&nbsp;&nbsp;BluePktProc
</UL>

<P><STRONG><a name="[a6]"></a>BlueSendStartChargingAck</STRONG> (Thumb, 220 bytes, Stack size 160 bytes, blue.o(i.BlueSendStartChargingAck))
<BR><BR>[Stack]<UL><LI>Max Depth = 328<LI>Call Chain = BlueSendStartChargingAck &rArr; SendBlueTooth2_4GPkt &rArr; Uart_Send &rArr; osMutexWait &rArr; xQueueGenericReceive &rArr; xTaskResumeAll &rArr; xTaskIncrementTick
</UL>
<BR>[Calls]<UL><LI><a href="#[8b]">&gt;&gt;</a>&nbsp;&nbsp;&nbsp;SendBlueTooth2_4GPkt
<LI><a href="#[74]">&gt;&gt;</a>&nbsp;&nbsp;&nbsp;GetRtcCount
<LI><a href="#[6b]">&gt;&gt;</a>&nbsp;&nbsp;&nbsp;GetCurrentTime
<LI><a href="#[8a]">&gt;&gt;</a>&nbsp;&nbsp;&nbsp;CheckSum
<LI><a href="#[76]">&gt;&gt;</a>&nbsp;&nbsp;&nbsp;__aeabi_uwrite4
<LI><a href="#[77]">&gt;&gt;</a>&nbsp;&nbsp;&nbsp;__aeabi_uread4
<LI><a href="#[6c]">&gt;&gt;</a>&nbsp;&nbsp;&nbsp;__2printf
<LI><a href="#[7f]">&gt;&gt;</a>&nbsp;&nbsp;&nbsp;__aeabi_memclr4
<LI><a href="#[75]">&gt;&gt;</a>&nbsp;&nbsp;&nbsp;__aeabi_memcpy
</UL>
<BR>[Called By]<UL><LI><a href="#[94]">&gt;&gt;</a>&nbsp;&nbsp;&nbsp;BlueStartCharging
</UL>

<P><STRONG><a name="[94]"></a>BlueStartCharging</STRONG> (Thumb, 530 bytes, Stack size 48 bytes, blue.o(i.BlueStartCharging))
<BR><BR>[Stack]<UL><LI>Max Depth = 376<LI>Call Chain = BlueStartCharging &rArr; BlueSendStartChargingAck &rArr; SendBlueTooth2_4GPkt &rArr; Uart_Send &rArr; osMutexWait &rArr; xQueueGenericReceive &rArr; xTaskResumeAll &rArr; xTaskIncrementTick
</UL>
<BR>[Calls]<UL><LI><a href="#[6b]">&gt;&gt;</a>&nbsp;&nbsp;&nbsp;GetCurrentTime
<LI><a href="#[86]">&gt;&gt;</a>&nbsp;&nbsp;&nbsp;FlashWriteSystemInfoData
<LI><a href="#[85]">&gt;&gt;</a>&nbsp;&nbsp;&nbsp;PrintfData
<LI><a href="#[a6]">&gt;&gt;</a>&nbsp;&nbsp;&nbsp;BlueSendStartChargingAck
<LI><a href="#[aa]">&gt;&gt;</a>&nbsp;&nbsp;&nbsp;SpeechChargeing
<LI><a href="#[a7]">&gt;&gt;</a>&nbsp;&nbsp;&nbsp;GetHistoryOrderNum
<LI><a href="#[a8]">&gt;&gt;</a>&nbsp;&nbsp;&nbsp;CheckStartPara
<LI><a href="#[73]">&gt;&gt;</a>&nbsp;&nbsp;&nbsp;BTRF2_4gStartCharging
<LI><a href="#[76]">&gt;&gt;</a>&nbsp;&nbsp;&nbsp;__aeabi_uwrite4
<LI><a href="#[77]">&gt;&gt;</a>&nbsp;&nbsp;&nbsp;__aeabi_uread4
<LI><a href="#[6c]">&gt;&gt;</a>&nbsp;&nbsp;&nbsp;__2printf
<LI><a href="#[a9]">&gt;&gt;</a>&nbsp;&nbsp;&nbsp;memcmp
<LI><a href="#[75]">&gt;&gt;</a>&nbsp;&nbsp;&nbsp;__aeabi_memcpy
</UL>
<BR>[Called By]<UL><LI><a href="#[91]">&gt;&gt;</a>&nbsp;&nbsp;&nbsp;BluePktProc
</UL>

<P><STRONG><a name="[95]"></a>BlueStopCharging</STRONG> (Thumb, 374 bytes, Stack size 168 bytes, blue.o(i.BlueStopCharging))
<BR><BR>[Stack]<UL><LI>Max Depth = 488<LI>Call Chain = BlueStopCharging &rArr; Proto2_4gStopCharging &rArr; SaveOrderReport &rArr; FlashWriteGunInfo_1_Data &rArr; FlashWriteData &rArr; Flash_Write &rArr; osMutexWait &rArr; xQueueGenericReceive &rArr; xTaskResumeAll &rArr; xTaskIncrementTick
</UL>
<BR>[Calls]<UL><LI><a href="#[8b]">&gt;&gt;</a>&nbsp;&nbsp;&nbsp;SendBlueTooth2_4GPkt
<LI><a href="#[74]">&gt;&gt;</a>&nbsp;&nbsp;&nbsp;GetRtcCount
<LI><a href="#[78]">&gt;&gt;</a>&nbsp;&nbsp;&nbsp;GetGunStatus
<LI><a href="#[6b]">&gt;&gt;</a>&nbsp;&nbsp;&nbsp;GetCurrentTime
<LI><a href="#[8a]">&gt;&gt;</a>&nbsp;&nbsp;&nbsp;CheckSum
<LI><a href="#[ab]">&gt;&gt;</a>&nbsp;&nbsp;&nbsp;Proto2_4gStopCharging
<LI><a href="#[76]">&gt;&gt;</a>&nbsp;&nbsp;&nbsp;__aeabi_uwrite4
<LI><a href="#[77]">&gt;&gt;</a>&nbsp;&nbsp;&nbsp;__aeabi_uread4
<LI><a href="#[6c]">&gt;&gt;</a>&nbsp;&nbsp;&nbsp;__2printf
<LI><a href="#[7f]">&gt;&gt;</a>&nbsp;&nbsp;&nbsp;__aeabi_memclr4
<LI><a href="#[75]">&gt;&gt;</a>&nbsp;&nbsp;&nbsp;__aeabi_memcpy
</UL>
<BR>[Called By]<UL><LI><a href="#[91]">&gt;&gt;</a>&nbsp;&nbsp;&nbsp;BluePktProc
</UL>

<P><STRONG><a name="[9c]"></a>BlueToothSet2_4gAddr</STRONG> (Thumb, 226 bytes, Stack size 40 bytes, blue.o(i.BlueToothSet2_4gAddr))
<BR><BR>[Stack]<UL><LI>Max Depth = 256<LI>Call Chain = BlueToothSet2_4gAddr &rArr; FlashWriteGunInfo_1_Data &rArr; FlashWriteData &rArr; Flash_Write &rArr; osMutexWait &rArr; xQueueGenericReceive &rArr; xTaskResumeAll &rArr; xTaskIncrementTick
</UL>
<BR>[Calls]<UL><LI><a href="#[ae]">&gt;&gt;</a>&nbsp;&nbsp;&nbsp;vTaskDelay
<LI><a href="#[6b]">&gt;&gt;</a>&nbsp;&nbsp;&nbsp;GetCurrentTime
<LI><a href="#[ac]">&gt;&gt;</a>&nbsp;&nbsp;&nbsp;FlashWriteGunInfo_1_Data
<LI><a href="#[85]">&gt;&gt;</a>&nbsp;&nbsp;&nbsp;PrintfData
<LI><a href="#[87]">&gt;&gt;</a>&nbsp;&nbsp;&nbsp;FlashWriteGunInfo_2_Data
<LI><a href="#[ad]">&gt;&gt;</a>&nbsp;&nbsp;&nbsp;BlueToothSet2_4gAddrAck
<LI><a href="#[76]">&gt;&gt;</a>&nbsp;&nbsp;&nbsp;__aeabi_uwrite4
<LI><a href="#[6c]">&gt;&gt;</a>&nbsp;&nbsp;&nbsp;__2printf
<LI><a href="#[a9]">&gt;&gt;</a>&nbsp;&nbsp;&nbsp;memcmp
<LI><a href="#[75]">&gt;&gt;</a>&nbsp;&nbsp;&nbsp;__aeabi_memcpy
</UL>
<BR>[Called By]<UL><LI><a href="#[91]">&gt;&gt;</a>&nbsp;&nbsp;&nbsp;BluePktProc
</UL>

<P><STRONG><a name="[ad]"></a>BlueToothSet2_4gAddrAck</STRONG> (Thumb, 80 bytes, Stack size 32 bytes, blue.o(i.BlueToothSet2_4gAddrAck))
<BR><BR>[Stack]<UL><LI>Max Depth = 200<LI>Call Chain = BlueToothSet2_4gAddrAck &rArr; SendBlueTooth2_4GPkt &rArr; Uart_Send &rArr; osMutexWait &rArr; xQueueGenericReceive &rArr; xTaskResumeAll &rArr; xTaskIncrementTick
</UL>
<BR>[Calls]<UL><LI><a href="#[8b]">&gt;&gt;</a>&nbsp;&nbsp;&nbsp;SendBlueTooth2_4GPkt
<LI><a href="#[6b]">&gt;&gt;</a>&nbsp;&nbsp;&nbsp;GetCurrentTime
<LI><a href="#[af]">&gt;&gt;</a>&nbsp;&nbsp;&nbsp;GetPktSum
<LI><a href="#[6c]">&gt;&gt;</a>&nbsp;&nbsp;&nbsp;__2printf
</UL>
<BR>[Called By]<UL><LI><a href="#[9c]">&gt;&gt;</a>&nbsp;&nbsp;&nbsp;BlueToothSet2_4gAddr
</UL>

<P><STRONG><a name="[34]"></a>BuleCheckReset</STRONG> (Thumb, 130 bytes, Stack size 24 bytes, ckb24_um.o(i.BuleCheckReset))
<BR><BR>[Stack]<UL><LI>Max Depth = 424<LI>Call Chain = BuleCheckReset &rArr; BlueSendCmd &rArr; BlueCheckRes &rArr; FlashWriteSystemInfoData &rArr; FlashWriteData &rArr; Flash_Write &rArr; osMutexWait &rArr; xQueueGenericReceive &rArr; xTaskResumeAll &rArr; xTaskIncrementTick
</UL>
<BR>[Calls]<UL><LI><a href="#[7c]">&gt;&gt;</a>&nbsp;&nbsp;&nbsp;osDelay
<LI><a href="#[6b]">&gt;&gt;</a>&nbsp;&nbsp;&nbsp;GetCurrentTime
<LI><a href="#[b0]">&gt;&gt;</a>&nbsp;&nbsp;&nbsp;CKB24_UM_HardReset
<LI><a href="#[9e]">&gt;&gt;</a>&nbsp;&nbsp;&nbsp;BlueSendCmd
<LI><a href="#[6c]">&gt;&gt;</a>&nbsp;&nbsp;&nbsp;__2printf
</UL>
<BR>[Address Reference Count : 1]<UL><LI> ckb24_um.o(.constdata)
</UL>
<P><STRONG><a name="[39]"></a>BuleModeDevt</STRONG> (Thumb, 46 bytes, Stack size 24 bytes, ckb24_um.o(i.BuleModeDevt))
<BR><BR>[Stack]<UL><LI>Max Depth = 72<LI>Call Chain = BuleModeDevt &rArr; GetCurrentTime &rArr; __2sprintf
</UL>
<BR>[Calls]<UL><LI><a href="#[6b]">&gt;&gt;</a>&nbsp;&nbsp;&nbsp;GetCurrentTime
<LI><a href="#[b1]">&gt;&gt;</a>&nbsp;&nbsp;&nbsp;CheckBlueModeCmd
<LI><a href="#[6c]">&gt;&gt;</a>&nbsp;&nbsp;&nbsp;__2printf
</UL>
<BR>[Address Reference Count : 1]<UL><LI> ckb24_um.o(.constdata)
</UL>
<P><STRONG><a name="[35]"></a>BuleModeEcho</STRONG> (Thumb, 18 bytes, Stack size 12 bytes, ckb24_um.o(i.BuleModeEcho))
<BR><BR>[Stack]<UL><LI>Max Depth = 20<LI>Call Chain = BuleModeEcho &rArr; CheckBlueModeCmd
</UL>
<BR>[Calls]<UL><LI><a href="#[b1]">&gt;&gt;</a>&nbsp;&nbsp;&nbsp;CheckBlueModeCmd
</UL>
<BR>[Address Reference Count : 1]<UL><LI> ckb24_um.o(.constdata)
</UL>
<P><STRONG><a name="[3c]"></a>BuleModeGWMac</STRONG> (Thumb, 18 bytes, Stack size 12 bytes, ckb24_um.o(i.BuleModeGWMac))
<BR><BR>[Stack]<UL><LI>Max Depth = 20<LI>Call Chain = BuleModeGWMac &rArr; CheckBlueModeCmd
</UL>
<BR>[Calls]<UL><LI><a href="#[b1]">&gt;&gt;</a>&nbsp;&nbsp;&nbsp;CheckBlueModeCmd
</UL>
<BR>[Address Reference Count : 1]<UL><LI> ckb24_um.o(.constdata)
</UL>
<P><STRONG><a name="[38]"></a>BuleModeGetName</STRONG> (Thumb, 46 bytes, Stack size 24 bytes, ckb24_um.o(i.BuleModeGetName))
<BR><BR>[Stack]<UL><LI>Max Depth = 72<LI>Call Chain = BuleModeGetName &rArr; GetCurrentTime &rArr; __2sprintf
</UL>
<BR>[Calls]<UL><LI><a href="#[6b]">&gt;&gt;</a>&nbsp;&nbsp;&nbsp;GetCurrentTime
<LI><a href="#[b1]">&gt;&gt;</a>&nbsp;&nbsp;&nbsp;CheckBlueModeCmd
<LI><a href="#[6c]">&gt;&gt;</a>&nbsp;&nbsp;&nbsp;__2printf
</UL>
<BR>[Address Reference Count : 1]<UL><LI> ckb24_um.o(.constdata)
</UL>
<P><STRONG><a name="[3d]"></a>BuleModePair</STRONG> (Thumb, 18 bytes, Stack size 12 bytes, ckb24_um.o(i.BuleModePair))
<BR><BR>[Stack]<UL><LI>Max Depth = 20<LI>Call Chain = BuleModePair &rArr; CheckBlueModeCmd
</UL>
<BR>[Calls]<UL><LI><a href="#[b1]">&gt;&gt;</a>&nbsp;&nbsp;&nbsp;CheckBlueModeCmd
</UL>
<BR>[Address Reference Count : 1]<UL><LI> ckb24_um.o(.constdata)
</UL>
<P><STRONG><a name="[36]"></a>BuleModeVers</STRONG> (Thumb, 18 bytes, Stack size 12 bytes, ckb24_um.o(i.BuleModeVers))
<BR><BR>[Stack]<UL><LI>Max Depth = 20<LI>Call Chain = BuleModeVers &rArr; CheckBlueModeCmd
</UL>
<BR>[Calls]<UL><LI><a href="#[b1]">&gt;&gt;</a>&nbsp;&nbsp;&nbsp;CheckBlueModeCmd
</UL>
<BR>[Address Reference Count : 1]<UL><LI> ckb24_um.o(.constdata)
</UL>
<P><STRONG><a name="[b2]"></a>BuleReconnect</STRONG> (Thumb, 238 bytes, Stack size 24 bytes, ckb24_um.o(i.BuleReconnect))
<BR><BR>[Stack]<UL><LI>Max Depth = 424<LI>Call Chain = BuleReconnect &rArr; BlueSendCmd &rArr; BlueCheckRes &rArr; FlashWriteSystemInfoData &rArr; FlashWriteData &rArr; Flash_Write &rArr; osMutexWait &rArr; xQueueGenericReceive &rArr; xTaskResumeAll &rArr; xTaskIncrementTick
</UL>
<BR>[Calls]<UL><LI><a href="#[7c]">&gt;&gt;</a>&nbsp;&nbsp;&nbsp;osDelay
<LI><a href="#[6b]">&gt;&gt;</a>&nbsp;&nbsp;&nbsp;GetCurrentTime
<LI><a href="#[9e]">&gt;&gt;</a>&nbsp;&nbsp;&nbsp;BlueSendCmd
<LI><a href="#[6c]">&gt;&gt;</a>&nbsp;&nbsp;&nbsp;__2printf
</UL>
<BR>[Called By]<UL><LI><a href="#[30]">&gt;&gt;</a>&nbsp;&nbsp;&nbsp;CK24_UMTask
</UL>

<P><STRONG><a name="[3a]"></a>BuleSetDevt</STRONG> (Thumb, 112 bytes, Stack size 24 bytes, ckb24_um.o(i.BuleSetDevt))
<BR><BR>[Stack]<UL><LI>Max Depth = 424<LI>Call Chain = BuleSetDevt &rArr; BlueSendCmd &rArr; BlueCheckRes &rArr; FlashWriteSystemInfoData &rArr; FlashWriteData &rArr; Flash_Write &rArr; osMutexWait &rArr; xQueueGenericReceive &rArr; xTaskResumeAll &rArr; xTaskIncrementTick
</UL>
<BR>[Calls]<UL><LI><a href="#[7c]">&gt;&gt;</a>&nbsp;&nbsp;&nbsp;osDelay
<LI><a href="#[6b]">&gt;&gt;</a>&nbsp;&nbsp;&nbsp;GetCurrentTime
<LI><a href="#[9e]">&gt;&gt;</a>&nbsp;&nbsp;&nbsp;BlueSendCmd
<LI><a href="#[6c]">&gt;&gt;</a>&nbsp;&nbsp;&nbsp;__2printf
</UL>
<BR>[Address Reference Count : 1]<UL><LI> ckb24_um.o(.constdata)
</UL>
<P><STRONG><a name="[3b]"></a>BuleSetGWMac</STRONG> (Thumb, 216 bytes, Stack size 32 bytes, ckb24_um.o(i.BuleSetGWMac))
<BR><BR>[Stack]<UL><LI>Max Depth = 480<LI>Call Chain = BuleSetGWMac &rArr; SetGateWay24GMacAddr &rArr; BlueSendCmd &rArr; BlueCheckRes &rArr; FlashWriteSystemInfoData &rArr; FlashWriteData &rArr; Flash_Write &rArr; osMutexWait &rArr; xQueueGenericReceive &rArr; xTaskResumeAll &rArr; xTaskIncrementTick
</UL>
<BR>[Calls]<UL><LI><a href="#[6b]">&gt;&gt;</a>&nbsp;&nbsp;&nbsp;GetCurrentTime
<LI><a href="#[82]">&gt;&gt;</a>&nbsp;&nbsp;&nbsp;isArraryEmpty
<LI><a href="#[66]">&gt;&gt;</a>&nbsp;&nbsp;&nbsp;BCDToString
<LI><a href="#[b3]">&gt;&gt;</a>&nbsp;&nbsp;&nbsp;SetGateWay24GMacAddr
<LI><a href="#[6c]">&gt;&gt;</a>&nbsp;&nbsp;&nbsp;__2printf
<LI><a href="#[a9]">&gt;&gt;</a>&nbsp;&nbsp;&nbsp;memcmp
</UL>
<BR>[Address Reference Count : 1]<UL><LI> ckb24_um.o(.constdata)
</UL>
<P><STRONG><a name="[37]"></a>BuleSetName</STRONG> (Thumb, 292 bytes, Stack size 40 bytes, ckb24_um.o(i.BuleSetName))
<BR><BR>[Stack]<UL><LI>Max Depth = 488<LI>Call Chain = BuleSetName &rArr; SetBlueName &rArr; BlueSendCmd &rArr; BlueCheckRes &rArr; FlashWriteSystemInfoData &rArr; FlashWriteData &rArr; Flash_Write &rArr; osMutexWait &rArr; xQueueGenericReceive &rArr; xTaskResumeAll &rArr; xTaskIncrementTick
</UL>
<BR>[Calls]<UL><LI><a href="#[6b]">&gt;&gt;</a>&nbsp;&nbsp;&nbsp;GetCurrentTime
<LI><a href="#[82]">&gt;&gt;</a>&nbsp;&nbsp;&nbsp;isArraryEmpty
<LI><a href="#[66]">&gt;&gt;</a>&nbsp;&nbsp;&nbsp;BCDToString
<LI><a href="#[b4]">&gt;&gt;</a>&nbsp;&nbsp;&nbsp;SetBlueName
<LI><a href="#[6c]">&gt;&gt;</a>&nbsp;&nbsp;&nbsp;__2printf
<LI><a href="#[a9]">&gt;&gt;</a>&nbsp;&nbsp;&nbsp;memcmp
</UL>
<BR>[Address Reference Count : 1]<UL><LI> ckb24_um.o(.constdata)
</UL>
<P><STRONG><a name="[b5]"></a>CK24_System_Init</STRONG> (Thumb, 50 bytes, Stack size 8 bytes, ckb24_um_handle.o(i.CK24_System_Init))
<BR><BR>[Stack]<UL><LI>Max Depth = 144<LI>Call Chain = CK24_System_Init &rArr; osSemaphoreCreate &rArr; xQueueCreateCountingSemaphore &rArr; xQueueGenericCreate &rArr; pvPortMalloc &rArr; xTaskResumeAll &rArr; xTaskIncrementTick
</UL>
<BR>[Calls]<UL><LI><a href="#[b6]">&gt;&gt;</a>&nbsp;&nbsp;&nbsp;osSemaphoreCreate
<LI><a href="#[b7]">&gt;&gt;</a>&nbsp;&nbsp;&nbsp;FIFO_S_Init
</UL>
<BR>[Called By]<UL><LI><a href="#[30]">&gt;&gt;</a>&nbsp;&nbsp;&nbsp;CK24_UMTask
</UL>

<P><STRONG><a name="[30]"></a>CK24_UMTask</STRONG> (Thumb, 234 bytes, Stack size 8 bytes, ckb24_um_handle.o(i.CK24_UMTask))
<BR><BR>[Stack]<UL><LI>Max Depth = 880<LI>Call Chain = CK24_UMTask &rArr; RecvBtData &rArr; BluePktProc &rArr; BlueReqBreak &rArr; SetBluePair &rArr; BlueSendCmd &rArr; BlueCheckRes &rArr; FlashWriteSystemInfoData &rArr; FlashWriteData &rArr; Flash_Write &rArr; osMutexWait &rArr; xQueueGenericReceive &rArr; xTaskResumeAll &rArr; xTaskIncrementTick
</UL>
<BR>[Calls]<UL><LI><a href="#[bd]">&gt;&gt;</a>&nbsp;&nbsp;&nbsp;RecvBtData
<LI><a href="#[be]">&gt;&gt;</a>&nbsp;&nbsp;&nbsp;CheckUpgradeWaitTimer
<LI><a href="#[b8]">&gt;&gt;</a>&nbsp;&nbsp;&nbsp;CKB24_UM_Init
<LI><a href="#[b2]">&gt;&gt;</a>&nbsp;&nbsp;&nbsp;BuleReconnect
<LI><a href="#[a2]">&gt;&gt;</a>&nbsp;&nbsp;&nbsp;BlueSendHeartBeat
<LI><a href="#[bc]">&gt;&gt;</a>&nbsp;&nbsp;&nbsp;UnpackRecv24GPack
<LI><a href="#[bb]">&gt;&gt;</a>&nbsp;&nbsp;&nbsp;CKBRecvProc
<LI><a href="#[b5]">&gt;&gt;</a>&nbsp;&nbsp;&nbsp;CK24_System_Init
<LI><a href="#[b9]">&gt;&gt;</a>&nbsp;&nbsp;&nbsp;xTaskGetTickCount
<LI><a href="#[7c]">&gt;&gt;</a>&nbsp;&nbsp;&nbsp;osDelay
<LI><a href="#[6b]">&gt;&gt;</a>&nbsp;&nbsp;&nbsp;GetCurrentTime
<LI><a href="#[ba]">&gt;&gt;</a>&nbsp;&nbsp;&nbsp;TestReadCardHandle
<LI><a href="#[6c]">&gt;&gt;</a>&nbsp;&nbsp;&nbsp;__2printf
</UL>
<BR>[Address Reference Count : 1]<UL><LI> main_handle.o(i.vMainTask)
</UL>
<P><STRONG><a name="[bf]"></a>CKB24_UMGPIO_Conf</STRONG> (Thumb, 102 bytes, Stack size 16 bytes, ckb24_um.o(i.CKB24_UMGPIO_Conf))
<BR><BR>[Stack]<UL><LI>Max Depth = 24<LI>Call Chain = CKB24_UMGPIO_Conf &rArr; HT_GPIO_Init
</UL>
<BR>[Calls]<UL><LI><a href="#[a1]">&gt;&gt;</a>&nbsp;&nbsp;&nbsp;HT_GPIO_BitsSet
<LI><a href="#[c0]">&gt;&gt;</a>&nbsp;&nbsp;&nbsp;HT_GPIO_Init
</UL>
<BR>[Called By]<UL><LI><a href="#[b8]">&gt;&gt;</a>&nbsp;&nbsp;&nbsp;CKB24_UM_Init
</UL>

<P><STRONG><a name="[b0]"></a>CKB24_UM_HardReset</STRONG> (Thumb, 36 bytes, Stack size 8 bytes, ckb24_um.o(i.CKB24_UM_HardReset))
<BR><BR>[Stack]<UL><LI>Max Depth = 80<LI>Call Chain = CKB24_UM_HardReset &rArr; osDelay &rArr; vTaskDelay &rArr; xTaskResumeAll &rArr; xTaskIncrementTick
</UL>
<BR>[Calls]<UL><LI><a href="#[a1]">&gt;&gt;</a>&nbsp;&nbsp;&nbsp;HT_GPIO_BitsSet
<LI><a href="#[7c]">&gt;&gt;</a>&nbsp;&nbsp;&nbsp;osDelay
<LI><a href="#[9f]">&gt;&gt;</a>&nbsp;&nbsp;&nbsp;HT_GPIO_BitsReset
</UL>
<BR>[Called By]<UL><LI><a href="#[34]">&gt;&gt;</a>&nbsp;&nbsp;&nbsp;BuleCheckReset
</UL>

<P><STRONG><a name="[b8]"></a>CKB24_UM_Init</STRONG> (Thumb, 16 bytes, Stack size 8 bytes, ckb24_um.o(i.CKB24_UM_Init))
<BR><BR>[Stack]<UL><LI>Max Depth = 160<LI>Call Chain = CKB24_UM_Init &rArr; UART4_Init &rArr; osMutexCreate &rArr; xQueueCreateMutex &rArr; xQueueGenericSend &rArr; prvCopyDataToQueue &rArr; xTaskPriorityDisinherit
</UL>
<BR>[Calls]<UL><LI><a href="#[c1]">&gt;&gt;</a>&nbsp;&nbsp;&nbsp;UART4_Init
<LI><a href="#[bf]">&gt;&gt;</a>&nbsp;&nbsp;&nbsp;CKB24_UMGPIO_Conf
</UL>
<BR>[Called By]<UL><LI><a href="#[30]">&gt;&gt;</a>&nbsp;&nbsp;&nbsp;CK24_UMTask
</UL>

<P><STRONG><a name="[bb]"></a>CKBRecvProc</STRONG> (Thumb, 958 bytes, Stack size 296 bytes, ckb24_um_handle.o(i.CKBRecvProc))
<BR><BR>[Stack]<UL><LI>Max Depth = 384<LI>Call Chain = CKBRecvProc &rArr; PrintfData &rArr; GetCurrentTime &rArr; __2sprintf
</UL>
<BR>[Calls]<UL><LI><a href="#[c2]">&gt;&gt;</a>&nbsp;&nbsp;&nbsp;FIFO_S_Put
<LI><a href="#[7d]">&gt;&gt;</a>&nbsp;&nbsp;&nbsp;FIFO_S_Get
<LI><a href="#[92]">&gt;&gt;</a>&nbsp;&nbsp;&nbsp;__ARM_common_switch8
<LI><a href="#[ae]">&gt;&gt;</a>&nbsp;&nbsp;&nbsp;vTaskDelay
<LI><a href="#[6b]">&gt;&gt;</a>&nbsp;&nbsp;&nbsp;GetCurrentTime
<LI><a href="#[85]">&gt;&gt;</a>&nbsp;&nbsp;&nbsp;PrintfData
<LI><a href="#[6c]">&gt;&gt;</a>&nbsp;&nbsp;&nbsp;__2printf
</UL>
<BR>[Called By]<UL><LI><a href="#[30]">&gt;&gt;</a>&nbsp;&nbsp;&nbsp;CK24_UMTask
</UL>

<P><STRONG><a name="[c3]"></a>COM_UpgradeNotiProc_BTRF2_4G</STRONG> (Thumb, 98 bytes, Stack size 24 bytes, comm_proto.o(i.COM_UpgradeNotiProc_BTRF2_4G))
<BR><BR>[Stack]<UL><LI>Max Depth = 296<LI>Call Chain = COM_UpgradeNotiProc_BTRF2_4G &rArr; Upgrade_Init &rArr; FlashWriteData &rArr; Flash_Write &rArr; osMutexWait &rArr; xQueueGenericReceive &rArr; xTaskResumeAll &rArr; xTaskIncrementTick
</UL>
<BR>[Calls]<UL><LI><a href="#[90]">&gt;&gt;</a>&nbsp;&nbsp;&nbsp;Upgrade_Init
<LI><a href="#[98]">&gt;&gt;</a>&nbsp;&nbsp;&nbsp;OpenUpgradeReqestFlag
<LI><a href="#[c5]">&gt;&gt;</a>&nbsp;&nbsp;&nbsp;OpenUARTUpgradeFlag
<LI><a href="#[c4]">&gt;&gt;</a>&nbsp;&nbsp;&nbsp;CloseBlueToothUpgradeFlag
<LI><a href="#[77]">&gt;&gt;</a>&nbsp;&nbsp;&nbsp;__aeabi_uread4
<LI><a href="#[6c]">&gt;&gt;</a>&nbsp;&nbsp;&nbsp;__2printf
</UL>
<BR>[Called By]<UL><LI><a href="#[101]">&gt;&gt;</a>&nbsp;&nbsp;&nbsp;DebugPktProc
</UL>

<P><STRONG><a name="[8d]"></a>COM_Upgrade_Write</STRONG> (Thumb, 354 bytes, Stack size 56 bytes, upgrade.o(i.COM_Upgrade_Write))
<BR><BR>[Stack]<UL><LI>Max Depth = 272<LI>Call Chain = COM_Upgrade_Write &rArr; Upgrade_Write &rArr; Flash_Write &rArr; osMutexWait &rArr; xQueueGenericReceive &rArr; xTaskResumeAll &rArr; xTaskIncrementTick
</UL>
<BR>[Calls]<UL><LI><a href="#[6b]">&gt;&gt;</a>&nbsp;&nbsp;&nbsp;GetCurrentTime
<LI><a href="#[c6]">&gt;&gt;</a>&nbsp;&nbsp;&nbsp;Flash_Write
<LI><a href="#[c7]">&gt;&gt;</a>&nbsp;&nbsp;&nbsp;Upgrade_Write
<LI><a href="#[76]">&gt;&gt;</a>&nbsp;&nbsp;&nbsp;__aeabi_uwrite4
<LI><a href="#[77]">&gt;&gt;</a>&nbsp;&nbsp;&nbsp;__aeabi_uread4
<LI><a href="#[6c]">&gt;&gt;</a>&nbsp;&nbsp;&nbsp;__2printf
<LI><a href="#[a9]">&gt;&gt;</a>&nbsp;&nbsp;&nbsp;memcmp
</UL>
<BR>[Called By]<UL><LI><a href="#[101]">&gt;&gt;</a>&nbsp;&nbsp;&nbsp;DebugPktProc
<LI><a href="#[8c]">&gt;&gt;</a>&nbsp;&nbsp;&nbsp;BlueFWDownLoad
</UL>

<P><STRONG><a name="[c8]"></a>CalcuElec</STRONG> (Thumb, 502 bytes, Stack size 24 bytes, emu_info.o(i.CalcuElec))
<BR><BR>[Stack]<UL><LI>Max Depth = 80<LI>Call Chain = CalcuElec &rArr; __aeabi_uldivmod &rArr; __aeabi_llsl
</UL>
<BR>[Calls]<UL><LI><a href="#[c9]">&gt;&gt;</a>&nbsp;&nbsp;&nbsp;ReadEMU_Info
<LI><a href="#[43]">&gt;&gt;</a>&nbsp;&nbsp;&nbsp;__aeabi_uldivmod
</UL>
<BR>[Called By]<UL><LI><a href="#[15]">&gt;&gt;</a>&nbsp;&nbsp;&nbsp;TIMER_0_IRQHandler
</UL>

<P><STRONG><a name="[ca]"></a>CardAuthAckResult_BTRF2_4G</STRONG> (Thumb, 58 bytes, Stack size 136 bytes, 24g_proto.o(i.CardAuthAckResult_BTRF2_4G))
<BR><BR>[Stack]<UL><LI>Max Depth = 328<LI>Call Chain = CardAuthAckResult_BTRF2_4G &rArr; SendProtoPkt_BTRF2_4G &rArr; SendBlueTooth2_4GPkt &rArr; Uart_Send &rArr; osMutexWait &rArr; xQueueGenericReceive &rArr; xTaskResumeAll &rArr; xTaskIncrementTick
</UL>
<BR>[Calls]<UL><LI><a href="#[85]">&gt;&gt;</a>&nbsp;&nbsp;&nbsp;PrintfData
<LI><a href="#[cb]">&gt;&gt;</a>&nbsp;&nbsp;&nbsp;SendProtoPkt_BTRF2_4G
<LI><a href="#[7f]">&gt;&gt;</a>&nbsp;&nbsp;&nbsp;__aeabi_memclr4
</UL>
<BR>[Called By]<UL><LI><a href="#[cf]">&gt;&gt;</a>&nbsp;&nbsp;&nbsp;CardAuthResult_BTRF2_4G
</UL>

<P><STRONG><a name="[cc]"></a>CardAuthAck_BTRF2_4G</STRONG> (Thumb, 126 bytes, Stack size 24 bytes, 24g_proto.o(i.CardAuthAck_BTRF2_4G))
<BR><BR>[Stack]<UL><LI>Max Depth = 132<LI>Call Chain = CardAuthAck_BTRF2_4G &rArr; GetRtcCount &rArr; GetTimeStamp &rArr; mktime &rArr; __aeabi_idivmod &rArr; __aeabi_uidivmod
</UL>
<BR>[Calls]<UL><LI><a href="#[74]">&gt;&gt;</a>&nbsp;&nbsp;&nbsp;GetRtcCount
<LI><a href="#[6b]">&gt;&gt;</a>&nbsp;&nbsp;&nbsp;GetCurrentTime
<LI><a href="#[cd]">&gt;&gt;</a>&nbsp;&nbsp;&nbsp;OpenCheckTimeOver
<LI><a href="#[ce]">&gt;&gt;</a>&nbsp;&nbsp;&nbsp;OptFailNotice
<LI><a href="#[6c]">&gt;&gt;</a>&nbsp;&nbsp;&nbsp;__2printf
</UL>
<BR>[Called By]<UL><LI><a href="#[1a7]">&gt;&gt;</a>&nbsp;&nbsp;&nbsp;_24gRecvProc
</UL>

<P><STRONG><a name="[cf]"></a>CardAuthResult_BTRF2_4G</STRONG> (Thumb, 966 bytes, Stack size 32 bytes, 24g_proto.o(i.CardAuthResult_BTRF2_4G))
[...]
</UL>

<P><STRONG><a name="[1b4]"></a>xTaskGenericCreate</STRONG> (Thumb, 278 bytes, Stack size 48 bytes, tasks.o(i.xTaskGenericCreate))
<BR><BR>[Stack]<UL><LI>Max Depth = 136<LI>Call Chain = xTaskGenericCreate &rArr; prvAllocateTCBAndStack &rArr; pvPortMalloc &rArr; xTaskResumeAll &rArr; xTaskIncrementTick
</UL>
<BR>[Calls]<UL><LI><a href="#[1c5]">&gt;&gt;</a>&nbsp;&nbsp;&nbsp;vPortExitCritical
<LI><a href="#[1c3]">&gt;&gt;</a>&nbsp;&nbsp;&nbsp;vPortEnterCritical
<LI><a href="#[1e2]">&gt;&gt;</a>&nbsp;&nbsp;&nbsp;pxPortInitialiseStack
<LI><a href="#[1cd]">&gt;&gt;</a>&nbsp;&nbsp;&nbsp;prvInitialiseTaskLists
<LI><a href="#[1cb]">&gt;&gt;</a>&nbsp;&nbsp;&nbsp;prvInitialiseTCBVariables
<LI><a href="#[1bd]">&gt;&gt;</a>&nbsp;&nbsp;&nbsp;prvAllocateTCBAndStack
<LI><a href="#[1d8]">&gt;&gt;</a>&nbsp;&nbsp;&nbsp;vListInsertEnd
</UL>
<BR>[Called By]<UL><LI><a href="#[1b5]">&gt;&gt;</a>&nbsp;&nbsp;&nbsp;vTaskStartScheduler
<LI><a href="#[2e]">&gt;&gt;</a>&nbsp;&nbsp;&nbsp;vMainTask
<LI><a href="#[25]">&gt;&gt;</a>&nbsp;&nbsp;&nbsp;main
</UL>

<P><STRONG><a name="[1de]"></a>xTaskGetSchedulerState</STRONG> (Thumb, 28 bytes, Stack size 0 bytes, tasks.o(i.xTaskGetSchedulerState))
<BR><BR>[Called By]<UL><LI><a href="#[1a6]">&gt;&gt;</a>&nbsp;&nbsp;&nbsp;xQueueGenericReceive
<LI><a href="#[1b8]">&gt;&gt;</a>&nbsp;&nbsp;&nbsp;xQueueGenericSend
</UL>

<P><STRONG><a name="[b9]"></a>xTaskGetTickCount</STRONG> (Thumb, 6 bytes, Stack size 0 bytes, tasks.o(i.xTaskGetTickCount))
<BR><BR>[Called By]<UL><LI><a href="#[be]">&gt;&gt;</a>&nbsp;&nbsp;&nbsp;CheckUpgradeWaitTimer
<LI><a href="#[31]">&gt;&gt;</a>&nbsp;&nbsp;&nbsp;CardAuthTask
<LI><a href="#[30]">&gt;&gt;</a>&nbsp;&nbsp;&nbsp;CK24_UMTask
<LI><a href="#[fe]">&gt;&gt;</a>&nbsp;&nbsp;&nbsp;Sc8042bSpeechStartChargerFail
<LI><a href="#[cd]">&gt;&gt;</a>&nbsp;&nbsp;&nbsp;OpenCheckTimeOver
<LI><a href="#[fd]">&gt;&gt;</a>&nbsp;&nbsp;&nbsp;GreenLedToggle
<LI><a href="#[e7]">&gt;&gt;</a>&nbsp;&nbsp;&nbsp;CheckCardTimeLenth
<LI><a href="#[2e]">&gt;&gt;</a>&nbsp;&nbsp;&nbsp;vMainTask
<LI><a href="#[f6]">&gt;&gt;</a>&nbsp;&nbsp;&nbsp;ClearUpgradeWaitTimer
</UL>

<P><STRONG><a name="[18c]"></a>xTaskIncrementTick</STRONG> (Thumb, 222 bytes, Stack size 24 bytes, tasks.o(i.xTaskIncrementTick))
<BR><BR>[Stack]<UL><LI>Max Depth = 24<LI>Call Chain = xTaskIncrementTick
</UL>
<BR>[Calls]<UL><LI><a href="#[1e3]">&gt;&gt;</a>&nbsp;&nbsp;&nbsp;prvResetNextTaskUnblockTime
<LI><a href="#[1d8]">&gt;&gt;</a>&nbsp;&nbsp;&nbsp;vListInsertEnd
<LI><a href="#[1c4]">&gt;&gt;</a>&nbsp;&nbsp;&nbsp;uxListRemove
</UL>
<BR>[Called By]<UL><LI><a href="#[5]">&gt;&gt;</a>&nbsp;&nbsp;&nbsp;SysTick_Handler
<LI><a href="#[1c2]">&gt;&gt;</a>&nbsp;&nbsp;&nbsp;xTaskResumeAll
</UL>

<P><STRONG><a name="[1c9]"></a>xTaskPriorityDisinherit</STRONG> (Thumb, 124 bytes, Stack size 16 bytes, tasks.o(i.xTaskPriorityDisinherit))
<BR><BR>[Stack]<UL><LI>Max Depth = 16<LI>Call Chain = xTaskPriorityDisinherit
</UL>
<BR>[Calls]<UL><LI><a href="#[1d8]">&gt;&gt;</a>&nbsp;&nbsp;&nbsp;vListInsertEnd
<LI><a href="#[1c4]">&gt;&gt;</a>&nbsp;&nbsp;&nbsp;uxListRemove
</UL>
<BR>[Called By]<UL><LI><a href="#[1c8]">&gt;&gt;</a>&nbsp;&nbsp;&nbsp;prvCopyDataToQueue
</UL>

<P><STRONG><a name="[1d2]"></a>xTaskRemoveFromEventList</STRONG> (Thumb, 112 bytes, Stack size 16 bytes, tasks.o(i.xTaskRemoveFromEventList))
<BR><BR>[Stack]<UL><LI>Max Depth = 16<LI>Call Chain = xTaskRemoveFromEventList
</UL>
<BR>[Calls]<UL><LI><a href="#[1d8]">&gt;&gt;</a>&nbsp;&nbsp;&nbsp;vListInsertEnd
<LI><a href="#[1c4]">&gt;&gt;</a>&nbsp;&nbsp;&nbsp;uxListRemove
</UL>
<BR>[Called By]<UL><LI><a href="#[19a]">&gt;&gt;</a>&nbsp;&nbsp;&nbsp;xQueueGiveFromISR
<LI><a href="#[1a6]">&gt;&gt;</a>&nbsp;&nbsp;&nbsp;xQueueGenericReceive
<LI><a href="#[1b9]">&gt;&gt;</a>&nbsp;&nbsp;&nbsp;xQueueReceiveFromISR
<LI><a href="#[1b8]">&gt;&gt;</a>&nbsp;&nbsp;&nbsp;xQueueGenericSend
<LI><a href="#[1dd]">&gt;&gt;</a>&nbsp;&nbsp;&nbsp;xQueueGenericReset
<LI><a href="#[1d1]">&gt;&gt;</a>&nbsp;&nbsp;&nbsp;prvUnlockQueue
</UL>

<P><STRONG><a name="[1c2]"></a>xTaskResumeAll</STRONG> (Thumb, 192 bytes, Stack size 16 bytes, tasks.o(i.xTaskResumeAll))
<BR><BR>[Stack]<UL><LI>Max Depth = 40<LI>Call Chain = xTaskResumeAll &rArr; xTaskIncrementTick
</UL>
<BR>[Calls]<UL><LI><a href="#[1c5]">&gt;&gt;</a>&nbsp;&nbsp;&nbsp;vPortExitCritical
<LI><a href="#[1c3]">&gt;&gt;</a>&nbsp;&nbsp;&nbsp;vPortEnterCritical
<LI><a href="#[18c]">&gt;&gt;</a>&nbsp;&nbsp;&nbsp;xTaskIncrementTick
<LI><a href="#[1d8]">&gt;&gt;</a>&nbsp;&nbsp;&nbsp;vListInsertEnd
<LI><a href="#[1c4]">&gt;&gt;</a>&nbsp;&nbsp;&nbsp;uxListRemove
</UL>
<BR>[Called By]<UL><LI><a href="#[ae]">&gt;&gt;</a>&nbsp;&nbsp;&nbsp;vTaskDelay
<LI><a href="#[1a6]">&gt;&gt;</a>&nbsp;&nbsp;&nbsp;xQueueGenericReceive
<LI><a href="#[1bf]">&gt;&gt;</a>&nbsp;&nbsp;&nbsp;vPortFree
<LI><a href="#[1be]">&gt;&gt;</a>&nbsp;&nbsp;&nbsp;pvPortMalloc
<LI><a href="#[1c0]">&gt;&gt;</a>&nbsp;&nbsp;&nbsp;prvCheckTasksWaitingTermination
<LI><a href="#[1b8]">&gt;&gt;</a>&nbsp;&nbsp;&nbsp;xQueueGenericSend
</UL>
<P>
<H3>
Local Symbols
</H3>
<P><STRONG><a name="[178]"></a>NVIC_SystemReset</STRONG> (Thumb, 18 bytes, Stack size 0 bytes, main_handle.o(i.NVIC_SystemReset))
<BR><BR>[Called By]<UL><LI><a href="#[145]">&gt;&gt;</a>&nbsp;&nbsp;&nbsp;SendOrderReport
</UL>

<P><STRONG><a name="[125]"></a>NVIC_SystemReset</STRONG> (Thumb, 18 bytes, Stack size 0 bytes, 24g_proto.o(i.NVIC_SystemReset))
<BR><BR>[Called By]<UL><LI><a href="#[16d]">&gt;&gt;</a>&nbsp;&nbsp;&nbsp;RemoteCtrlProc_BTRF2_4G
<LI><a href="#[121]">&gt;&gt;</a>&nbsp;&nbsp;&nbsp;FWDownLoadProc_BTRF2_4G
</UL>

<P><STRONG><a name="[16c]"></a>RemoteCtrlBtRf2_4g</STRONG> (Thumb, 46 bytes, Stack size 16 bytes, 24g_proto.o(i.RemoteCtrlBtRf2_4g))
<BR><BR>[Stack]<UL><LI>Max Depth = 88<LI>Call Chain = RemoteCtrlBtRf2_4g &rArr; GunTurnOn &rArr; GetCurrentTime &rArr; __2sprintf
</UL>
<BR>[Calls]<UL><LI><a href="#[79]">&gt;&gt;</a>&nbsp;&nbsp;&nbsp;GunTurnOn
<LI><a href="#[107]">&gt;&gt;</a>&nbsp;&nbsp;&nbsp;GunTurnOff
</UL>
<BR>[Called By]<UL><LI><a href="#[16d]">&gt;&gt;</a>&nbsp;&nbsp;&nbsp;RemoteCtrlProc_BTRF2_4G
</UL>

<P><STRONG><a name="[106]"></a>NVIC_SystemReset</STRONG> (Thumb, 18 bytes, Stack size 0 bytes, comm_proto.o(i.NVIC_SystemReset))
<BR><BR>[Called By]<UL><LI><a href="#[101]">&gt;&gt;</a>&nbsp;&nbsp;&nbsp;DebugPktProc
</UL>

<P><STRONG><a name="[11a]"></a>NVIC_ClearPendingIRQ</STRONG> (Thumb, 14 bytes, Stack size 0 bytes, pmu.o(i.NVIC_ClearPendingIRQ))
<BR><BR>[Called By]<UL><LI><a href="#[dd]">&gt;&gt;</a>&nbsp;&nbsp;&nbsp;Enter_StandBy
<LI><a href="#[119]">&gt;&gt;</a>&nbsp;&nbsp;&nbsp;enter_hold_init
</UL>

<P><STRONG><a name="[116]"></a>NVIC_EnableIRQ</STRONG> (Thumb, 14 bytes, Stack size 0 bytes, pmu.o(i.NVIC_EnableIRQ))
<BR><BR>[Called By]<UL><LI><a href="#[149]">&gt;&gt;</a>&nbsp;&nbsp;&nbsp;PMU_Init
<LI><a href="#[dd]">&gt;&gt;</a>&nbsp;&nbsp;&nbsp;Enter_StandBy
<LI><a href="#[119]">&gt;&gt;</a>&nbsp;&nbsp;&nbsp;enter_hold_init
</UL>

<P><STRONG><a name="[1b2]"></a>NVIC_SetPriority</STRONG> (Thumb, 110 bytes, Stack size 8 bytes, pmu.o(i.NVIC_SetPriority))
<BR><BR>[Stack]<UL><LI>Max Depth = 8<LI>Call Chain = NVIC_SetPriority
</UL>
<BR>[Called By]<UL><LI><a href="#[119]">&gt;&gt;</a>&nbsp;&nbsp;&nbsp;enter_hold_init
</UL>

<P><STRONG><a name="[1a1]"></a>NVIC_ClearPendingIRQ</STRONG> (Thumb, 14 bytes, Stack size 0 bytes, uart.o(i.NVIC_ClearPendingIRQ))
<BR><BR>[Called By]<UL><LI><a href="#[fc]">&gt;&gt;</a>&nbsp;&nbsp;&nbsp;UART3_Init
<LI><a href="#[c1]">&gt;&gt;</a>&nbsp;&nbsp;&nbsp;UART4_Init
</UL>

<P><STRONG><a name="[1a3]"></a>NVIC_EnableIRQ</STRONG> (Thumb, 14 bytes, Stack size 0 bytes, uart.o(i.NVIC_EnableIRQ))
<BR><BR>[Called By]<UL><LI><a href="#[fc]">&gt;&gt;</a>&nbsp;&nbsp;&nbsp;UART3_Init
<LI><a href="#[c1]">&gt;&gt;</a>&nbsp;&nbsp;&nbsp;UART4_Init
</UL>

<P><STRONG><a name="[1a2]"></a>NVIC_SetPriority</STRONG> (Thumb, 110 bytes, Stack size 8 bytes, uart.o(i.NVIC_SetPriority))
<BR><BR>[Stack]<UL><LI>Max Depth = 8<LI>Call Chain = NVIC_SetPriority
</UL>
<BR>[Called By]<UL><LI><a href="#[fc]">&gt;&gt;</a>&nbsp;&nbsp;&nbsp;UART3_Init
<LI><a href="#[c1]">&gt;&gt;</a>&nbsp;&nbsp;&nbsp;UART4_Init
</UL>

<P><STRONG><a name="[1a5]"></a>USART_SendData</STRONG> (Thumb, 24 bytes, Stack size 16 bytes, uart.o(i.USART_SendData))
<BR><BR>[Stack]<UL><LI>Max Depth = 104<LI>Call Chain = USART_SendData &rArr; xQueueGenericReceive &rArr; xTaskResumeAll &rArr; xTaskIncrementTick
</UL>
<BR>[Calls]<UL><LI><a href="#[1a6]">&gt;&gt;</a>&nbsp;&nbsp;&nbsp;xQueueGenericReceive
</UL>
<BR>[Called By]<UL><LI><a href="#[a0]">&gt;&gt;</a>&nbsp;&nbsp;&nbsp;Uart_Send
</UL>

<P><STRONG><a name="[184]"></a>NVIC_EnableIRQ</STRONG> (Thumb, 14 bytes, Stack size 0 bytes, simuart.o(i.NVIC_EnableIRQ))
<BR><BR>[Called By]<UL><LI><a href="#[6a]">&gt;&gt;</a>&nbsp;&nbsp;&nbsp;SimuartInit
</UL>

<P><STRONG><a name="[13f]"></a>Wait2mS</STRONG> (Thumb, 36 bytes, Stack size 8 bytes, ht6xxx_cmu.o(i.Wait2mS))
<BR><BR>[Stack]<UL><LI>Max Depth = 8<LI>Call Chain = Wait2mS
</UL>
<BR>[Calls]<UL><LI><a href="#[141]">&gt;&gt;</a>&nbsp;&nbsp;&nbsp;HT_CMU_SysClkGet
</UL>
<BR>[Called By]<UL><LI><a href="#[13e]">&gt;&gt;</a>&nbsp;&nbsp;&nbsp;HT_CMU_Init
</UL>

<P><STRONG><a name="[1c7]"></a>prvCopyDataFromQueue</STRONG> (Thumb, 44 bytes, Stack size 16 bytes, queue.o(i.prvCopyDataFromQueue))
<BR><BR>[Stack]<UL><LI>Max Depth = 16<LI>Call Chain = prvCopyDataFromQueue
</UL>
<BR>[Calls]<UL><LI><a href="#[75]">&gt;&gt;</a>&nbsp;&nbsp;&nbsp;__aeabi_memcpy
</UL>
<BR>[Called By]<UL><LI><a href="#[1a6]">&gt;&gt;</a>&nbsp;&nbsp;&nbsp;xQueueGenericReceive
<LI><a href="#[1b9]">&gt;&gt;</a>&nbsp;&nbsp;&nbsp;xQueueReceiveFromISR
</UL>

<P><STRONG><a name="[1c8]"></a>prvCopyDataToQueue</STRONG> (Thumb, 132 bytes, Stack size 24 bytes, queue.o(i.prvCopyDataToQueue))
<BR><BR>[Stack]<UL><LI>Max Depth = 40<LI>Call Chain = prvCopyDataToQueue &rArr; xTaskPriorityDisinherit
</UL>
<BR>[Calls]<UL><LI><a href="#[1c9]">&gt;&gt;</a>&nbsp;&nbsp;&nbsp;xTaskPriorityDisinherit
<LI><a href="#[75]">&gt;&gt;</a>&nbsp;&nbsp;&nbsp;__aeabi_memcpy
</UL>
<BR>[Called By]<UL><LI><a href="#[1b8]">&gt;&gt;</a>&nbsp;&nbsp;&nbsp;xQueueGenericSend
</UL>

<P><STRONG><a name="[1cf]"></a>prvIsQueueEmpty</STRONG> (Thumb, 28 bytes, Stack size 16 bytes, queue.o(i.prvIsQueueEmpty))
<BR><BR>[Stack]<UL><LI>Max Depth = 16<LI>Call Chain = prvIsQueueEmpty
</UL>
<BR>[Calls]<UL><LI><a href="#[1c5]">&gt;&gt;</a>&nbsp;&nbsp;&nbsp;vPortExitCritical
<LI><a href="#[1c3]">&gt;&gt;</a>&nbsp;&nbsp;&nbsp;vPortEnterCritical
</UL>
<BR>[Called By]<UL><LI><a href="#[1a6]">&gt;&gt;</a>&nbsp;&nbsp;&nbsp;xQueueGenericReceive
</UL>

<P><STRONG><a name="[1d0]"></a>prvIsQueueFull</STRONG> (Thumb, 30 bytes, Stack size 16 bytes, queue.o(i.prvIsQueueFull))
<BR><BR>[Stack]<UL><LI>Max Depth = 16<LI>Call Chain = prvIsQueueFull
</UL>
<BR>[Calls]<UL><LI><a href="#[1c5]">&gt;&gt;</a>&nbsp;&nbsp;&nbsp;vPortExitCritical
<LI><a href="#[1c3]">&gt;&gt;</a>&nbsp;&nbsp;&nbsp;vPortEnterCritical
</UL>
<BR>[Called By]<UL><LI><a href="#[1b8]">&gt;&gt;</a>&nbsp;&nbsp;&nbsp;xQueueGenericSend
</UL>

<P><STRONG><a name="[1d1]"></a>prvUnlockQueue</STRONG> (Thumb, 138 bytes, Stack size 8 bytes, queue.o(i.prvUnlockQueue))
<BR><BR>[Stack]<UL><LI>Max Depth = 24<LI>Call Chain = prvUnlockQueue &rArr; xTaskRemoveFromEventList
</UL>
<BR>[Calls]<UL><LI><a href="#[1c5]">&gt;&gt;</a>&nbsp;&nbsp;&nbsp;vPortExitCritical
<LI><a href="#[1c3]">&gt;&gt;</a>&nbsp;&nbsp;&nbsp;vPortEnterCritical
<LI><a href="#[1d2]">&gt;&gt;</a>&nbsp;&nbsp;&nbsp;xTaskRemoveFromEventList
<LI><a href="#[1d3]">&gt;&gt;</a>&nbsp;&nbsp;&nbsp;vTaskMissedYield
</UL>
<BR>[Called By]<UL><LI><a href="#[1a6]">&gt;&gt;</a>&nbsp;&nbsp;&nbsp;xQueueGenericReceive
<LI><a href="#[1b8]">&gt;&gt;</a>&nbsp;&nbsp;&nbsp;xQueueGenericSend
</UL>

<P><STRONG><a name="[1bb]"></a>prvAddCurrentTaskToDelayedList</STRONG> (Thumb, 62 bytes, Stack size 8 bytes, tasks.o(i.prvAddCurrentTaskToDelayedList))
<BR><BR>[Stack]<UL><LI>Max Depth = 16<LI>Call Chain = prvAddCurrentTaskToDelayedList &rArr; vListInsert
</UL>
<BR>[Calls]<UL><LI><a href="#[1bc]">&gt;&gt;</a>&nbsp;&nbsp;&nbsp;vListInsert
</UL>
<BR>[Called By]<UL><LI><a href="#[ae]">&gt;&gt;</a>&nbsp;&nbsp;&nbsp;vTaskDelay
<LI><a href="#[1d7]">&gt;&gt;</a>&nbsp;&nbsp;&nbsp;vTaskPlaceOnEventList
</UL>

<P><STRONG><a name="[1bd]"></a>prvAllocateTCBAndStack</STRONG> (Thumb, 70 bytes, Stack size 24 bytes, tasks.o(i.prvAllocateTCBAndStack))
<BR><BR>[Stack]<UL><LI>Max Depth = 88<LI>Call Chain = prvAllocateTCBAndStack &rArr; pvPortMalloc &rArr; xTaskResumeAll &rArr; xTaskIncrementTick
</UL>
<BR>[Calls]<UL><LI><a href="#[1bf]">&gt;&gt;</a>&nbsp;&nbsp;&nbsp;vPortFree
<LI><a href="#[1be]">&gt;&gt;</a>&nbsp;&nbsp;&nbsp;pvPortMalloc
<LI><a href="#[49]">&gt;&gt;</a>&nbsp;&nbsp;&nbsp;__aeabi_memset
</UL>
<BR>[Called By]<UL><LI><a href="#[1b4]">&gt;&gt;</a>&nbsp;&nbsp;&nbsp;xTaskGenericCreate
</UL>

<P><STRONG><a name="[1c0]"></a>prvCheckTasksWaitingTermination</STRONG> (Thumb, 90 bytes, Stack size 16 bytes, tasks.o(i.prvCheckTasksWaitingTermination))
<BR><BR>[Stack]<UL><LI>Max Depth = 80<LI>Call Chain = prvCheckTasksWaitingTermination &rArr; prvDeleteTCB &rArr; vPortFree &rArr; xTaskResumeAll &rArr; xTaskIncrementTick
</UL>
<BR>[Calls]<UL><LI><a href="#[1c5]">&gt;&gt;</a>&nbsp;&nbsp;&nbsp;vPortExitCritical
<LI><a href="#[1c3]">&gt;&gt;</a>&nbsp;&nbsp;&nbsp;vPortEnterCritical
<LI><a href="#[1c6]">&gt;&gt;</a>&nbsp;&nbsp;&nbsp;prvDeleteTCB
<LI><a href="#[1c4]">&gt;&gt;</a>&nbsp;&nbsp;&nbsp;uxListRemove
<LI><a href="#[1c2]">&gt;&gt;</a>&nbsp;&nbsp;&nbsp;xTaskResumeAll
<LI><a href="#[1c1]">&gt;&gt;</a>&nbsp;&nbsp;&nbsp;vTaskSuspendAll
</UL>
<BR>[Called By]<UL><LI><a href="#[33]">&gt;&gt;</a>&nbsp;&nbsp;&nbsp;prvIdleTask
</UL>

<P><STRONG><a name="[1c6]"></a>prvDeleteTCB</STRONG> (Thumb, 18 bytes, Stack size 8 bytes, tasks.o(i.prvDeleteTCB))
<BR><BR>[Stack]<UL><LI>Max Depth = 64<LI>Call Chain = prvDeleteTCB &rArr; vPortFree &rArr; xTaskResumeAll &rArr; xTaskIncrementTick
</UL>
<BR>[Calls]<UL><LI><a href="#[1bf]">&gt;&gt;</a>&nbsp;&nbsp;&nbsp;vPortFree
</UL>
<BR>[Called By]<UL><LI><a href="#[1c0]">&gt;&gt;</a>&nbsp;&nbsp;&nbsp;prvCheckTasksWaitingTermination
</UL>

<P><STRONG><a name="[33]"></a>prvIdleTask</STRONG> (Thumb, 12 bytes, Stack size 0 bytes, tasks.o(i.prvIdleTask))
<BR><BR>[Stack]<UL><LI>Max Depth = 80<LI>Call Chain = prvIdleTask &rArr; prvCheckTasksWaitingTermination &rArr; prvDeleteTCB &rArr; vPortFree &rArr; xTaskResumeAll &rArr; xTaskIncrementTick
</UL>
<BR>[Calls]<UL><LI><a href="#[1ca]">&gt;&gt;</a>&nbsp;&nbsp;&nbsp;vPortYield
<LI><a href="#[1c0]">&gt;&gt;</a>&nbsp;&nbsp;&nbsp;prvCheckTasksWaitingTermination
</UL>
<BR>[Address Reference Count : 1]<UL><LI> tasks.o(i.vTaskStartScheduler)
</UL>
<P><STRONG><a name="[1cb]"></a>prvInitialiseTCBVariables</STRONG> (Thumb, 82 bytes, Stack size 24 bytes, tasks.o(i.prvInitialiseTCBVariables))
<BR><BR>[Stack]<UL><LI>Max Depth = 24<LI>Call Chain = prvInitialiseTCBVariables
</UL>
<BR>[Calls]<UL><LI><a href="#[1cc]">&gt;&gt;</a>&nbsp;&nbsp;&nbsp;vListInitialiseItem
</UL>
<BR>[Called By]<UL><LI><a href="#[1b4]">&gt;&gt;</a>&nbsp;&nbsp;&nbsp;xTaskGenericCreate
</UL>

<P><STRONG><a name="[1cd]"></a>prvInitialiseTaskLists</STRONG> (Thumb, 68 bytes, Stack size 8 bytes, tasks.o(i.prvInitialiseTaskLists))
<BR><BR>[Stack]<UL><LI>Max Depth = 8<LI>Call Chain = prvInitialiseTaskLists
</UL>
<BR>[Calls]<UL><LI><a href="#[1ce]">&gt;&gt;</a>&nbsp;&nbsp;&nbsp;vListInitialise
</UL>
<BR>[Called By]<UL><LI><a href="#[1b4]">&gt;&gt;</a>&nbsp;&nbsp;&nbsp;xTaskGenericCreate
</UL>

<P><STRONG><a name="[1e3]"></a>prvResetNextTaskUnblockTime</STRONG> (Thumb, 46 bytes, Stack size 0 bytes, tasks.o(i.prvResetNextTaskUnblockTime))
<BR><BR>[Called By]<UL><LI><a href="#[18c]">&gt;&gt;</a>&nbsp;&nbsp;&nbsp;xTaskIncrementTick
</UL>

<P><STRONG><a name="[1d4]"></a>prvHeapInit</STRONG> (Thumb, 100 bytes, Stack size 12 bytes, heap_4.o(i.prvHeapInit))
<BR><BR>[Stack]<UL><LI>Max Depth = 12<LI>Call Chain = prvHeapInit
</UL>
<BR>[Called By]<UL><LI><a href="#[1be]">&gt;&gt;</a>&nbsp;&nbsp;&nbsp;pvPortMalloc
</UL>

<P><STRONG><a name="[1d5]"></a>prvInsertBlockIntoFreeList</STRONG> (Thumb, 96 bytes, Stack size 8 bytes, heap_4.o(i.prvInsertBlockIntoFreeList))
<BR><BR>[Stack]<UL><LI>Max Depth = 8<LI>Call Chain = prvInsertBlockIntoFreeList
</UL>
<BR>[Called By]<UL><LI><a href="#[1bf]">&gt;&gt;</a>&nbsp;&nbsp;&nbsp;vPortFree
<LI><a href="#[1be]">&gt;&gt;</a>&nbsp;&nbsp;&nbsp;pvPortMalloc
</UL>

<P><STRONG><a name="[1db]"></a>prvSetupTimerInterrupt</STRONG> (Thumb, 12 bytes, Stack size 0 bytes, port.o(i.prvSetupTimerInterrupt))
<BR><BR>[Called By]<UL><LI><a href="#[1da]">&gt;&gt;</a>&nbsp;&nbsp;&nbsp;xPortStartScheduler
</UL>

<P><STRONG><a name="[2f]"></a>prvTaskExitError</STRONG> (Thumb, 32 bytes, Stack size 0 bytes, port.o(i.prvTaskExitError))
<BR>[Address Reference Count : 1]<UL><LI> port.o(i.pxPortInitialiseStack)
</UL>
<P><STRONG><a name="[1b7]"></a>inHandlerMode</STRONG> (Thumb, 18 bytes, Stack size 0 bytes, cmsis_os.o(i.inHandlerMode))
<BR><BR>[Called By]<UL><LI><a href="#[12e]">&gt;&gt;</a>&nbsp;&nbsp;&nbsp;osMutexWait
<LI><a href="#[130]">&gt;&gt;</a>&nbsp;&nbsp;&nbsp;osMutexRelease
</UL>

<P><STRONG><a name="[1d]"></a>Reserved_IRQHandler</STRONG> (Thumb, 0 bytes, Stack size 0 bytes, startup_ht502x.o(.text))
<BR>[Address Reference Count : 1]<UL><LI> startup_ht502x.o(RESET)
</UL>
<P><STRONG><a name="[1ae]"></a>_fp_digits</STRONG> (Thumb, 316 bytes, Stack size 56 bytes, printfa.o(i._fp_digits), UNUSED)
<BR><BR>[Calls]<UL><LI><a href="#[57]">&gt;&gt;</a>&nbsp;&nbsp;&nbsp;__aeabi_dmul
<LI><a href="#[5f]">&gt;&gt;</a>&nbsp;&nbsp;&nbsp;__aeabi_ddiv
<LI><a href="#[51]">&gt;&gt;</a>&nbsp;&nbsp;&nbsp;__aeabi_dadd
<LI><a href="#[60]">&gt;&gt;</a>&nbsp;&nbsp;&nbsp;__aeabi_d2ulz
<LI><a href="#[1af]">&gt;&gt;</a>&nbsp;&nbsp;&nbsp;__aeabi_cdrcmple
<LI><a href="#[43]">&gt;&gt;</a>&nbsp;&nbsp;&nbsp;__aeabi_uldivmod
</UL>
<BR>[Called By]<UL><LI><a href="#[1ac]">&gt;&gt;</a>&nbsp;&nbsp;&nbsp;_printf_core
</UL>

<P><STRONG><a name="[1ac]"></a>_printf_core</STRONG> (Thumb, 1754 bytes, Stack size 128 bytes, printfa.o(i._printf_core), UNUSED)
<BR><BR>[Calls]<UL><LI><a href="#[1b0]">&gt;&gt;</a>&nbsp;&nbsp;&nbsp;_printf_pre_padding
<LI><a href="#[1b1]">&gt;&gt;</a>&nbsp;&nbsp;&nbsp;_printf_post_padding
<LI><a href="#[1ae]">&gt;&gt;</a>&nbsp;&nbsp;&nbsp;_fp_digits
<LI><a href="#[43]">&gt;&gt;</a>&nbsp;&nbsp;&nbsp;__aeabi_uldivmod
<LI><a href="#[42]">&gt;&gt;</a>&nbsp;&nbsp;&nbsp;__aeabi_uidivmod
</UL>
<BR>[Called By]<UL><LI><a href="#[1ad]">&gt;&gt;</a>&nbsp;&nbsp;&nbsp;__0sprintf
<LI><a href="#[1ab]">&gt;&gt;</a>&nbsp;&nbsp;&nbsp;__0printf
</UL>

<P><STRONG><a name="[1b1]"></a>_printf_post_padding</STRONG> (Thumb, 32 bytes, Stack size 24 bytes, printfa.o(i._printf_post_padding), UNUSED)
<BR><BR>[Called By]<UL><LI><a href="#[1ac]">&gt;&gt;</a>&nbsp;&nbsp;&nbsp;_printf_core
</UL>

<P><STRONG><a name="[1b0]"></a>_printf_pre_padding</STRONG> (Thumb, 44 bytes, Stack size 40 bytes, printfa.o(i._printf_pre_padding), UNUSED)
<BR><BR>[Called By]<UL><LI><a href="#[1ac]">&gt;&gt;</a>&nbsp;&nbsp;&nbsp;_printf_core
</UL>

<P><STRONG><a name="[2d]"></a>_sputc</STRONG> (Thumb, 10 bytes, Stack size 0 bytes, printfa.o(i._sputc))
<BR><BR>[Called By]<UL><LI><a href="#[1ad]">&gt;&gt;</a>&nbsp;&nbsp;&nbsp;__0sprintf
</UL>
<BR>[Address Reference Count : 1]<UL><LI> printfa.o(i.__0sprintf)
</UL>
<P><STRONG><a name="[2a]"></a>_scanf_char_input</STRONG> (Thumb, 12 bytes, Stack size 0 bytes, scanf_char.o(.text))
<BR>[Address Reference Count : 1]<UL><LI> scanf_char.o(.text)
</UL><P>
<H3>
Undefined Global Symbols
</H3>
<P><STRONG><a name="[64]"></a>_scanf_longlong</STRONG> (ARM, 0 bytes, Stack size 0 bytes, UNDEFINED)
<BR><BR>[Called By]<UL><LI><a href="#[5d]">&gt;&gt;</a>&nbsp;&nbsp;&nbsp;__vfscanf
</UL>

<P><STRONG><a name="[63]"></a>_scanf_real</STRONG> (ARM, 0 bytes, Stack size 0 bytes, UNDEFINED)
<BR><BR>[Called By]<UL><LI><a href="#[5d]">&gt;&gt;</a>&nbsp;&nbsp;&nbsp;__vfscanf
</UL>
<HR></body></html>
