Component: ARM Compiler 5.06 update 1 (build 61) Tool: armlink [4d35a8]

==============================================================================

Section Cross References

    main.o(i.Init_TaskSystem) refers to pmu.o(i.PMU_Init) for PMU_Init
    main.o(i.Init_TaskSystem) refers to pmu.o(i.Enter_StandBy) for Enter_StandBy
    main.o(i.Init_TaskSystem) refers to delay.o(i.Delay_mSec) for Delay_mSec
    main.o(i.Init_TaskSystem) refers to cmu.o(i.SystemClock_Config) for SystemClock_Config
    main.o(i.main) refers to main.o(i.Init_TaskSystem) for Init_TaskSystem
    main.o(i.main) refers to tasks.o(i.xTaskGenericCreate) for xTaskGenericCreate
    main.o(i.main) refers to tasks.o(i.vTaskStartScheduler) for vTaskStartScheduler
    main.o(i.main) refers to main.o(.data) for .data
    main.o(i.main) refers to main_handle.o(i.vMainTask) for vMainTask
    main_handle.o(i.BCDToString) refers to memcpya.o(.text) for __aeabi_memcpy4
    main_handle.o(i.BSP_Init) refers to emu.o(i.EMU_Init) for EMU_Init
    main_handle.o(i.BSP_Init) refers to simuart.o(i.SimuartInit) for SimuartInit
    main_handle.o(i.BSP_Init) refers to rtc.o(i.GetCurrentTime) for GetCurrentTime
    main_handle.o(i.BSP_Init) refers to printfa.o(i.__0printf) for __2printf
    main_handle.o(i.BSP_Init) refers to flash_usr.o(i.Flash_Init) for Flash_Init
    main_handle.o(i.BSP_Init) refers to gun.o(i.GunGpioInit) for GunGpioInit
    main_handle.o(i.BSP_Init) refers to sc8042b.o(i.SC8042B_Init) for SC8042B_Init
    main_handle.o(i.BSP_Init) refers to timer.o(i.Timer0_Init) for Timer0_Init
    main_handle.o(i.BSP_Init) refers to rtc.o(i.RTC_Init) for RTC_Init
    main_handle.o(i.BSP_Init) refers to ht6xxx_tbs.o(i.HT_TBSConfig) for HT_TBSConfig
    main_handle.o(i.BSP_Init) refers to main_handle.o(.bss) for .bss
    main_handle.o(i.BSP_Init) refers to main_handle.o(.constdata) for .constdata
    main_handle.o(i.CheckCardTimeLenth) refers to tasks.o(i.xTaskGetTickCount) for xTaskGetTickCount
    main_handle.o(i.CheckCardTimeLenth) refers to main_handle.o(i.SetReadCardTime) for SetReadCardTime
    main_handle.o(i.CheckCardTimeLenth) refers to main_handle.o(.data) for .data
    main_handle.o(i.Check_M0_Card) refers to m1_card.o(i.TypeA_CardActivate) for TypeA_CardActivate
    main_handle.o(i.Check_M0_Card) refers to main_handle.o(i.PrintfData) for PrintfData
    main_handle.o(i.Check_M0_Card) refers to m1_card.o(i.Mifare_Auth) for Mifare_Auth
    main_handle.o(i.Check_M0_Card) refers to memseta.o(.text) for __aeabi_memclr4
    main_handle.o(i.Check_M0_Card) refers to aes.o(i.AES_set_encrypt_key) for AES_set_encrypt_key
    main_handle.o(i.Check_M0_Card) refers to aes.o(i.AES_encrypt) for AES_encrypt
    main_handle.o(i.Check_M0_Card) refers to rtc.o(i.GetCurrentTime) for GetCurrentTime
    main_handle.o(i.Check_M0_Card) refers to printfa.o(i.__0printf) for __2printf
    main_handle.o(i.Check_M0_Card) refers to sc8042b.o(i.PlayVoice) for PlayVoice
    main_handle.o(i.Check_M0_Card) refers to m1_card.o(i.TypeA_Halt) for TypeA_Halt
    main_handle.o(i.Check_M0_Card) refers to m1_card.o(i.Mifare_Blockread) for Mifare_Blockread
    main_handle.o(i.Check_M0_Card) refers to main_handle.o(.data) for .data
    main_handle.o(i.Check_M0_Card) refers to main_handle.o(.constdata) for .constdata
    main_handle.o(i.Check_M1_Card) refers to m1_card.o(i.TypeA_CardActivate) for TypeA_CardActivate
    main_handle.o(i.Check_M1_Card) refers to main_handle.o(i.PrintfData) for PrintfData
    main_handle.o(i.Check_M1_Card) refers to m1_card.o(i.Mifare_Auth) for Mifare_Auth
    main_handle.o(i.Check_M1_Card) refers to memseta.o(.text) for __aeabi_memclr4
    main_handle.o(i.Check_M1_Card) refers to aes.o(i.AES_set_encrypt_key) for AES_set_encrypt_key
    main_handle.o(i.Check_M1_Card) refers to aes.o(i.AES_encrypt) for AES_encrypt
    main_handle.o(i.Check_M1_Card) refers to rtc.o(i.GetCurrentTime) for GetCurrentTime
    main_handle.o(i.Check_M1_Card) refers to printfa.o(i.__0printf) for __2printf
    main_handle.o(i.Check_M1_Card) refers to sc8042b.o(i.PlayVoice) for PlayVoice
    main_handle.o(i.Check_M1_Card) refers to m1_card.o(i.TypeA_Halt) for TypeA_Halt
    main_handle.o(i.Check_M1_Card) refers to m1_card.o(i.Mifare_Blockread) for Mifare_Blockread
    main_handle.o(i.Check_M1_Card) refers to printfa.o(i.__0sprintf) for __2sprintf
    main_handle.o(i.Check_M1_Card) refers to main_handle.o(.data) for .data
    main_handle.o(i.Check_M1_Card) refers to main_handle.o(.constdata) for .constdata
    main_handle.o(i.Check_M1_Card) refers to charger.o(.bss) for gChgInfo
    main_handle.o(i.Check_M1_Card) refers to main_handle.o(.conststring) for .conststring
    main_handle.o(i.Check_M2_Card) refers to m1_card.o(i.TypeA_CardActivate) for TypeA_CardActivate
    main_handle.o(i.Check_M2_Card) refers to main_handle.o(i.PrintfData) for PrintfData
    main_handle.o(i.Check_M2_Card) refers to m1_card.o(i.Mifare_Auth) for Mifare_Auth
[...]
    Enter_StandBy                            0x00008691   Thumb Code   136  pmu.o(i.Enter_StandBy)
    FIFO_S_Get                               0x00008735   Thumb Code    56  fifo.o(i.FIFO_S_Get)
    FIFO_S_Init                              0x0000876d   Thumb Code    26  fifo.o(i.FIFO_S_Init)
    FIFO_S_Put                               0x00008787   Thumb Code    66  fifo.o(i.FIFO_S_Put)
    FM175XX_HardReset                        0x000087c9   Thumb Code    58  fm175xx.o(i.FM175XX_HardReset)
    FM175XX_Init                             0x00008811   Thumb Code    36  fm175xx.o(i.FM175XX_Init)
    FWDownLoadAckBTRF2_4G                    0x00008835   Thumb Code   106  24g_proto.o(i.FWDownLoadAckBTRF2_4G)
    FWDownLoadProc_BTRF2_4G                  0x000088fd   Thumb Code   470  24g_proto.o(i.FWDownLoadProc_BTRF2_4G)
    FWUpgradeAckProc_BTRF2_4G                0x00008bc9   Thumb Code    52  24g_proto.o(i.FWUpgradeAckProc_BTRF2_4G)
    FWUpgradeAck_BTRF2_4G                    0x00008c15   Thumb Code   126  24g_proto.o(i.FWUpgradeAck_BTRF2_4G)
    FWUpgradeNotiProc_BTRF2_4G               0x00008cc9   Thumb Code   296  24g_proto.o(i.FWUpgradeNotiProc_BTRF2_4G)
    FWUpgradeREQ_BTRF2_4G                    0x00008ebd   Thumb Code   110  24g_proto.o(i.FWUpgradeREQ_BTRF2_4G)
    FlashTest                                0x00008f8d   Thumb Code    50  comm_proto.o(i.FlashTest)
    FlashWriteCostTemplateData               0x00008fc1   Thumb Code    14  flash_usr.o(i.FlashWriteCostTemplateData)
    FlashWriteData                           0x00008fd5   Thumb Code    60  flash_usr.o(i.FlashWriteData)
    FlashWriteDataToSystemInfo1              0x00009045   Thumb Code    14  flash_usr.o(i.FlashWriteDataToSystemInfo1)
    FlashWriteGunInfoData                    0x00009059   Thumb Code    14  flash_usr.o(i.FlashWriteGunInfoData)
    FlashWriteGunInfo_1_Data                 0x0000906d   Thumb Code    14  flash_usr.o(i.FlashWriteGunInfo_1_Data)
    FlashWriteGunInfo_2_Data                 0x00009081   Thumb Code    14  flash_usr.o(i.FlashWriteGunInfo_2_Data)
    FlashWriteGunInfo_3_Data                 0x00009095   Thumb Code    14  flash_usr.o(i.FlashWriteGunInfo_3_Data)
    FlashWriteSystemInfoData                 0x000090a9   Thumb Code    14  flash_usr.o(i.FlashWriteSystemInfoData)
    Flash_EraseALL                           0x000090bd   Thumb Code    62  flash_usr.o(i.Flash_EraseALL)
    Flash_ErasePage                          0x00009101   Thumb Code    72  flash_usr.o(i.Flash_ErasePage)
    Flash_Init                               0x00009185   Thumb Code    14  flash_usr.o(i.Flash_Init)
    Flash_Read                               0x00009199   Thumb Code    56  flash_usr.o(i.Flash_Read)
    Flash_SetPos_r                           0x000091d5   Thumb Code    34  flash_usr.o(i.Flash_SetPos_r)
    Flash_SetPos_w                           0x000091fd   Thumb Code    34  flash_usr.o(i.Flash_SetPos_w)
    Flash_Write                              0x00009225   Thumb Code   170  flash_usr.o(i.Flash_Write)
    FuseholderStatusProc                     0x00009311   Thumb Code   132  charger.o(i.FuseholderStatusProc)
    GetBlueToothUpgradeFlag                  0x000093f9   Thumb Code    10  24g_proto.o(i.GetBlueToothUpgradeFlag)
    GetChargingGunCnt                        0x00009409   Thumb Code    28  charger.o(i.GetChargingGunCnt)
    GetChargingTime                          0x00009429   Thumb Code   452  charger.o(i.GetChargingTime)
    GetCostMode                              0x00009605   Thumb Code     6  charger.o(i.GetCostMode)
    GetCpuTemp                               0x00009611   Thumb Code    46  main_handle.o(i.GetCpuTemp)
    GetCurrentTime                           0x00009655   Thumb Code    42  rtc.o(i.GetCurrentTime)
    GetGunStatus                             0x000096a1   Thumb Code    18  emu_info.o(i.GetGunStatus)
    GetHistoryOrderNum                       0x000096b9   Thumb Code   114  blue.o(i.GetHistoryOrderNum)
    GetPktSum                                0x0000973d   Thumb Code    24  24g_proto.o(i.GetPktSum)
    GetReadCardFlag                          0x00009755   Thumb Code    10  main_handle.o(i.GetReadCardFlag)
    GetReadCardTime                          0x00009765   Thumb Code    10  main_handle.o(i.GetReadCardTime)
    GetRtcCount                              0x00009775   Thumb Code     8  rtc.o(i.GetRtcCount)
    GetTimeStamp                             0x0000977d   Thumb Code    76  rtc.o(i.GetTimeStamp)
    GetUARTUpgradeFlag                       0x000097c9   Thumb Code    10  24g_proto.o(i.GetUARTUpgradeFlag)
    GetUpgradeCurrentPackage                 0x000097d9   Thumb Code    12  upgrade.o(i.GetUpgradeCurrentPackage)
    GetUpgradeReqestFlag                     0x000097e9   Thumb Code    10  24g_proto.o(i.GetUpgradeReqestFlag)
    GreenLedToggle                           0x000097f9   Thumb Code    74  main_handle.o(i.GreenLedToggle)
    GunChargingProc                          0x00009851   Thumb Code  1358  charger.o(i.GunChargingProc)
    GunGpioInit                              0x00009da1   Thumb Code    36  gun.o(i.GunGpioInit)
    GunTurnOff                               0x00009de9   Thumb Code    88  gun.o(i.GunTurnOff)
    GunTurnOn                                0x00009e75   Thumb Code    88  gun.o(i.GunTurnOn)
    HT_CMU_ClkCtrl1Config                    0x00009f01   Thumb Code    40  ht6xxx_cmu.o(i.HT_CMU_ClkCtrl1Config)
    HT_CMU_Init                              0x00009f39   Thumb Code   106  ht6xxx_cmu.o(i.HT_CMU_Init)
    HT_CMU_SysClkGet                         0x00009fb1   Thumb Code    56  ht6xxx_cmu.o(i.HT_CMU_SysClkGet)
    HT_EXTIFall_ClearITPendingBit            0x00009ff1   Thumb Code    24  ht6xxx_exti.o(i.HT_EXTIFall_ClearITPendingBit)
    HT_EXTIFall_ITFlagStatusGet              0x0000a00d   Thumb Code    22  ht6xxx_exti.o(i.HT_EXTIFall_ITFlagStatusGet)
    HT_EXTIRise_ClearITPendingBit            0x0000a029   Thumb Code    30  ht6xxx_exti.o(i.HT_EXTIRise_ClearITPendingBit)
    HT_EXTIRise_ITFlagStatusGet              0x0000a04d   Thumb Code    26  ht6xxx_exti.o(i.HT_EXTIRise_ITFlagStatusGet)
    HT_Flash_ByteRead                        0x0000a06d   Thumb Code    58  ht6xxx_flash.o(i.HT_Flash_ByteRead)
    HT_GPIO_AFInit                           0x0000a0b5   Thumb Code    78  ht6xxx_gpio.o(i.HT_GPIO_AFInit)
    HT_GPIO_BitsRead                         0x0000a111   Thumb Code     6  ht6xxx_gpio.o(i.HT_GPIO_BitsRead)
    HT_GPIO_BitsReset                        0x0000a117   Thumb Code     4  ht6xxx_gpio.o(i.HT_GPIO_BitsReset)
    HT_GPIO_BitsSet                          0x0000a11b   Thumb Code     4  ht6xxx_gpio.o(i.HT_GPIO_BitsSet)
    HT_GPIO_BitsToggle                       0x0000a11f   Thumb Code     4  ht6xxx_gpio.o(i.HT_GPIO_BitsToggle)
    HT_GPIO_Init                             0x0000a125   Thumb Code   114  ht6xxx_gpio.o(i.HT_GPIO_Init)
    HT_ISO7816_ClearITPendingBit             0x0000a1a5   Thumb Code     8  ht6xxx_uart&7816.o(i.HT_ISO7816_ClearITPendingBit)
    HT_ISO7816_ITFlagStatusGet               0x0000a1ad   Thumb Code    10  ht6xxx_uart&7816.o(i.HT_ISO7816_ITFlagStatusGet)
    HT_PMUState_FlagStatusGet                0x0000a1b9   Thumb Code    16  ht6xxx_pmu.o(i.HT_PMUState_FlagStatusGet)
    HT_PMU_ClearITPendingBit                 0x0000a1cd   Thumb Code    10  ht6xxx_pmu.o(i.HT_PMU_ClearITPendingBit)
    HT_PMU_ITConfig                          0x0000a1dd   Thumb Code    22  ht6xxx_pmu.o(i.HT_PMU_ITConfig)
    HT_PMU_ITFlagStatusGet                   0x0000a1f9   Thumb Code    16  ht6xxx_pmu.o(i.HT_PMU_ITFlagStatusGet)
    HT_RTC_ITConfig                          0x0000a20d   Thumb Code    18  ht6xxx_rtc.o(i.HT_RTC_ITConfig)
    HT_RTC_Init                              0x0000a225   Thumb Code    76  ht6xxx_rtc.o(i.HT_RTC_Init)
    HT_RTC_LoadInfoData                      0x0000a279   Thumb Code   278  ht6xxx_rtc.o(i.HT_RTC_LoadInfoData)
    HT_RTC_Read                              0x0000a3b5   Thumb Code    70  ht6xxx_rtc.o(i.HT_RTC_Read)
    HT_RTC_TMRConfig                         0x0000a401   Thumb Code    34  ht6xxx_rtc.o(i.HT_RTC_TMRConfig)
    HT_RTC_Write                             0x0000a429   Thumb Code    92  ht6xxx_rtc.o(i.HT_RTC_Write)
    HT_SPI_ClearITPendingBit                 0x0000a495   Thumb Code     8  ht6xxx_spi.o(i.HT_SPI_ClearITPendingBit)
    HT_SPI_ITFlagStatusGet                   0x0000a49d   Thumb Code    10  ht6xxx_spi.o(i.HT_SPI_ITFlagStatusGet)
    HT_TBSConfig                             0x0000a4a9   Thumb Code    34  ht6xxx_tbs.o(i.HT_TBSConfig)
    HT_TBS_ClearITPendingBit                 0x0000a4dd   Thumb Code    10  ht6xxx_tbs.o(i.HT_TBS_ClearITPendingBit)
    HT_TBS_ITFlagStatusGet                   0x0000a4ed   Thumb Code    16  ht6xxx_tbs.o(i.HT_TBS_ITFlagStatusGet)
    HT_TMR_ClearITPendingBit                 0x0000a501   Thumb Code     8  ht6xxx_timer.o(i.HT_TMR_ClearITPendingBit)
    HT_TMR_ITFlagStatusGet                   0x0000a509   Thumb Code    10  ht6xxx_timer.o(i.HT_TMR_ITFlagStatusGet)
    HT_UART_ClearITPendingBit                0x0000a513   Thumb Code     8  ht6xxx_uart&7816.o(i.HT_UART_ClearITPendingBit)
    HT_UART_ITConfig                         0x0000a51b   Thumb Code    20  ht6xxx_uart&7816.o(i.HT_UART_ITConfig)
    HT_UART_ITFlagStatusGet                  0x0000a52f   Thumb Code    10  ht6xxx_uart&7816.o(i.HT_UART_ITFlagStatusGet)
    HT_UART_Init                             0x0000a539   Thumb Code    88  ht6xxx_uart&7816.o(i.HT_UART_Init)
    HT_UART_ReceiveData                      0x0000a591   Thumb Code     6  ht6xxx_uart&7816.o(i.HT_UART_ReceiveData)
    HardFault_Handler                        0x0000a597   Thumb Code     2  ht6xxx_it.o(i.HardFault_Handler)
    HeartBatACK_BTRF2_4G                     0x0000a599   Thumb Code   618  24g_proto.o(i.HeartBatACK_BTRF2_4G)
    I2C_IRQHandler                           0x0000a961   Thumb Code     2  ht6xxx_it.o(i.I2C_IRQHandler)
    IO_USART_TX_PutVal                       0x0000a965   Thumb Code    30  simuart.o(i.IO_USART_TX_PutVal)
    Init_TaskSystem                          0x0000a989   Thumb Code    24  main.o(i.Init_TaskSystem)
    LED_Init                                 0x0000a9a1   Thumb Code    38  gun.o(i.LED_Init)
    LinuxTickToDay                           0x0000a9d1   Thumb Code    48  rtc.o(i.LinuxTickToDay)
    LoadSysCfgInfo                           0x0000aa01   Thumb Code   178  main_handle.o(i.LoadSysCfgInfo)
    Mifare_Auth                              0x0000aac5   Thumb Code   120  m1_card.o(i.Mifare_Auth)
    Mifare_Blockread                         0x0000ab3d   Thumb Code    92  m1_card.o(i.Mifare_Blockread)
    MuxSempGive                              0x0000abd1   Thumb Code     6  24g_proto.o(i.MuxSempGive)
    MuxSempTake                              0x0000abd9   Thumb Code    32  24g_proto.o(i.MuxSempTake)
    OpenBlueToothUpgradeFlag                 0x0000ac8d   Thumb Code    12  24g_proto.o(i.OpenBlueToothUpgradeFlag)
    OpenCheckTimeOver                        0x0000ac9d   Thumb Code    38  main_handle.o(i.OpenCheckTimeOver)
    OpenTimer                                0x0000acd1   Thumb Code    30  simuart.o(i.OpenTimer)
    OpenUARTUpgradeFlag                      0x0000acf5   Thumb Code    12  24g_proto.o(i.OpenUARTUpgradeFlag)
    OpenUpgradeReqestFlag                    0x0000ad05   Thumb Code    12  24g_proto.o(i.OpenUpgradeReqestFlag)
    OptFailNotice                            0x0000ad15   Thumb Code   110  sc8042b.o(i.OptFailNotice)
    PMU_IRQHandler                           0x0000adb9   Thumb Code    46  ht6xxx_it.o(i.PMU_IRQHandler)
    PMU_Init                                 0x0000ade9   Thumb Code    52  pmu.o(i.PMU_Init)
    PackSend24GData                          0x0000ae31   Thumb Code    34  24g_proto.o(i.PackSend24GData)
    PackSendOuterBT24GData                   0x0000ae55   Thumb Code    68  ckb24_um_handle.o(i.PackSendOuterBT24GData)
    Pcd_Comm                                 0x0000ae9d   Thumb Code   382  fm175xx.o(i.Pcd_Comm)
    Pcd_ConfigISOType                        0x0000b01b   Thumb Code   264  fm175xx.o(i.Pcd_ConfigISOType)
    Pcd_SetTimer                             0x0000b125   Thumb Code    74  fm175xx.o(i.Pcd_SetTimer)
    PlayVoice                                0x0000b179   Thumb Code    88  sc8042b.o(i.PlayVoice)
    PowerOff_MCU                             0x0000b1e1   Thumb Code   210  pmu.o(i.PowerOff_MCU)
    PrintfData                               0x0000b2ed   Thumb Code    56  main_handle.o(i.PrintfData)
    ProcessElec                              0x0000b365   Thumb Code    68  emu_info.o(i.ProcessElec)
    Proto2_4gStopCharging                    0x0000b3b1   Thumb Code    70  charger.o(i.Proto2_4gStopCharging)
    R6ToX6ScanCodeStartChargerAck            0x0000b3fd   Thumb Code    50  24g_proto.o(i.R6ToX6ScanCodeStartChargerAck)
    R6ToX6StopChargingAckBTRF2_4G            0x0000b479   Thumb Code   230  24g_proto.o(i.R6ToX6StopChargingAckBTRF2_4G)
    R6X6BindACK_BTRF2_4G                     0x0000b5b1   Thumb Code    58  24g_proto.o(i.R6X6BindACK_BTRF2_4G)
    R6X6BindREQ_BTRF2_4G                     0x0000b609   Thumb Code    28  24g_proto.o(i.R6X6BindREQ_BTRF2_4G)
    RELAY_Init                               0x0000b625   Thumb Code    98  gun.o(i.RELAY_Init)
    RTC_IRQHandler                           0x0000b695   Thumb Code    10  ht6xxx_it.o(i.RTC_IRQHandler)
    RTC_Init                                 0x0000b6a5   Thumb Code   110  rtc.o(i.RTC_Init)
    ReadCardHandle                           0x0000b78d   Thumb Code    66  main_handle.o(i.ReadCardHandle)
    ReadEMU_Info                             0x0000b7d9   Thumb Code    44  emu_info.o(i.ReadEMU_Info)
    ReadElec                                 0x0000b809   Thumb Code    94  emu_info.o(i.ReadElec)
    ReadFlashInfoData                        0x0000b875   Thumb Code   138  charger.o(i.ReadFlashInfoData)
    ReadPower                                0x0000b935   Thumb Code    58  emu.o(i.ReadPower)
    ReadRMSI                                 0x0000b979   Thumb Code    48  emu.o(i.ReadRMSI)
    ReadRMSU                                 0x0000b9b1   Thumb Code    34  emu.o(i.ReadRMSU)
    ReadUpgradeInit                          0x0000b9dd   Thumb Code    16  charger.o(i.ReadUpgradeInit)
    Read_ECADR                               0x0000b9f1   Thumb Code     8  emu.o(i.Read_ECADR)
    Read_EPADR                               0x0000b9fd   Thumb Code     8  emu.o(i.Read_EPADR)
    Read_FIFO                                0x0000ba09   Thumb Code    28  fm175xx.o(i.Read_FIFO)
    Read_Reg                                 0x0000ba25   Thumb Code     8  fm175xx.o(i.Read_Reg)
    RecvBtData                               0x0000ba2d   Thumb Code   242  blue.o(i.RecvBtData)
    RemoteCtrlAck_BTRF2_4G                   0x0000bb71   Thumb Code    56  24g_proto.o(i.RemoteCtrlAck_BTRF2_4G)
    RemoteCtrlProc_BTRF2_4G                  0x0000bbe1   Thumb Code   172  24g_proto.o(i.RemoteCtrlProc_BTRF2_4G)
    RestoreGunStatus                         0x0000bcf9   Thumb Code    96  charger.o(i.RestoreGunStatus)
    RestoreGunWithChargingCtrlProc           0x0000bdc9   Thumb Code    44  main_handle.o(i.RestoreGunWithChargingCtrlProc)
    SC8042B_Init                             0x0000bdf9   Thumb Code   122  sc8042b.o(i.SC8042B_Init)
    SIM_SPI_Delay                            0x0000be7d   Thumb Code    12  simspi.o(i.SIM_SPI_Delay)
    SIM_SPI_Init                             0x0000be89   Thumb Code   162  simspi.o(i.SIM_SPI_Init)
    SIM_SPI_ReadByte                         0x0000bf39   Thumb Code    70  simspi.o(i.SIM_SPI_ReadByte)
    SIM_SPI_WriteByte                        0x0000bf85   Thumb Code    66  simspi.o(i.SIM_SPI_WriteByte)
    SPI0_IRQHandler                          0x0000bfd1   Thumb Code    46  ht6xxx_it.o(i.SPI0_IRQHandler)
    SPIRead                                  0x0000c005   Thumb Code    48  fm175xx.o(i.SPIRead)
    SPIWrite                                 0x0000c039   Thumb Code    44  fm175xx.o(i.SPIWrite)
    SVC_Handler                              0x0000c069   Thumb Code     2  port.o(i.SVC_Handler)
    SaveElec                                 0x0000c06d   Thumb Code    44  emu_info.o(i.SaveElec)
    SaveOrderReport                          0x0000c0a1   Thumb Code   502  main_handle.o(i.SaveOrderReport)
    SaveStopChargingNotice_BTRF2_4G          0x0000c395   Thumb Code    14  24g_proto.o(i.SaveStopChargingNotice_BTRF2_4G)
    Sc8042bSpeechStartChargerFail            0x0000c3a9   Thumb Code    84  main_handle.o(i.Sc8042bSpeechStartChargerFail)
    SendBlueTooth2_4GPkt                     0x0000c441   Thumb Code   110  ckb24_um_handle.o(i.SendBlueTooth2_4GPkt)
    SendCardAuthReq_24G                      0x0000c4f9   Thumb Code   270  24g_proto.o(i.SendCardAuthReq_24G)
    SendDebugPkt                             0x0000c635   Thumb Code    60  comm_proto.o(i.SendDebugPkt)
    SendEventNotice_BTRF2_4G                 0x0000c675   Thumb Code    90  24g_proto.o(i.SendEventNotice_BTRF2_4G)
    SendHeartBat_BTRF2_4G                    0x0000c6e5   Thumb Code   248  24g_proto.o(i.SendHeartBat_BTRF2_4G)
    SendOrderReport                          0x0000c7ed   Thumb Code   388  main_handle.o(i.SendOrderReport)
    SendOrderReportNotice_BTRF2_4G           0x0000ca95   Thumb Code    58  24g_proto.o(i.SendOrderReportNotice_BTRF2_4G)
    SendProtoPkt_BTRF2_4G                    0x0000cae9   Thumb Code    44  24g_proto.o(i.SendProtoPkt_BTRF2_4G)
    SendReqCostTemplate_BTRF2_4G             0x0000cb1d   Thumb Code    54  24g_proto.o(i.SendReqCostTemplate_BTRF2_4G)
    SendStartChargingNotice                  0x0000cb69   Thumb Code   208  24g_proto.o(i.SendStartChargingNotice)
    SendStartChargingNoticeBTRF_24G          0x0000cc81   Thumb Code   112  24g_proto.o(i.SendStartChargingNoticeBTRF_24G)
    SendTestPktAck                           0x0000cd35   Thumb Code    48  comm_proto.o(i.SendTestPktAck)
    SetBlueName                              0x0000cd65   Thumb Code    66  ckb24_um.o(i.SetBlueName)
    SetBluePair                              0x0000cdbd   Thumb Code    66  ckb24_um.o(i.SetBluePair)
    SetGateWay24GMacAddr                     0x0000ce15   Thumb Code    76  ckb24_um.o(i.SetGateWay24GMacAddr)
    SetReadCardFlag                          0x0000ce85   Thumb Code    12  main_handle.o(i.SetReadCardFlag)
    SetReadCardTime                          0x0000ce95   Thumb Code    12  main_handle.o(i.SetReadCardTime)
    SetRtcCount                              0x0000cea5   Thumb Code    22  rtc.o(i.SetRtcCount)
    Set_BitMask                              0x0000cebb   Thumb Code    24  fm175xx.o(i.Set_BitMask)
    Set_Rf                                   0x0000ced3   Thumb Code    78  fm175xx.o(i.Set_Rf)
    ShakeReqProc                             0x0000cf21   Thumb Code   230  blue.o(i.ShakeReqProc)
    ShowGunInfo                              0x0000d0d9   Thumb Code   114  charger.o(i.ShowGunInfo)
    SimUartSendByte                          0x0000d19d   Thumb Code    44  simuart.o(i.SimUartSendByte)
    SimuUartSendData                         0x0000d1c9   Thumb Code    90  simuart.o(i.SimuUartSendData)
    SimuartGpioInit                          0x0000d22d   Thumb Code    40  simuart.o(i.SimuartGpioInit)
    SimuartInit                              0x0000d259   Thumb Code    66  simuart.o(i.SimuartInit)
    SpeechCardBalance                        0x0000d2ad   Thumb Code   338  sc8042b.o(i.SpeechCardBalance)
    SpeechChargeing                          0x0000d40d   Thumb Code    82  sc8042b.o(i.SpeechChargeing)
    SpeechSelectGun                          0x0000d45f   Thumb Code   114  24g_proto.o(i.SpeechSelectGun)
    StartChargingAckProc_24G                 0x0000d4d1   Thumb Code   134  24g_proto.o(i.StartChargingAckProc_24G)
    StartChargingNoticeACK_BTRF2_4G          0x0000d581   Thumb Code    86  24g_proto.o(i.StartChargingNoticeACK_BTRF2_4G)
    StartChargingProc_BTRF2_4G               0x0000d601   Thumb Code   358  24g_proto.o(i.StartChargingProc_BTRF2_4G)
    StopChargingAckBTRF2_4G                  0x0000d8a9   Thumb Code    56  24g_proto.o(i.StopChargingAckBTRF2_4G)
    StopChargingProc_BTRF2_4G                0x0000d8f9   Thumb Code    52  24g_proto.o(i.StopChargingProc_BTRF2_4G)
    StringToBCD                              0x0000d935   Thumb Code    62  main_handle.o(i.StringToBCD)
    SwitchTo_Flrc                            0x0000d975   Thumb Code    50  cmu.o(i.SwitchTo_Flrc)
    SysCfgInit                               0x0000d9b5   Thumb Code   178  main_handle.o(i.SysCfgInit)
    SysTick_Handler                          0x0000db71   Thumb Code    32  port.o(i.SysTick_Handler)
    SystemClock_Config                       0x0000db95   Thumb Code    56  cmu.o(i.SystemClock_Config)
    SystemInit                               0x0000dbd5   Thumb Code     2  system_ht6xxx.o(i.SystemInit)
    System_Init                              0x0000dbd9   Thumb Code    46  main_handle.o(i.System_Init)
    TBS_IRQHandler                           0x0000dc15   Thumb Code    98  ht6xxx_it.o(i.TBS_IRQHandler)
    TIMER_0_IRQHandler                       0x0000dc79   Thumb Code    80  ht6xxx_it.o(i.TIMER_0_IRQHandler)
    TIMER_1_IRQHandler                       0x0000dcd5   Thumb Code    78  simuart.o(i.TIMER_1_IRQHandler)
    TIMER_2_IRQHandler                       0x0000dd2d   Thumb Code    66  ht6xxx_it.o(i.TIMER_2_IRQHandler)
    TIMER_3_IRQHandler                       0x0000dd75   Thumb Code    66  ht6xxx_it.o(i.TIMER_3_IRQHandler)
    TIM_Cmd                                  0x0000ddbd   Thumb Code    26  simuart.o(i.TIM_Cmd)
    TempNotice                               0x0000dddd   Thumb Code   130  sc8042b.o(i.TempNotice)
    TestReadCardHandle                       0x0000de8d   Thumb Code    50  main_handle.o(i.TestReadCardHandle)
    Timer0_Init                              0x0000decd   Thumb Code    44  timer.o(i.Timer0_Init)
    TurnOffAllGun                            0x0000df0d   Thumb Code    32  gun.o(i.TurnOffAllGun)
    TypeA_Anticollision                      0x0000df39   Thumb Code   348  m1_card.o(i.TypeA_Anticollision)
    TypeA_CardActivate                       0x0000e095   Thumb Code    58  m1_card.o(i.TypeA_CardActivate)
    TypeA_Halt                               0x0000e0cf   Thumb Code    70  m1_card.o(i.TypeA_Halt)
    TypeA_Request                            0x0000e115   Thumb Code   100  m1_card.o(i.TypeA_Request)
    TypeA_Select                             0x0000e179   Thumb Code    96  m1_card.o(i.TypeA_Select)
    TypeA_Set_Bit_Framing                    0x0000e1d9   Thumb Code    64  m1_card.o(i.TypeA_Set_Bit_Framing)
    TypeA_Set_NVB                            0x0000e219   Thumb Code   132  m1_card.o(i.TypeA_Set_NVB)
    UART0_IRQHandler                         0x0000e29d   Thumb Code    86  ht6xxx_it.o(i.UART0_IRQHandler)
    UART1_IRQHandler                         0x0000e305   Thumb Code    46  ht6xxx_it.o(i.UART1_IRQHandler)
    UART2_IRQHandler                         0x0000e339   Thumb Code    46  ht6xxx_it.o(i.UART2_IRQHandler)
    UART3_IRQHandler                         0x0000e36d   Thumb Code   146  ht6xxx_it.o(i.UART3_IRQHandler)
    UART3_Init                               0x0000e411   Thumb Code   154  uart.o(i.UART3_Init)
    UART4_IRQHandler                         0x0000e4c5   Thumb Code   148  ht6xxx_it.o(i.UART4_IRQHandler)
    UART4_Init                               0x0000e569   Thumb Code   164  uart.o(i.UART4_Init)
    UART5_IRQHandler                         0x0000e625   Thumb Code    46  ht6xxx_it.o(i.UART5_IRQHandler)
    Uart_Send                                0x0000e653   Thumb Code    54  uart.o(i.Uart_Send)
    UnpackRecv24GPack                        0x0000e689   Thumb Code   320  ckb24_um_handle.o(i.UnpackRecv24GPack)
    UpgradeFlashErasePage                    0x0000e845   Thumb Code   204  upgrade.o(i.UpgradeFlashErasePage)
    Upgrade_FlashCheck                       0x0000e995   Thumb Code   124  upgrade.o(i.Upgrade_FlashCheck)
    Upgrade_Init                             0x0000ea69   Thumb Code   436  upgrade.o(i.Upgrade_Init)
    Upgrade_Write                            0x0000ecc5   Thumb Code   242  upgrade.o(i.Upgrade_Write)
    Write_ECADR                              0x0000eea9   Thumb Code     8  emu.o(i.Write_ECADR)
    Write_FIFO                               0x0000eeb5   Thumb Code    26  fm175xx.o(i.Write_FIFO)
    Write_Reg                                0x0000eecf   Thumb Code    10  fm175xx.o(i.Write_Reg)
    X6ToR6HeartBatACK_BTRF2_4G               0x0000eed9   Thumb Code   320  24g_proto.o(i.X6ToR6HeartBatACK_BTRF2_4G)
    _24gRecvProc                             0x0000f031   Thumb Code   338  24g_proto.o(i._24gRecvProc)
    __0printf                                0x0000f289   Thumb Code    24  printfa.o(i.__0printf)
    __1printf                                0x0000f289   Thumb Code     0  printfa.o(i.__0printf)
    __2printf                                0x0000f289   Thumb Code     0  printfa.o(i.__0printf)
    __c89printf                              0x0000f289   Thumb Code     0  printfa.o(i.__0printf)
    printf                                   0x0000f289   Thumb Code     0  printfa.o(i.__0printf)
    __0sprintf                               0x0000f2a9   Thumb Code    36  printfa.o(i.__0sprintf)
    __1sprintf                               0x0000f2a9   Thumb Code     0  printfa.o(i.__0sprintf)
    __2sprintf                               0x0000f2a9   Thumb Code     0  printfa.o(i.__0sprintf)
    __c89sprintf                             0x0000f2a9   Thumb Code     0  printfa.o(i.__0sprintf)
    sprintf                                  0x0000f2a9   Thumb Code     0  printfa.o(i.__0sprintf)
    __ARM_clz                                0x0000f2d1   Thumb Code    46  depilogue.o(i.__ARM_clz)
    __ARM_common_switch8                     0x0000f2ff   Thumb Code    26  ckb24_um_handle.o(i.__ARM_common_switch8)
    __scatterload_copy                       0x0000f319   Thumb Code    14  handlers.o(i.__scatterload_copy)
    __scatterload_null                       0x0000f327   Thumb Code     2  handlers.o(i.__scatterload_null)
    __scatterload_zeroinit                   0x0000f329   Thumb Code    14  handlers.o(i.__scatterload_zeroinit)
    emu_var_cal                              0x0000fbd5   Thumb Code   420  emu.o(i.emu_var_cal)
    enter_hold_init                          0x0000fd81   Thumb Code    80  pmu.o(i.enter_hold_init)
    fputc                                    0x0000fde9   Thumb Code    54  main_handle.o(i.fputc)
    get_emu_var_default                      0x0000fe31   Thumb Code   644  emu.o(i.get_emu_var_default)
    isArraryEmpty                            0x000100e5   Thumb Code    52  main_handle.o(i.isArraryEmpty)
    isStartChargingBTRF2_4G                  0x00010119   Thumb Code   130  24g_proto.o(i.isStartChargingBTRF2_4G)
    isTheSameCard                            0x000101d9   Thumb Code    94  main_handle.o(i.isTheSameCard)
    main                                     0x00010269   Thumb Code    72  main.o(i.main)
    osDelay                                  0x000102d9   Thumb Code    16  cmsis_os.o(i.osDelay)
    osMutexCreate                            0x000102e9   Thumb Code    10  cmsis_os.o(i.osMutexCreate)
    osMutexRelease                           0x000102f5   Thumb Code    70  cmsis_os.o(i.osMutexRelease)
    osMutexWait                              0x00010341   Thumb Code   102  cmsis_os.o(i.osMutexWait)
    osSemaphoreCreate                        0x000103ad   Thumb Code    44  cmsis_os.o(i.osSemaphoreCreate)
    pvPortMalloc                             0x00010641   Thumb Code   172  heap_4.o(i.pvPortMalloc)
    pvTaskIncrementMutexHeldCount            0x000106f1   Thumb Code    20  tasks.o(i.pvTaskIncrementMutexHeldCount)
    pxPortInitialiseStack                    0x00010709   Thumb Code    28  port.o(i.pxPortInitialiseStack)
    uxListRemove                             0x00010729   Thumb Code    36  list.o(i.uxListRemove)
    vListInitialise                          0x0001074d   Thumb Code    22  list.o(i.vListInitialise)
    vListInitialiseItem                      0x00010763   Thumb Code     6  list.o(i.vListInitialiseItem)
    vListInsert                              0x00010769   Thumb Code    48  list.o(i.vListInsert)
    vListInsertEnd                           0x00010799   Thumb Code    24  list.o(i.vListInsertEnd)
    vMainTask                                0x000107b1   Thumb Code   530  main_handle.o(i.vMainTask)
    vPortEnterCritical                       0x00010b6d   Thumb Code    20  port.o(i.vPortEnterCritical)
    vPortExitCritical                        0x00010b85   Thumb Code    22  port.o(i.vPortExitCritical)
    vPortFree                                0x00010ba1   Thumb Code    62  heap_4.o(i.vPortFree)
    vPortYield                               0x00010be5   Thumb Code    18  port.o(i.vPortYield)
    vTaskDelay                               0x00010bfd   Thumb Code    54  tasks.o(i.vTaskDelay)
    vTaskMissedYield                         0x00010c39   Thumb Code     8  tasks.o(i.vTaskMissedYield)
    vTaskPlaceOnEventList                    0x00010c45   Thumb Code    56  tasks.o(i.vTaskPlaceOnEventList)
    vTaskPriorityInherit                     0x00010c85   Thumb Code    92  tasks.o(i.vTaskPriorityInherit)
    vTaskSetTimeOutState                     0x00010ce9   Thumb Code    20  tasks.o(i.vTaskSetTimeOutState)
    vTaskStartScheduler                      0x00010d01   Thumb Code    58  tasks.o(i.vTaskStartScheduler)
    vTaskSuspendAll                          0x00010d4d   Thumb Code    10  tasks.o(i.vTaskSuspendAll)
    vTaskSwitchContext                       0x00010d5d   Thumb Code    78  tasks.o(i.vTaskSwitchContext)
    xPortStartScheduler                      0x00010db5   Thumb Code    46  port.o(i.xPortStartScheduler)
    xQueueCreateCountingSemaphore            0x00010df5   Thumb Code    40  queue.o(i.xQueueCreateCountingSemaphore)
    xQueueCreateMutex                        0x00010e1d   Thumb Code    74  queue.o(i.xQueueCreateMutex)
    xQueueGenericCreate                      0x00010e67   Thumb Code    74  queue.o(i.xQueueGenericCreate)
    xQueueGenericReceive                     0x00010eb1   Thumb Code   308  queue.o(i.xQueueGenericReceive)
    xQueueGenericReset                       0x00010fe5   Thumb Code    98  queue.o(i.xQueueGenericReset)
    xQueueGenericSend                        0x00011047   Thumb Code   270  queue.o(i.xQueueGenericSend)
    xQueueGiveFromISR                        0x00011155   Thumb Code   114  queue.o(i.xQueueGiveFromISR)
    xQueueReceiveFromISR                     0x000111c7   Thumb Code   112  queue.o(i.xQueueReceiveFromISR)
    xTaskCheckForTimeOut                     0x00011239   Thumb Code    80  tasks.o(i.xTaskCheckForTimeOut)
    xTaskGenericCreate                       0x0001128d   Thumb Code   362  tasks.o(i.xTaskGenericCreate)
    xTaskGetSchedulerState                   0x00011401   Thumb Code    26  tasks.o(i.xTaskGetSchedulerState)
    xTaskGetTickCount                        0x00011421   Thumb Code     6  tasks.o(i.xTaskGetTickCount)
    xTaskIncrementTick                       0x0001142d   Thumb Code   148  tasks.o(i.xTaskIncrementTick)
    xTaskPriorityDisinherit                  0x000114c9   Thumb Code    92  tasks.o(i.xTaskPriorityDisinherit)
    xTaskRemoveFromEventList                 0x0001152d   Thumb Code    90  tasks.o(i.xTaskRemoveFromEventList)
    xTaskResumeAll                           0x00011591   Thumb Code   150  tasks.o(i.xTaskResumeAll)
    gBlueInitTab                             0x00011b58   Data         200  ckb24_um.o(.constdata)
    __ctype_categories                       0x00013e38   Data          64  ctype_c.o(.constdata)
    Region$$Table$$Base                      0x00014e28   Number         0  anon$$obj.o(Region$$Table)
    Region$$Table$$Limit                     0x00014e48   Number         0  anon$$obj.o(Region$$Table)
    RstsrTmp                                 0x20000000   Data           4  main.o(.data)
    gWrite                                   0x20000006   Data           2  main_handle.o(.data)
    isCheckTimeOverFlag                      0x20000008   Data           4  main_handle.o(.data)
    gSystemInfo1                             0x20000023   Data           8  main_handle.o(.data)
    gGunInfo1                                0x2000002b   Data           8  main_handle.o(.data)
    gCardReqFlag                             0x20000058   Data           1  24g_proto.o(.data)
    chargingOldTime                          0x20000074   Data           4  charger.o(.data)
    gEmuCtrl                                 0x20000078   Data           8  emu_info.o(.data)
    startElec                                0x20000080   Data           8  emu_info.o(.data)
    EP_delta                                 0x20000088   Data           8  emu_info.o(.data)
    flash_partition                          0x20000094   Data         192  flash_usr.o(.data)
    UpgradeRecord                            0x20000154   Data           7  upgrade.o(.data)
    gBlueInitStep                            0x20000168   Data           1  ckb24_um.o(.data)
    isDevt                                   0x2000016c   Data           4  ckb24_um.o(.data)
    gwMac                                    0x20000170   Data           5  ckb24_um.o(.data)
    emu_var_checksum                         0x20000178   Data           4  emu.o(.data)
    pxCurrentTCB                             0x2000017c   Data           4  tasks.o(.data)
    __stdout                                 0x200001d0   Data           4  stdout.o(.data)
    system_info                              0x200001d4   Data         185  main_handle.o(.bss)
    gGunInfo2                                0x2000028d   Data          10  main_handle.o(.bss)
    gGunInfo3                                0x20000297   Data          12  main_handle.o(.bss)
    gCostTemplateInfo                        0x200002a3   Data          58  main_handle.o(.bss)
    SerialNumInfo                            0x200002dd   Data          30  main_handle.o(.bss)
    gPrintBuff                               0x200002fb   Data         128  main_handle.o(.bss)
    gFlashCacheBuff                          0x2000037b   Data        1024  main_handle.o(.bss)
    gCKBCtrl                                 0x2000077c   Data          44  ckb24_um_handle.o(.bss)
    gBtRxBuff                                0x200007a8   Data          64  ckb24_um_handle.o(.bss)
    g24GRxBuff                               0x200007e8   Data         256  ckb24_um_handle.o(.bss)
    gun_info                                 0x20000980   Data         210  charger.o(.bss)
    gChgInfo                                 0x20000a54   Data         424  charger.o(.bss)
    gun                                      0x20000c00   Data          24  emu_info.o(.bss)
    SumElec                                  0x20000c18   Data          16  emu_info.o(.bss)
    SumElec_Last                             0x20000c28   Data          16  emu_info.o(.bss)
    fw_info                                  0x20000c38   Data          22  upgrade.o(.bss)
    emu_ecr_reg                              0x20000c60   Data         152  emu.o(.bss)
    gUart0Handle                             0x20000f74   Data          24  uart.o(.bss)
    gUart4Handle                             0x20000f8c   Data          24  uart.o(.bss)
    gUart3Handle                             0x20000fa4   Data          24  uart.o(.bss)
    gSimUartCtrl                             0x20000fbc   Data          24  simuart.o(.bss)
    __initial_sp                             0x200054f0   Data           0  startup_ht502x.o(STACK)



==============================================================================

Memory Map of the image

  Image Entry point : 0x000020c1

  Load Region LR_IROM1 (Base: 0x00002000, Size: 0x0001301c, Max: 0x00019000, ABSOLUTE, COMPRESSED[0x00012ea8])

    Execution Region ER_IROM1 (Base: 0x00002000, Size: 0x00012e48, Max: 0x00019000, ABSOLUTE)

    Base Addr    Size         Type   Attr      Idx    E Section Name        Object

    0x00002000   0x000000c0   Data   RO         4703    RESET               startup_ht502x.o
    0x000020c0   0x00000000   Code   RO         4711  * .ARM.Collect$$$$00000000  mc_p.l(entry.o)
    0x000020c0   0x00000004   Code   RO         5030    .ARM.Collect$$$$00000001  mc_p.l(entry2.o)
    0x000020c4   0x00000004   Code   RO         5033    .ARM.Collect$$$$00000004  mc_p.l(entry5.o)
    0x000020c8   0x00000000   Code   RO         5035    .ARM.Collect$$$$00000008  mc_p.l(entry7b.o)
    0x000020c8   0x00000000   Code   RO         5037    .ARM.Collect$$$$0000000A  mc_p.l(entry8b.o)
    0x000020c8   0x00000008   Code   RO         5038    .ARM.Collect$$$$0000000B  mc_p.l(entry9a.o)
    0x000020d0   0x00000000   Code   RO         5040    .ARM.Collect$$$$0000000D  mc_p.l(entry10a.o)
    0x000020d0   0x00000000   Code   RO         5042    .ARM.Collect$$$$0000000F  mc_p.l(entry11a.o)
    0x000020d0   0x00000004   Code   RO         5031    .ARM.Collect$$$$00002712  mc_p.l(entry2.o)
    0x000020d4   0x00000280   Code   RO         3034    .emb_text           ht6xxx_flash.o
    0x00002354   0x00000080   Code   RO         4299    .emb_text           port.o
    0x000023d4   0x0000001c   Code   RO         4705    .text               startup_ht502x.o
    0x000023f0   0x0000002c   Code   RO         4714    .text               mc_p.l(uidiv.o)
    0x0000241c   0x00000028   Code   RO         4716    .text               mc_p.l(idiv.o)
    0x00002444   0x00000060   Code   RO         4718    .text               mc_p.l(uldiv.o)
    0x000024a4   0x0000008c   Code   RO         4724    .text               mc_p.l(mktime.o)
    0x00002530   0x00000024   Code   RO         4727    .text               mc_p.l(memcpya.o)
    0x00002554   0x00000024   Code   RO         4729    .text               mc_p.l(memseta.o)
    0x00002578   0x00000028   Code   RO         4731    .text               mc_p.l(strstr.o)
    0x000025a0   0x0000000e   Code   RO         4733    .text               mc_p.l(strlen.o)
    0x000025ae   0x0000001a   Code   RO         4735    .text               mc_p.l(memcmp.o)
    0x000025c8   0x00000012   Code   RO         4737    .text               mc_p.l(strcpy.o)
    0x000025da   0x00000014   Code   RO         5002    .text               mc_p.l(uread4.o)
    0x000025ee   0x00000012   Code   RO         5004    .text               mc_p.l(uwrite4.o)
    0x00002600   0x0000003c   Code   RO         5006    .text               mc_p.l(__0sscanf.o)
    0x0000263c   0x0000014a   Code   RO         5008    .text               mc_p.l(_scanf_int.o)
    0x00002786   0x000000e8   Code   RO         5010    .text               mc_p.l(_scanf_str.o)
    0x0000286e   0x0000007a   Code   RO         5012    .text               mf_p.l(fmul.o)
    0x000028e8   0x0000007c   Code   RO         5014    .text               mf_p.l(fdiv.o)
    0x00002964   0x00000164   Code   RO         5016    .text               mf_p.l(dadd.o)
    0x00002ac8   0x000000d0   Code   RO         5018    .text               mf_p.l(dmul.o)
    0x00002b98   0x0000000e   Code   RO         5020    .text               mf_p.l(ffltui.o)
    0x00002ba6   0x00000002   PAD
    0x00002ba8   0x00000028   Code   RO         5022    .text               mf_p.l(dflti.o)
    0x00002bd0   0x00000028   Code   RO         5024    .text               mf_p.l(ffixui.o)
    0x00002bf8   0x00000048   Code   RO         5026    .text               mf_p.l(dfixi.o)
    0x00002c40   0x00000028   Code   RO         5028    .text               mf_p.l(f2d.o)
    0x00002c68   0x00000020   Code   RO         5045    .text               mc_p.l(llshl.o)
    0x00002c88   0x00000022   Code   RO         5047    .text               mc_p.l(llushr.o)
    0x00002caa   0x00000026   Code   RO         5049    .text               mc_p.l(llsshr.o)
    0x00002cd0   0x00000010   Code   RO         5051    .text               mc_p.l(localtime_w.o)
    0x00002ce0   0x00000074   Code   RO         5054    .text               mc_p.l(localtime_i.o)
    0x00002d54   0x0000001e   Code   RO         5057    .text               mc_p.l(_chval.o)
    0x00002d72   0x00000002   PAD
    0x00002d74   0x0000002c   Code   RO         5059    .text               mc_p.l(scanf_char.o)
    0x00002da0   0x00000044   Code   RO         5061    .text               mc_p.l(_sgetc.o)
    0x00002de4   0x00000000   Code   RO         5063    .text               mc_p.l(iusefp.o)
    0x00002de4   0x00000082   Code   RO         5064    .text               mf_p.l(fepilogue.o)
    0x00002e66   0x000000be   Code   RO         5066    .text               mf_p.l(depilogue.o)
    0x00002f24   0x000000f0   Code   RO         5070    .text               mf_p.l(ddiv.o)
    0x00003014   0x00000040   Code   RO         5072    .text               mf_p.l(dfixul.o)
    0x00003054   0x00000028   Code   RO         5074    .text               mf_p.l(cdrcmple.o)
    0x0000307c   0x00000024   Code   RO         5076    .text               mc_p.l(init.o)
    0x000030a0   0x0000000e   Code   RO         5078    .text               mc_p.l(isspace_c.o)
    0x000030ae   0x00000002   PAD
    0x000030b0   0x00000338   Code   RO         5080    .text               mc_p.l(_scanf.o)
    0x000033e8   0x00000024   Code   RO         5082    .text               mc_p.l(ctype_c.o)
    0x0000340c   0x00000056   Code   RO         5093    .text               mc_p.l(__dczerorl2.o)
    0x00003462   0x00000002   Code   RO         1561    i.AES_IRQHandler    ht6xxx_it.o
    0x00003464   0x00000368   Code   RO         2661    i.AES_encrypt       aes.o
    0x000037cc   0x000002ac   Code   RO         2663    i.AES_set_encrypt_key  aes.o
    0x00003a78   0x0000002a   Code   RO          175    i.Asc2Int           main_handle.o
    0x00003aa2   0x00000002   PAD
    0x00003aa4   0x00000064   Code   RO          176    i.BCDToString       main_handle.o
    0x00003b08   0x000000f0   Code   RO          177    i.BSP_Init          main_handle.o
    0x00003bf8   0x000002c4   Code   RO         1123    i.BTRF2_4gStartCharging  charger.o
    0x00003ebc   0x00000338   Code   RO         1883    i.BlueCheckRes      ckb24_um.o
    0x000041f4   0x00000068   Code   RO          949    i.BlueCostTemlteAck  blue.o
    0x0000425c   0x000000dc   Code   RO          950    i.BlueCostTemplateUpload  blue.o
    0x00004338   0x000000d4   Code   RO          951    i.BlueFWDownLoad    blue.o
    0x0000440c   0x000000d0   Code   RO          952    i.BlueFWUpgradeNotice  blue.o
    0x000044dc   0x00000270   Code   RO          953    i.BluePktProc       blue.o
    0x0000474c   0x0000006c   Code   RO          954    i.BlueReqBreak      blue.o
    0x000047b8   0x00000084   Code   RO          955    i.BlueReqCostTemlteProc  blue.o
    0x0000483c   0x0000006c   Code   RO         1884    i.BlueSendCmd       ckb24_um.o
    0x000048a8   0x00000174   Code   RO          956    i.BlueSendHeartBeat  blue.o
    0x00004a1c   0x00000194   Code   RO          957    i.BlueSendHeartBeatACK  blue.o
    0x00004bb0   0x000000ec   Code   RO          958    i.BlueSendStartChargingAck  blue.o
    0x00004c9c   0x00000250   Code   RO          959    i.BlueStartCharging  blue.o
    0x00004eec   0x000001cc   Code   RO          960    i.BlueStopCharging  blue.o
    0x000050b8   0x00000118   Code   RO          961    i.BlueToothSet2_4gAddr  blue.o
    0x000051d0   0x00000070   Code   RO          962    i.BlueToothSet2_4gAddrAck  blue.o
    0x00005240   0x000000d0   Code   RO         1886    i.BuleCheckReset    ckb24_um.o
    0x00005310   0x00000048   Code   RO         1889    i.BuleModeDevt      ckb24_um.o
    0x00005358   0x0000000a   Code   RO         1890    i.BuleModeEcho      ckb24_um.o
    0x00005362   0x0000000a   Code   RO         1891    i.BuleModeGWMac     ckb24_um.o
    0x0000536c   0x00000060   Code   RO         1892    i.BuleModeGetName   ckb24_um.o
    0x000053cc   0x0000000a   Code   RO         1893    i.BuleModePair      ckb24_um.o
    0x000053d6   0x0000000a   Code   RO         1894    i.BuleModeVers      ckb24_um.o
    0x000053e0   0x000000f8   Code   RO         1895    i.BuleReconnect     ckb24_um.o
    0x000054d8   0x000000b0   Code   RO         1896    i.BuleSetDevt       ckb24_um.o
    0x00005588   0x00000138   Code   RO         1897    i.BuleSetGWMac      ckb24_um.o
    0x000056c0   0x000001b4   Code   RO         1898    i.BuleSetName       ckb24_um.o
    0x00005874   0x00000038   Code   RO          522    i.CK24_System_Init  ckb24_um_handle.o
    0x000058ac   0x0000015c   Code   RO          523    i.CK24_UMTask       ckb24_um_handle.o
    0x00005a08   0x00000068   Code   RO         1899    i.CKB24_UMGPIO_Conf  ckb24_um.o
    0x00005a70   0x0000002c   Code   RO         1900    i.CKB24_UM_HardReset  ckb24_um.o
    0x00005a9c   0x00000010   Code   RO         1901    i.CKB24_UM_Init     ckb24_um.o
    0x00005aac   0x00000408   Code   RO          524    i.CKBRecvProc       ckb24_um_handle.o
    0x00005eb4   0x0000005c   Code   RO         1076    i.COM_UpgradeNotiProc_BTRF2_4G  comm_proto.o
    0x00005f10   0x00000204   Code   RO         1500    i.COM_Upgrade_Write  upgrade.o
    0x00006114   0x0000015c   Code   RO         1340    i.CalcuElec         emu_info.o
    0x00006270   0x0000005c   Code   RO          618    i.CardAuthAckResult_BTRF2_4G  24g_proto.o
    0x000062cc   0x00000098   Code   RO          619    i.CardAuthAck_BTRF2_4G  24g_proto.o
    0x00006364   0x00000448   Code   RO          620    i.CardAuthResult_BTRF2_4G  24g_proto.o
    0x000067ac   0x000000f8   Code   RO         1714    i.CardAuthTask      cardauth_handle.o
    0x000068a4   0x0000010c   Code   RO         2369    i.CardBalanceSpeech  sc8042b.o
    0x000069b0   0x00000020   Code   RO         1124    i.Charger_Init      charger.o
    0x000069d0   0x0000040c   Code   RO         1125    i.ChargingCtrlProc  charger.o
    0x00006ddc   0x00000294   Code   RO         1126    i.ChargingProc      charger.o
    0x00007070   0x00000024   Code   RO         1903    i.CheckBlueModeCmd  ckb24_um.o
    0x00007094   0x00000044   Code   RO          178    i.CheckCardTimeLenth  main_handle.o
    0x000070d8   0x000000b0   Code   RO         1127    i.CheckGunStatu     charger.o
    0x00007188   0x00000080   Code   RO          525    i.CheckIdlePin      ckb24_um_handle.o
    0x00007208   0x00000032   Code   RO          179    i.CheckOrderData    main_handle.o
    0x0000723a   0x00000002   PAD
    0x0000723c   0x00000184   Code   RO         1128    i.CheckStartPara    charger.o
    0x000073c0   0x00000018   Code   RO          180    i.CheckSum          main_handle.o
    0x000073d8   0x00000050   Code   RO          621    i.CheckUpgradeWaitTimer  24g_proto.o
    0x00007428   0x000001d8   Code   RO          182    i.Check_M1_Card     main_handle.o
    0x00007600   0x00000010   Code   RO          191    i.CleanReadCardFlag  main_handle.o
    0x00007610   0x00000010   Code   RO          192    i.CleanReadCardTime  main_handle.o
    0x00007620   0x00000014   Code   RO          622    i.CleanStartChargingNotice_BTRF2_4G  24g_proto.o
    0x00007634   0x00000014   Code   RO          623    i.CleanStopChargingNotice_BTRF2_4G  24g_proto.o
    0x00007648   0x00000014   Code   RO          624    i.ClearUpgradeWaitTimer  24g_proto.o
    0x0000765c   0x00000016   Code   RO         2210    i.Clear_BitMask     fm175xx.o
    0x00007672   0x00000018   Code   RO         2211    i.Clear_FIFO        fm175xx.o
    0x0000768a   0x00000002   PAD
    0x0000768c   0x00000010   Code   RO          625    i.CloseBlueToothUpgradeFlag  24g_proto.o
    0x0000769c   0x0000000c   Code   RO          193    i.CloseCheckTimeOver  main_handle.o
    0x000076a8   0x00000010   Code   RO          626    i.CloseUARTUpgradeFlag  24g_proto.o
    0x000076b8   0x00000010   Code   RO          627    i.CloseUpgradeReqestFlag  24g_proto.o
    0x000076c8   0x00000270   Code   RO          595    i.ComTask           com_handle.o
    0x00007938   0x00000050   Code   RO          628    i.CostTemplateAckBTRF2_4G  24g_proto.o
    0x00007988   0x000003a8   Code   RO          629    i.CostTemplateProc_BTRF2_4G  24g_proto.o
    0x00007d30   0x0000079c   Code   RO         1077    i.DebugPktProc      comm_proto.o
    0x000084cc   0x00000014   Code   RO         2053    i.Delay_100uSec     delay.o
    0x000084e0   0x00000020   Code   RO         2054    i.Delay_mSec        delay.o
    0x00008500   0x00000054   Code   RO         2138    i.EMU_Init          emu.o
    0x00008554   0x00000024   Code   RO         2139    i.EMU_Proc          emu.o
    0x00008578   0x00000026   Code   RO         1562    i.EXTI0_IRQHandler  ht6xxx_it.o
    0x0000859e   0x00000028   Code   RO         1563    i.EXTI1_IRQHandler  ht6xxx_it.o
    0x000085c6   0x00000028   Code   RO         1564    i.EXTI2_IRQHandler  ht6xxx_it.o
    0x000085ee   0x00000028   Code   RO         1565    i.EXTI3_IRQHandler  ht6xxx_it.o
    0x00008616   0x00000028   Code   RO         1566    i.EXTI4_IRQHandler  ht6xxx_it.o
    0x0000863e   0x00000028   Code   RO         1567    i.EXTI5_IRQHandler  ht6xxx_it.o
    0x00008666   0x00000028   Code   RO         1568    i.EXTI6_IRQHandler  ht6xxx_it.o
    0x0000868e   0x00000002   PAD
    0x00008690   0x000000a4   Code   RO         1730    i.Enter_StandBy     pmu.o
    0x00008734   0x00000038   Code   RO         2616    i.FIFO_S_Get        fifo.o
    0x0000876c   0x0000001a   Code   RO         2617    i.FIFO_S_Init       fifo.o
    0x00008786   0x00000042   Code   RO         2619    i.FIFO_S_Put        fifo.o
    0x000087c8   0x00000048   Code   RO         2212    i.FM175XX_HardReset  fm175xx.o
    0x00008810   0x00000024   Code   RO         2213    i.FM175XX_Init      fm175xx.o
    0x00008834   0x000000c8   Code   RO          630    i.FWDownLoadAckBTRF2_4G  24g_proto.o
    0x000088fc   0x000002cc   Code   RO          631    i.FWDownLoadProc_BTRF2_4G  24g_proto.o
    0x00008bc8   0x0000004c   Code   RO          632    i.FWUpgradeAckProc_BTRF2_4G  24g_proto.o
    0x00008c14   0x000000b4   Code   RO          633    i.FWUpgradeAck_BTRF2_4G  24g_proto.o
    0x00008cc8   0x000001f4   Code   RO          634    i.FWUpgradeNotiProc_BTRF2_4G  24g_proto.o
    0x00008ebc   0x000000d0   Code   RO          635    i.FWUpgradeREQ_BTRF2_4G  24g_proto.o
    0x00008f8c   0x00000032   Code   RO         1078    i.FlashTest         comm_proto.o
    0x00008fbe   0x00000002   PAD
    0x00008fc0   0x00000014   Code   RO         1393    i.FlashWriteCostTemplateData  flash_usr.o
    0x00008fd4   0x00000070   Code   RO         1394    i.FlashWriteData    flash_usr.o
    0x00009044   0x00000014   Code   RO         1395    i.FlashWriteDataToSystemInfo1  flash_usr.o
    0x00009058   0x00000014   Code   RO         1396    i.FlashWriteGunInfoData  flash_usr.o
    0x0000906c   0x00000014   Code   RO         1397    i.FlashWriteGunInfo_1_Data  flash_usr.o
    0x00009080   0x00000014   Code   RO         1398    i.FlashWriteGunInfo_2_Data  flash_usr.o
    0x00009094   0x00000014   Code   RO         1399    i.FlashWriteGunInfo_3_Data  flash_usr.o
    0x000090a8   0x00000014   Code   RO         1400    i.FlashWriteSystemInfoData  flash_usr.o
    0x000090bc   0x00000044   Code   RO         1401    i.Flash_EraseALL    flash_usr.o
    0x00009100   0x00000084   Code   RO         1402    i.Flash_ErasePage   flash_usr.o
    0x00009184   0x00000014   Code   RO         1403    i.Flash_Init        flash_usr.o
    0x00009198   0x0000003c   Code   RO         1404    i.Flash_Read        flash_usr.o
    0x000091d4   0x00000028   Code   RO         1405    i.Flash_SetPos_r    flash_usr.o
    0x000091fc   0x00000028   Code   RO         1406    i.Flash_SetPos_w    flash_usr.o
    0x00009224   0x000000ec   Code   RO         1407    i.Flash_Write       flash_usr.o
    0x00009310   0x000000e8   Code   RO         1129    i.FuseholderStatusProc  charger.o
    0x000093f8   0x00000010   Code   RO          636    i.GetBlueToothUpgradeFlag  24g_proto.o
    0x00009408   0x00000020   Code   RO         1130    i.GetChargingGunCnt  charger.o
    0x00009428   0x000001dc   Code   RO         1131    i.GetChargingTime   charger.o
    0x00009604   0x0000000c   Code   RO         1132    i.GetCostMode       charger.o
    0x00009610   0x00000044   Code   RO          194    i.GetCpuTemp        main_handle.o
    0x00009654   0x0000004c   Code   RO         1807    i.GetCurrentTime    rtc.o
    0x000096a0   0x00000018   Code   RO         1341    i.GetGunStatus      emu_info.o
    0x000096b8   0x00000084   Code   RO          965    i.GetHistoryOrderNum  blue.o
    0x0000973c   0x00000018   Code   RO          637    i.GetPktSum         24g_proto.o
    0x00009754   0x00000010   Code   RO          195    i.GetReadCardFlag   main_handle.o
    0x00009764   0x00000010   Code   RO          196    i.GetReadCardTime   main_handle.o
    0x00009774   0x00000008   Code   RO         1848    i.GetRtcCount       rtc.o
    0x0000977c   0x0000004c   Code   RO         1808    i.GetTimeStamp      rtc.o
    0x000097c8   0x00000010   Code   RO          638    i.GetUARTUpgradeFlag  24g_proto.o
    0x000097d8   0x00000010   Code   RO         1501    i.GetUpgradeCurrentPackage  upgrade.o
    0x000097e8   0x00000010   Code   RO          639    i.GetUpgradeReqestFlag  24g_proto.o
    0x000097f8   0x00000058   Code   RO          197    i.GreenLedToggle    main_handle.o
    0x00009850   0x0000054e   Code   RO         1133    i.GunChargingProc   charger.o
    0x00009d9e   0x00000002   PAD
    0x00009da0   0x00000048   Code   RO         2312    i.GunGpioInit       gun.o
    0x00009de8   0x0000008c   Code   RO         2313    i.GunTurnOff        gun.o
    0x00009e74   0x0000008c   Code   RO         2314    i.GunTurnOn         gun.o
    0x00009f00   0x00000038   Code   RO         2774    i.HT_CMU_ClkCtrl1Config  ht6xxx_cmu.o
    0x00009f38   0x00000078   Code   RO         2777    i.HT_CMU_Init       ht6xxx_cmu.o
    0x00009fb0   0x00000040   Code   RO         2781    i.HT_CMU_SysClkGet  ht6xxx_cmu.o
    0x00009ff0   0x0000001c   Code   RO         2980    i.HT_EXTIFall_ClearITPendingBit  ht6xxx_exti.o
    0x0000a00c   0x0000001c   Code   RO         2982    i.HT_EXTIFall_ITFlagStatusGet  ht6xxx_exti.o
    0x0000a028   0x00000024   Code   RO         2983    i.HT_EXTIRise_ClearITPendingBit  ht6xxx_exti.o
    0x0000a04c   0x00000020   Code   RO         2985    i.HT_EXTIRise_ITFlagStatusGet  ht6xxx_exti.o
    0x0000a06c   0x00000048   Code   RO         3035    i.HT_Flash_ByteRead  ht6xxx_flash.o
    0x0000a0b4   0x0000005c   Code   RO         3107    i.HT_GPIO_AFInit    ht6xxx_gpio.o
    0x0000a110   0x00000006   Code   RO         3108    i.HT_GPIO_BitsRead  ht6xxx_gpio.o
    0x0000a116   0x00000004   Code   RO         3109    i.HT_GPIO_BitsReset  ht6xxx_gpio.o
    0x0000a11a   0x00000004   Code   RO         3110    i.HT_GPIO_BitsSet   ht6xxx_gpio.o
    0x0000a11e   0x00000004   Code   RO         3111    i.HT_GPIO_BitsToggle  ht6xxx_gpio.o
    0x0000a122   0x00000002   PAD
    0x0000a124   0x00000080   Code   RO         3113    i.HT_GPIO_Init      ht6xxx_gpio.o
    0x0000a1a4   0x00000008   Code   RO         3544    i.HT_ISO7816_ClearITPendingBit  ht6xxx_uart&7816.o
    0x0000a1ac   0x0000000a   Code   RO         3546    i.HT_ISO7816_ITFlagStatusGet  ht6xxx_uart&7816.o
    0x0000a1b6   0x00000002   PAD
    0x0000a1b8   0x00000014   Code   RO         3205    i.HT_PMUState_FlagStatusGet  ht6xxx_pmu.o
    0x0000a1cc   0x00000010   Code   RO         3206    i.HT_PMU_ClearITPendingBit  ht6xxx_pmu.o
    0x0000a1dc   0x0000001c   Code   RO         3209    i.HT_PMU_ITConfig   ht6xxx_pmu.o
    0x0000a1f8   0x00000014   Code   RO         3210    i.HT_PMU_ITFlagStatusGet  ht6xxx_pmu.o
    0x0000a20c   0x00000018   Code   RO         3319    i.HT_RTC_ITConfig   ht6xxx_rtc.o
    0x0000a224   0x00000054   Code   RO         3321    i.HT_RTC_Init       ht6xxx_rtc.o
    0x0000a278   0x0000013c   Code   RO         3322    i.HT_RTC_LoadInfoData  ht6xxx_rtc.o
    0x0000a3b4   0x0000004c   Code   RO         3323    i.HT_RTC_Read       ht6xxx_rtc.o
    0x0000a400   0x00000028   Code   RO         3324    i.HT_RTC_TMRConfig  ht6xxx_rtc.o
    0x0000a428   0x0000006c   Code   RO         3326    i.HT_RTC_Write      ht6xxx_rtc.o
    0x0000a494   0x00000008   Code   RO         3391    i.HT_SPI_ClearITPendingBit  ht6xxx_spi.o
    0x0000a49c   0x0000000a   Code   RO         3392    i.HT_SPI_ITFlagStatusGet  ht6xxx_spi.o
    0x0000a4a6   0x00000002   PAD
    0x0000a4a8   0x00000034   Code   RO         3435    i.HT_TBSConfig      ht6xxx_tbs.o
    0x0000a4dc   0x00000010   Code   RO         3437    i.HT_TBS_ClearITPendingBit  ht6xxx_tbs.o
    0x0000a4ec   0x00000014   Code   RO         3439    i.HT_TBS_ITFlagStatusGet  ht6xxx_tbs.o
    0x0000a500   0x00000008   Code   RO         3498    i.HT_TMR_ClearITPendingBit  ht6xxx_timer.o
    0x0000a508   0x0000000a   Code   RO         3501    i.HT_TMR_ITFlagStatusGet  ht6xxx_timer.o
    0x0000a512   0x00000008   Code   RO         3550    i.HT_UART_ClearITPendingBit  ht6xxx_uart&7816.o
    0x0000a51a   0x00000014   Code   RO         3551    i.HT_UART_ITConfig  ht6xxx_uart&7816.o
    0x0000a52e   0x0000000a   Code   RO         3552    i.HT_UART_ITFlagStatusGet  ht6xxx_uart&7816.o
    0x0000a538   0x00000058   Code   RO         3553    i.HT_UART_Init      ht6xxx_uart&7816.o
    0x0000a590   0x00000006   Code   RO         3555    i.HT_UART_ReceiveData  ht6xxx_uart&7816.o
    0x0000a596   0x00000002   Code   RO         1569    i.HardFault_Handler  ht6xxx_it.o
    0x0000a598   0x000003c8   Code   RO          640    i.HeartBatACK_BTRF2_4G  24g_proto.o
    0x0000a960   0x00000002   Code   RO         1570    i.I2C_IRQHandler    ht6xxx_it.o
    0x0000a962   0x00000002   PAD
    0x0000a964   0x00000024   Code   RO         2498    i.IO_USART_TX_PutVal  simuart.o
    0x0000a988   0x00000018   Code   RO            2    i.Init_TaskSystem   main.o
    0x0000a9a0   0x00000030   Code   RO         2315    i.LED_Init          gun.o
    0x0000a9d0   0x00000030   Code   RO         1809    i.LinuxTickToDay    rtc.o
    0x0000aa00   0x000000c4   Code   RO          198    i.LoadSysCfgInfo    main_handle.o
    0x0000aac4   0x00000078   Code   RO         1239    i.Mifare_Auth       m1_card.o
    0x0000ab3c   0x00000094   Code   RO         1242    i.Mifare_Blockread  m1_card.o
    0x0000abd0   0x00000006   Code   RO          641    i.MuxSempGive       24g_proto.o
    0x0000abd6   0x00000002   PAD
    0x0000abd8   0x00000028   Code   RO          642    i.MuxSempTake       24g_proto.o
    0x0000ac00   0x00000044   Code   RO         2444    i.NVIC_SetPriority  uart.o
    0x0000ac44   0x00000018   Code   RO          199    i.NVIC_SystemReset  main_handle.o
    0x0000ac5c   0x00000018   Code   RO          643    i.NVIC_SystemReset  24g_proto.o
    0x0000ac74   0x00000018   Code   RO         1079    i.NVIC_SystemReset  comm_proto.o
    0x0000ac8c   0x00000010   Code   RO          644    i.OpenBlueToothUpgradeFlag  24g_proto.o
    0x0000ac9c   0x00000034   Code   RO          200    i.OpenCheckTimeOver  main_handle.o
    0x0000acd0   0x00000024   Code   RO         2499    i.OpenTimer         simuart.o
    0x0000acf4   0x00000010   Code   RO          645    i.OpenUARTUpgradeFlag  24g_proto.o
    0x0000ad04   0x00000010   Code   RO          646    i.OpenUpgradeReqestFlag  24g_proto.o
    0x0000ad14   0x000000a4   Code   RO         2370    i.OptFailNotice     sc8042b.o
    0x0000adb8   0x0000002e   Code   RO         1571    i.PMU_IRQHandler    ht6xxx_it.o
    0x0000ade6   0x00000002   PAD
    0x0000ade8   0x00000048   Code   RO         1731    i.PMU_Init          pmu.o
    0x0000ae30   0x00000022   Code   RO          647    i.PackSend24GData   24g_proto.o
    0x0000ae52   0x00000002   PAD
    0x0000ae54   0x00000048   Code   RO          526    i.PackSendOuterBT24GData  ckb24_um_handle.o
    0x0000ae9c   0x0000017e   Code   RO         2214    i.Pcd_Comm          fm175xx.o
    0x0000b01a   0x00000108   Code   RO         2215    i.Pcd_ConfigISOType  fm175xx.o
    0x0000b122   0x00000002   PAD
    0x0000b124   0x00000054   Code   RO         2216    i.Pcd_SetTimer      fm175xx.o
    0x0000b178   0x00000068   Code   RO         2372    i.PlayVoice         sc8042b.o
    0x0000b1e0   0x0000010c   Code   RO         1732    i.PowerOff_MCU      pmu.o
    0x0000b2ec   0x00000078   Code   RO          201    i.PrintfData        main_handle.o
    0x0000b364   0x0000004c   Code   RO         1342    i.ProcessElec       emu_info.o
    0x0000b3b0   0x0000004c   Code   RO         1134    i.Proto2_4gStopCharging  charger.o
    0x0000b3fc   0x0000007c   Code   RO          648    i.R6ToX6ScanCodeStartChargerAck  24g_proto.o
    0x0000b478   0x00000138   Code   RO          649    i.R6ToX6StopChargingAckBTRF2_4G  24g_proto.o
    0x0000b5b0   0x00000058   Code   RO          650    i.R6X6BindACK_BTRF2_4G  24g_proto.o
    0x0000b608   0x0000001c   Code   RO          651    i.R6X6BindREQ_BTRF2_4G  24g_proto.o
    0x0000b624   0x00000070   Code   RO         2316    i.RELAY_Init        gun.o
    0x0000b694   0x00000010   Code   RO         1572    i.RTC_IRQHandler    ht6xxx_it.o
    0x0000b6a4   0x000000e8   Code   RO         1810    i.RTC_Init          rtc.o
    0x0000b78c   0x0000004c   Code   RO          202    i.ReadCardHandle    main_handle.o
    0x0000b7d8   0x00000030   Code   RO         1343    i.ReadEMU_Info      emu_info.o
    0x0000b808   0x0000006c   Code   RO         1344    i.ReadElec          emu_info.o
    0x0000b874   0x000000c0   Code   RO         1135    i.ReadFlashInfoData  charger.o
    0x0000b934   0x00000044   Code   RO         2140    i.ReadPower         emu.o
    0x0000b978   0x00000038   Code   RO         2141    i.ReadRMSI          emu.o
    0x0000b9b0   0x0000002c   Code   RO         2142    i.ReadRMSU          emu.o
    0x0000b9dc   0x00000014   Code   RO         1136    i.ReadUpgradeInit   charger.o
    0x0000b9f0   0x0000000c   Code   RO         2143    i.Read_ECADR        emu.o
    0x0000b9fc   0x0000000c   Code   RO         2144    i.Read_EPADR        emu.o
    0x0000ba08   0x0000001c   Code   RO         2217    i.Read_FIFO         fm175xx.o
    0x0000ba24   0x00000008   Code   RO         2218    i.Read_Reg          fm175xx.o
    0x0000ba2c   0x00000144   Code   RO          966    i.RecvBtData        blue.o
    0x0000bb70   0x0000004c   Code   RO          652    i.RemoteCtrlAck_BTRF2_4G  24g_proto.o
    0x0000bbbc   0x00000024   Code   RO          653    i.RemoteCtrlBtRf2_4g  24g_proto.o
    0x0000bbe0   0x00000118   Code   RO          654    i.RemoteCtrlProc_BTRF2_4G  24g_proto.o
    0x0000bcf8   0x000000d0   Code   RO         1137    i.RestoreGunStatus  charger.o
    0x0000bdc8   0x00000030   Code   RO          203    i.RestoreGunWithChargingCtrlProc  main_handle.o
    0x0000bdf8   0x00000084   Code   RO         2373    i.SC8042B_Init      sc8042b.o
    0x0000be7c   0x0000000c   Code   RO         2565    i.SIM_SPI_Delay     simspi.o
    0x0000be88   0x000000b0   Code   RO         2566    i.SIM_SPI_Init      simspi.o
    0x0000bf38   0x0000004c   Code   RO         2567    i.SIM_SPI_ReadByte  simspi.o
    0x0000bf84   0x0000004c   Code   RO         2568    i.SIM_SPI_WriteByte  simspi.o
    0x0000bfd0   0x00000034   Code   RO         1573    i.SPI0_IRQHandler   ht6xxx_it.o
    0x0000c004   0x00000034   Code   RO         2219    i.SPIRead           fm175xx.o
    0x0000c038   0x00000030   Code   RO         2220    i.SPIWrite          fm175xx.o
    0x0000c068   0x00000002   Code   RO         4300    i.SVC_Handler       port.o
    0x0000c06a   0x00000002   PAD
    0x0000c06c   0x00000034   Code   RO         1345    i.SaveElec          emu_info.o
    0x0000c0a0   0x000002f4   Code   RO          204    i.SaveOrderReport   main_handle.o
    0x0000c394   0x00000014   Code   RO          655    i.SaveStopChargingNotice_BTRF2_4G  24g_proto.o
    0x0000c3a8   0x00000098   Code   RO          205    i.Sc8042bSpeechStartChargerFail  main_handle.o
    0x0000c440   0x000000b8   Code   RO          527    i.SendBlueTooth2_4GPkt  ckb24_um_handle.o
    0x0000c4f8   0x0000013c   Code   RO          656    i.SendCardAuthReq_24G  24g_proto.o
    0x0000c634   0x00000040   Code   RO         1080    i.SendDebugPkt      comm_proto.o
    0x0000c674   0x00000070   Code   RO          657    i.SendEventNotice_BTRF2_4G  24g_proto.o
    0x0000c6e4   0x00000108   Code   RO          658    i.SendHeartBat_BTRF2_4G  24g_proto.o
    0x0000c7ec   0x000002a8   Code   RO          206    i.SendOrderReport   main_handle.o
    0x0000ca94   0x00000054   Code   RO          659    i.SendOrderReportNotice_BTRF2_4G  24g_proto.o
    0x0000cae8   0x00000034   Code   RO          660    i.SendProtoPkt_BTRF2_4G  24g_proto.o
    0x0000cb1c   0x0000004c   Code   RO          661    i.SendReqCostTemplate_BTRF2_4G  24g_proto.o
    0x0000cb68   0x00000118   Code   RO          662    i.SendStartChargingNotice  24g_proto.o
    0x0000cc80   0x000000b4   Code   RO          663    i.SendStartChargingNoticeBTRF_24G  24g_proto.o
    0x0000cd34   0x00000030   Code   RO         1081    i.SendTestPktAck    comm_proto.o
    0x0000cd64   0x00000058   Code   RO         1906    i.SetBlueName       ckb24_um.o
    0x0000cdbc   0x00000058   Code   RO         1907    i.SetBluePair       ckb24_um.o
    0x0000ce14   0x00000070   Code   RO         1908    i.SetGateWay24GMacAddr  ckb24_um.o
    0x0000ce84   0x00000010   Code   RO          207    i.SetReadCardFlag   main_handle.o
    0x0000ce94   0x00000010   Code   RO          208    i.SetReadCardTime   main_handle.o
    0x0000cea4   0x00000016   Code   RO         1811    i.SetRtcCount       rtc.o
    0x0000ceba   0x00000018   Code   RO         2221    i.Set_BitMask       fm175xx.o
    0x0000ced2   0x0000004e   Code   RO         2222    i.Set_Rf            fm175xx.o
    0x0000cf20   0x000001b8   Code   RO          967    i.ShakeReqProc      blue.o
    0x0000d0d8   0x000000c4   Code   RO         1138    i.ShowGunInfo       charger.o
    0x0000d19c   0x0000002c   Code   RO         2500    i.SimUartSendByte   simuart.o
    0x0000d1c8   0x00000064   Code   RO         2501    i.SimuUartSendData  simuart.o
    0x0000d22c   0x0000002c   Code   RO         2502    i.SimuartGpioInit   simuart.o
    0x0000d258   0x00000054   Code   RO         2503    i.SimuartInit       simuart.o
    0x0000d2ac   0x00000160   Code   RO         2374    i.SpeechCardBalance  sc8042b.o
    0x0000d40c   0x00000052   Code   RO         2375    i.SpeechChargeing   sc8042b.o
    0x0000d45e   0x00000072   Code   RO          664    i.SpeechSelectGun   24g_proto.o
    0x0000d4d0   0x000000b0   Code   RO          665    i.StartChargingAckProc_24G  24g_proto.o
    0x0000d580   0x00000080   Code   RO          666    i.StartChargingNoticeACK_BTRF2_4G  24g_proto.o
    0x0000d600   0x000002a8   Code   RO          667    i.StartChargingProc_BTRF2_4G  24g_proto.o
    0x0000d8a8   0x00000050   Code   RO          668    i.StopChargingAckBTRF2_4G  24g_proto.o
    0x0000d8f8   0x0000003c   Code   RO          669    i.StopChargingProc_BTRF2_4G  24g_proto.o
    0x0000d934   0x0000003e   Code   RO          209    i.StringToBCD       main_handle.o
    0x0000d972   0x00000002   PAD
    0x0000d974   0x00000040   Code   RO         1768    i.SwitchTo_Flrc     cmu.o
    0x0000d9b4   0x000001bc   Code   RO          210    i.SysCfgInit        main_handle.o
    0x0000db70   0x00000024   Code   RO         4301    i.SysTick_Handler   port.o
    0x0000db94   0x00000040   Code   RO         1769    i.SystemClock_Config  cmu.o
    0x0000dbd4   0x00000002   Code   RO         3687    i.SystemInit        system_ht6xxx.o
    0x0000dbd6   0x00000002   PAD
    0x0000dbd8   0x0000003c   Code   RO          211    i.System_Init       main_handle.o
    0x0000dc14   0x00000062   Code   RO         1574    i.TBS_IRQHandler    ht6xxx_it.o
    0x0000dc76   0x00000002   PAD
    0x0000dc78   0x0000005c   Code   RO         1575    i.TIMER_0_IRQHandler  ht6xxx_it.o
    0x0000dcd4   0x00000058   Code   RO         2504    i.TIMER_1_IRQHandler  simuart.o
    0x0000dd2c   0x00000048   Code   RO         1576    i.TIMER_2_IRQHandler  ht6xxx_it.o
    0x0000dd74   0x00000048   Code   RO         1577    i.TIMER_3_IRQHandler  ht6xxx_it.o
    0x0000ddbc   0x00000020   Code   RO         2505    i.TIM_Cmd           simuart.o
    0x0000dddc   0x000000b0   Code   RO         2376    i.TempNotice        sc8042b.o
    0x0000de8c   0x00000040   Code   RO          212    i.TestReadCardHandle  main_handle.o
    0x0000decc   0x00000040   Code   RO         2428    i.Timer0_Init       timer.o
    0x0000df0c   0x0000002c   Code   RO         2317    i.TurnOffAllGun     gun.o
    0x0000df38   0x0000015c   Code   RO         1247    i.TypeA_Anticollision  m1_card.o
    0x0000e094   0x0000003a   Code   RO         1248    i.TypeA_CardActivate  m1_card.o
    0x0000e0ce   0x00000046   Code   RO         1249    i.TypeA_Halt        m1_card.o
    0x0000e114   0x00000064   Code   RO         1250    i.TypeA_Request     m1_card.o
    0x0000e178   0x00000060   Code   RO         1251    i.TypeA_Select      m1_card.o
    0x0000e1d8   0x00000040   Code   RO         1252    i.TypeA_Set_Bit_Framing  m1_card.o
    0x0000e218   0x00000084   Code   RO         1253    i.TypeA_Set_NVB     m1_card.o
    0x0000e29c   0x00000068   Code   RO         1578    i.UART0_IRQHandler  ht6xxx_it.o
    0x0000e304   0x00000034   Code   RO         1579    i.UART1_IRQHandler  ht6xxx_it.o
    0x0000e338   0x00000034   Code   RO         1580    i.UART2_IRQHandler  ht6xxx_it.o
    0x0000e36c   0x000000a4   Code   RO         1581    i.UART3_IRQHandler  ht6xxx_it.o
    0x0000e410   0x000000b4   Code   RO         2447    i.UART3_Init        uart.o
    0x0000e4c4   0x000000a4   Code   RO         1582    i.UART4_IRQHandler  ht6xxx_it.o
    0x0000e568   0x000000bc   Code   RO         2448    i.UART4_Init        uart.o
    0x0000e624   0x0000002e   Code   RO         1583    i.UART5_IRQHandler  ht6xxx_it.o
    0x0000e652   0x00000036   Code   RO         2449    i.Uart_Send         uart.o
    0x0000e688   0x000001bc   Code   RO          528    i.UnpackRecv24GPack  ckb24_um_handle.o
    0x0000e844   0x00000150   Code   RO         1502    i.UpgradeFlashErasePage  upgrade.o
    0x0000e994   0x000000d4   Code   RO         1504    i.Upgrade_FlashCheck  upgrade.o
    0x0000ea68   0x0000025c   Code   RO         1505    i.Upgrade_Init      upgrade.o
    0x0000ecc4   0x000001c8   Code   RO         1506    i.Upgrade_Write     upgrade.o
    0x0000ee8c   0x0000001c   Code   RO         2782    i.Wait2mS           ht6xxx_cmu.o
    0x0000eea8   0x0000000c   Code   RO         2145    i.Write_ECADR       emu.o
    0x0000eeb4   0x0000001a   Code   RO         2224    i.Write_FIFO        fm175xx.o
    0x0000eece   0x0000000a   Code   RO         2225    i.Write_Reg         fm175xx.o
    0x0000eed8   0x00000158   Code   RO          670    i.X6ToR6HeartBatACK_BTRF2_4G  24g_proto.o
    0x0000f030   0x00000258   Code   RO          671    i._24gRecvProc      24g_proto.o
    0x0000f288   0x00000020   Code   RO         4974    i.__0printf         mc_p.l(printfa.o)
    0x0000f2a8   0x00000028   Code   RO         4976    i.__0sprintf        mc_p.l(printfa.o)
    0x0000f2d0   0x0000002e   Code   RO         5068    i.__ARM_clz         mf_p.l(depilogue.o)
    0x0000f2fe   0x0000001a   Code   RO          577    i.__ARM_common_switch8  ckb24_um_handle.o
    0x0000f318   0x0000000e   Code   RO         5087    i.__scatterload_copy  mc_p.l(handlers.o)
    0x0000f326   0x00000002   Code   RO         5088    i.__scatterload_null  mc_p.l(handlers.o)
    0x0000f328   0x0000000e   Code   RO         5089    i.__scatterload_zeroinit  mc_p.l(handlers.o)
    0x0000f336   0x00000002   PAD
    0x0000f338   0x00000158   Code   RO         4981    i._fp_digits        mc_p.l(printfa.o)
    0x0000f490   0x000006ec   Code   RO         4982    i._printf_core      mc_p.l(printfa.o)
    0x0000fb7c   0x00000020   Code   RO         4983    i._printf_post_padding  mc_p.l(printfa.o)
    0x0000fb9c   0x0000002c   Code   RO         4984    i._printf_pre_padding  mc_p.l(printfa.o)
    0x0000fbc8   0x0000000a   Code   RO         4986    i._sputc            mc_p.l(printfa.o)
    0x0000fbd2   0x00000002   PAD
    0x0000fbd4   0x000001ac   Code   RO         2146    i.emu_var_cal       emu.o
    0x0000fd80   0x00000068   Code   RO         1733    i.enter_hold_init   pmu.o
    0x0000fde8   0x00000048   Code   RO          213    i.fputc             main_handle.o
    0x0000fe30   0x000002a8   Code   RO         2147    i.get_emu_var_default  emu.o
    0x000100d8   0x0000000c   Code   RO         4377    i.inHandlerMode     cmsis_os.o
    0x000100e4   0x00000034   Code   RO          214    i.isArraryEmpty     main_handle.o
    0x00010118   0x000000c0   Code   RO          672    i.isStartChargingBTRF2_4G  24g_proto.o
    0x000101d8   0x00000090   Code   RO          215    i.isTheSameCard     main_handle.o
    0x00010268   0x00000070   Code   RO            3    i.main              main.o
    0x000102d8   0x00000010   Code   RO         4380    i.osDelay           cmsis_os.o
    0x000102e8   0x0000000a   Code   RO         4395    i.osMutexCreate     cmsis_os.o
    0x000102f2   0x00000002   PAD
    0x000102f4   0x0000004c   Code   RO         4397    i.osMutexRelease    cmsis_os.o
    0x00010340   0x0000006c   Code   RO         4398    i.osMutexWait       cmsis_os.o
    0x000103ac   0x0000002c   Code   RO         4406    i.osSemaphoreCreate  cmsis_os.o
    0x000103d8   0x00000034   Code   RO         3998    i.prvAddCurrentTaskToDelayedList  tasks.o
    0x0001040c   0x0000005c   Code   RO         3999    i.prvCheckTasksWaitingTermination  tasks.o
    0x00010468   0x00000026   Code   RO         3845    i.prvCopyDataFromQueue  queue.o
    0x0001048e   0x00000076   Code   RO         3846    i.prvCopyDataToQueue  queue.o
    0x00010504   0x00000044   Code   RO         4250    i.prvHeapInit       heap_4.o
    0x00010548   0x0000000a   Code   RO         4000    i.prvIdleTask       tasks.o
    0x00010552   0x00000002   PAD
    0x00010554   0x0000004c   Code   RO         4251    i.prvInsertBlockIntoFreeList  heap_4.o
    0x000105a0   0x00000020   Code   RO         4002    i.prvResetNextTaskUnblockTime  tasks.o
    0x000105c0   0x00000014   Code   RO         4302    i.prvTaskExitError  port.o
    0x000105d4   0x0000006a   Code   RO         3847    i.prvUnlockQueue    queue.o
    0x0001063e   0x00000002   PAD
    0x00010640   0x000000b0   Code   RO         4252    i.pvPortMalloc      heap_4.o
    0x000106f0   0x00000018   Code   RO         4004    i.pvTaskIncrementMutexHeldCount  tasks.o
    0x00010708   0x00000020   Code   RO         4303    i.pxPortInitialiseStack  port.o
    0x00010728   0x00000024   Code   RO         3809    i.uxListRemove      list.o
    0x0001074c   0x00000016   Code   RO         3810    i.vListInitialise   list.o
    0x00010762   0x00000006   Code   RO         3811    i.vListInitialiseItem  list.o
    0x00010768   0x00000030   Code   RO         3812    i.vListInsert       list.o
    0x00010798   0x00000018   Code   RO         3813    i.vListInsertEnd    list.o
    0x000107b0   0x000003bc   Code   RO          216    i.vMainTask         main_handle.o
    0x00010b6c   0x00000018   Code   RO         4305    i.vPortEnterCritical  port.o
    0x00010b84   0x0000001c   Code   RO         4306    i.vPortExitCritical  port.o
    0x00010ba0   0x00000044   Code   RO         4253    i.vPortFree         heap_4.o
    0x00010be4   0x00000018   Code   RO         4307    i.vPortYield        port.o
    0x00010bfc   0x0000003c   Code   RO         4011    i.vTaskDelay        tasks.o
    0x00010c38   0x0000000c   Code   RO         4014    i.vTaskMissedYield  tasks.o
    0x00010c44   0x00000040   Code   RO         4015    i.vTaskPlaceOnEventList  tasks.o
    0x00010c84   0x00000064   Code   RO         4017    i.vTaskPriorityInherit  tasks.o
    0x00010ce8   0x00000018   Code   RO         4021    i.vTaskSetTimeOutState  tasks.o
    0x00010d00   0x0000004c   Code   RO         4022    i.vTaskStartScheduler  tasks.o
    0x00010d4c   0x00000010   Code   RO         4024    i.vTaskSuspendAll   tasks.o
    0x00010d5c   0x00000058   Code   RO         4025    i.vTaskSwitchContext  tasks.o
    0x00010db4   0x00000040   Code   RO         4308    i.xPortStartScheduler  port.o
    0x00010df4   0x00000028   Code   RO         3857    i.xQueueCreateCountingSemaphore  queue.o
    0x00010e1c   0x0000004a   Code   RO         3858    i.xQueueCreateMutex  queue.o
    0x00010e66   0x0000004a   Code   RO         3859    i.xQueueGenericCreate  queue.o
    0x00010eb0   0x00000134   Code   RO         3860    i.xQueueGenericReceive  queue.o
    0x00010fe4   0x00000062   Code   RO         3861    i.xQueueGenericReset  queue.o
    0x00011046   0x0000010e   Code   RO         3862    i.xQueueGenericSend  queue.o
    0x00011154   0x00000072   Code   RO         3864    i.xQueueGiveFromISR  queue.o
    0x000111c6   0x00000070   Code   RO         3868    i.xQueueReceiveFromISR  queue.o
    0x00011236   0x00000002   PAD
    0x00011238   0x00000054   Code   RO         4026    i.xTaskCheckForTimeOut  tasks.o
    0x0001128c   0x00000174   Code   RO         4027    i.xTaskGenericCreate  tasks.o
    0x00011400   0x00000020   Code   RO         4029    i.xTaskGetSchedulerState  tasks.o
    0x00011420   0x0000000c   Code   RO         4030    i.xTaskGetTickCount  tasks.o
    0x0001142c   0x0000009c   Code   RO         4032    i.xTaskIncrementTick  tasks.o
    0x000114c8   0x00000064   Code   RO         4033    i.xTaskPriorityDisinherit  tasks.o
    0x0001152c   0x00000064   Code   RO         4034    i.xTaskRemoveFromEventList  tasks.o
    0x00011590   0x000000a0   Code   RO         4036    i.xTaskResumeAll    tasks.o
    0x00011630   0x000000f6   Data   RO          218    .constdata          main_handle.o
    0x00011726   0x0000004c   Data   RO          531    .constdata          ckb24_um_handle.o
    0x00011772   0x00000008   Data   RO          597    .constdata          com_handle.o
    0x0001177a   0x0000017d   Data   RO          673    .constdata          24g_proto.o
    0x000118f7   0x00000107   Data   RO          968    .constdata          blue.o
    0x000119fe   0x0000000d   Data   RO         1082    .constdata          comm_proto.o
    0x00011a0b   0x00000001   PAD
    0x00011a0c   0x000000b1   Data   RO         1140    .constdata          charger.o
    0x00011abd   0x00000011   Data   RO         1254    .constdata          m1_card.o
    0x00011ace   0x0000002b   Data   RO         1408    .constdata          flash_usr.o
    0x00011af9   0x00000056   Data   RO         1508    .constdata          upgrade.o
    0x00011b4f   0x00000009   Data   RO         1813    .constdata          rtc.o
    0x00011b58   0x00000134   Data   RO         1909    .constdata          ckb24_um.o
    0x00011c8c   0x00000021   Data   RO         2319    .constdata          gun.o
    0x00011cad   0x0000002a   Data   RO         2377    .constdata          sc8042b.o
    0x00011cd7   0x00000001   PAD
    0x00011cd8   0x00002128   Data   RO         2664    .constdata          aes.o
    0x00013e00   0x00000008   Data   RO         2783    .constdata          ht6xxx_cmu.o
    0x00013e08   0x00000008   Data   RO         3045    .constdata          ht6xxx_flash.o
    0x00013e10   0x00000008   Data   RO         3114    .constdata          ht6xxx_gpio.o
    0x00013e18   0x00000008   Data   RO         3327    .constdata          ht6xxx_rtc.o
    0x00013e20   0x0000000c   Data   RO         4725    .constdata          mc_p.l(mktime.o)
    0x00013e2c   0x0000000c   Data   RO         5055    .constdata          mc_p.l(localtime_i.o)
    0x00013e38   0x00000040   Data   RO         5083    .constdata          mc_p.l(ctype_c.o)
    0x00013e78   0x000000d0   Data   RO          219    .conststring        main_handle.o
    0x00013f48   0x00000044   Data   RO          532    .conststring        ckb24_um_handle.o
    0x00013f8c   0x00000522   Data   RO          674    .conststring        24g_proto.o
    0x000144ae   0x00000002   PAD
    0x000144b0   0x000000a1   Data   RO          969    .conststring        blue.o
    0x00014551   0x00000003   PAD
    0x00014554   0x0000006c   Data   RO         1083    .conststring        comm_proto.o
    0x000145c0   0x00000652   Data   RO         1141    .conststring        charger.o
    0x00014c12   0x00000002   PAD
    0x00014c14   0x0000013b   Data   RO         1509    .conststring        upgrade.o
    0x00014d4f   0x00000001   PAD
    0x00014d50   0x000000d7   Data   RO         1910    .conststring        ckb24_um.o
    0x00014e27   0x00000001   PAD
    0x00014e28   0x00000020   Data   RO         5085    Region$$Table       anon$$obj.o


    Execution Region RW_IRAM1 (Base: 0x20000000, Size: 0x000054f0, Max: 0x00008000, ABSOLUTE, COMPRESSED[0x00000060])

    Base Addr    Size         Type   Attr      Idx    E Section Name        Object

    0x20000000   0x00000004   Data   RW            4    .data               main.o
    0x20000004   0x0000003f   Data   RW          221    .data               main_handle.o
    0x20000043   0x00000001   PAD
    0x20000044   0x0000000e   Data   RW          533    .data               ckb24_um_handle.o
    0x20000052   0x00000006   Data   RW          598    .data               com_handle.o
    0x20000058   0x00000013   Data   RW          675    .data               24g_proto.o
    0x2000006b   0x00000004   Data   RW          970    .data               blue.o
    0x2000006f   0x00000001   PAD
    0x20000070   0x00000008   Data   RW         1142    .data               charger.o
    0x20000078   0x00000018   Data   RW         1347    .data               emu_info.o
    0x20000090   0x000000c4   Data   RW         1409    .data               flash_usr.o
    0x20000154   0x00000007   Data   RW         1510    .data               upgrade.o
    0x2000015b   0x00000001   PAD
    0x2000015c   0x0000000c   Data   RW         1584    .data               ht6xxx_it.o
    0x20000168   0x0000000d   Data   RW         1911    .data               ckb24_um.o
    0x20000175   0x00000003   PAD
    0x20000178   0x00000004   Data   RW         2149    .data               emu.o
    0x2000017c   0x00000038   Data   RW         4039    .data               tasks.o
    0x200001b4   0x00000018   Data   RW         4258    .data               heap_4.o
    0x200001cc   0x00000004   Data   RW         4309    .data               port.o
    0x200001d0   0x00000004   Data   RW         5044    .data               mc_p.l(stdout.o)
    0x200001d4   0x000005a7   Zero   RW          217    .bss                main_handle.o
    0x2000077b   0x00000001   PAD
    0x2000077c   0x0000016c   Zero   RW          529    .bss                ckb24_um_handle.o
    0x200008e8   0x00000096   Zero   RW          596    .bss                com_handle.o
    0x2000097e   0x00000002   PAD
    0x20000980   0x0000027c   Zero   RW         1139    .bss                charger.o
    0x20000bfc   0x00000004   PAD
    0x20000c00   0x00000038   Zero   RW         1346    .bss                emu_info.o
    0x20000c38   0x00000016   Zero   RW         1507    .bss                upgrade.o
    0x20000c4e   0x00000010   Zero   RW         1812    .bss                rtc.o
    0x20000c5e   0x00000002   PAD
    0x20000c60   0x00000098   Zero   RW         2148    .bss                emu.o
    0x20000cf8   0x000002c4   Zero   RW         2450    .bss                uart.o
    0x20000fbc   0x00000018   Zero   RW         2507    .bss                simuart.o
    0x20000fd4   0x000000f0   Zero   RW         4038    .bss                tasks.o
    0x200010c4   0x00004000   Zero   RW         4257    .bss                heap_4.o
    0x200050c4   0x0000002c   Zero   RW         5052    .bss                mc_p.l(localtime_w.o)
    0x200050f0   0x00000400   Zero   RW         4701    STACK               startup_ht502x.o



  Load Region LR$$.ARM.__at_0x0FC0 (Base: 0x00000fc0, Size: 0x00000004, Max: 0x00000004, ABSOLUTE)

    Execution Region ER$$.ARM.__at_0x0FC0 (Base: 0x00000fc0, Size: 0x00000004, Max: 0x00000004, ABSOLUTE, UNINIT)

    Base Addr    Size         Type   Attr      Idx    E Section Name        Object

    0x00000fc0   0x00000004   Code   RO         4704    .ARM.__at_0x0FC0    startup_ht502x.o


==============================================================================

Image component sizes


      Code (inc. data)   RO Data    RW Data    ZI Data      Debug   Object Name

     10318       3394       1695         19          0      36317   24g_proto.o
      1556         40       8488          0          0       2820   aes.o
      4960       1910        424          4          0      12748   blue.o
       248         72          0          0          0        599   cardauth_handle.o
      5802       1342       1795          8        636      18526   charger.o
      3008       1182        523         13          0      13474   ckb24_um.o
      2290        742        144         14        364      17853   ckb24_um_handle.o
       266         12          0          0          0       9295   cmsis_os.o
       128         22          0          0          0        873   cmu.o
       624        166          8          6        150       6560   com_handle.o
      2226        872        121          0          0       4822   comm_proto.o
        52          4          0          0          0        905   delay.o
      1432        114          0          4        152       9131   emu.o
       656         78          0         24         56       4601   emu_info.o
         0          0          0          0          0       1496   event_groups.o
       148          0          0          0          0       1976   fifo.o
       848        248         43        196          0       9563   flash_usr.o
      1158         32          0          0          0       9246   fm175xx.o
       556        176         33          0          0       3153   gun.o
       388         22          0         24      16384       3835   heap_4.o
       268         42          8          0          0       2973   ht6xxx_cmu.o
       124         22          0          0          0       2244   ht6xxx_exti.o
       712        126          8          0          0       2736   ht6xxx_flash.o
       238         28          8          0          0       4190   ht6xxx_gpio.o
      1314        100          0         12          0       9993   ht6xxx_it.o
        84         20          0          0          0       2202   ht6xxx_pmu.o
       648         80          8          0          0       4402   ht6xxx_rtc.o
        18          0          0          0          0       1488   ht6xxx_spi.o
        88         28          0          0          0       1683   ht6xxx_tbs.o
        18          0          0          0          0       1484   ht6xxx_timer.o
       150          0          0          0          0       4614   ht6xxx_uart&7816.o
       136          0          0          0          0       2898   list.o
      1136         68         17          0          0       6840   m1_card.o
       136         40          0          4          0      82040   main.o
      5218       1914        454         63       1447      59776   main_handle.o
       608        130          0          0          0      10304   pmu.o
       358         58          0          4          0       5940   port.o
      1352          0          0          0          0      10949   queue.o
       462        156          9          0         16      12385   rtc.o
      1278        154         42          0          0       4637   sc8042b.o
       340         30          0          0          0       2290   simspi.o
       464         60          0          0         24       5694   simuart.o
        32         12        192          0       1024        804   startup_ht502x.o
         2          0          0          0          0        425   system_ht6xxx.o
      1666        148          0         56        240      16716   tasks.o
        64         20          0          0          0        470   timer.o
       490         58          0          0        708      12604   uart.o
      2140        838        401          7         22       5786   upgrade.o

    ----------------------------------------------------------------------
     56252      14560      14464        464      21232     446360   Object Totals
         0          0         32          0          0          0   (incl. Generated)
        44          0         11          6          9          0   (incl. Padding)

    ----------------------------------------------------------------------

      Code (inc. data)   RO Data    RW Data    ZI Data      Debug   Library Member Name

        60         10          0          0          0         84   __0sscanf.o
        86          0          0          0          0          0   __dczerorl2.o
        30          0          0          0          0         60   _chval.o
       824         12          0          0          0         84   _scanf.o
       330          0          0          0          0         84   _scanf_int.o
       232          0          0          0          0         84   _scanf_str.o
        68          0          0          0          0         76   _sgetc.o
        36          4         64          0          0         60   ctype_c.o
         0          0          0          0          0          0   entry.o
         0          0          0          0          0          0   entry10a.o
         0          0          0          0          0          0   entry11a.o
         8          4          0          0          0          0   entry2.o
         4          0          0          0          0          0   entry5.o
         0          0          0          0          0          0   entry7b.o
         0          0          0          0          0          0   entry8b.o
         8          4          0          0          0          0   entry9a.o
        30          0          0          0          0          0   handlers.o
        40          0          0          0          0         72   idiv.o
        36          8          0          0          0         68   init.o
        14          0          0          0          0         68   isspace_c.o
         0          0          0          0          0          0   iusefp.o
        32          0          0          0          0         68   llshl.o
        38          0          0          0          0         68   llsshr.o
        34          0          0          0          0         68   llushr.o
       116         12         12          0          0         72   localtime_i.o
        16          6          0          0         44         68   localtime_w.o
        26          0          0          0          0         72   memcmp.o
        36          0          0          0          0         60   memcpya.o
        36          0          0          0          0        100   memseta.o
       140         16         12          0          0         72   mktime.o
      2274        102          0          0          0        556   printfa.o
        44          8          0          0          0         84   scanf_char.o
         0          0          0          4          0          0   stdout.o
        18          0          0          0          0         60   strcpy.o
        14          0          0          0          0         60   strlen.o
        40          0          0          0          0         72   strstr.o
        44          0          0          0          0         72   uidiv.o
        96          0          0          0          0         84   uldiv.o
        20          0          0          0          0         60   uread4.o
        18          0          0          0          0         60   uwrite4.o
        40          2          0          0          0         68   cdrcmple.o
       356          4          0          0          0        140   dadd.o
       240          6          0          0          0         84   ddiv.o
       236          0          0          0          0        216   depilogue.o
        72         10          0          0          0         72   dfixi.o
        64         10          0          0          0         68   dfixul.o
        40          6          0          0          0         68   dflti.o
       208          6          0          0          0         88   dmul.o
        40          0          0          0          0         60   f2d.o
       124          0          0          0          0         72   fdiv.o
       130          0          0          0          0        144   fepilogue.o
        40          0          0          0          0         60   ffixui.o
        14          0          0          0          0         68   ffltui.o
       122          0          0          0          0         72   fmul.o

    ----------------------------------------------------------------------
      6584        230         88          4         44       3776   Library Totals
        10          0          0          0          0          0   (incl. Padding)

    ----------------------------------------------------------------------

      Code (inc. data)   RO Data    RW Data    ZI Data      Debug   Library Name

      4848        186         88          4         44       2496   mc_p.l
      1726         44          0          0          0       1280   mf_p.l

    ----------------------------------------------------------------------
      6584        230         88          4         44       3776   Library Totals

    ----------------------------------------------------------------------

==============================================================================


      Code (inc. data)   RO Data    RW Data    ZI Data      Debug   

     62836      14790      14552        468      21276     431328   Grand Totals
     62836      14790      14552         96      21276     431328   ELF Image Totals (compressed)
     62836      14790      14552         96          0          0   ROM Totals

==============================================================================

    Total RO  Size (Code + RO Data)                77388 (  75.57kB)
    Total RW  Size (RW Data + ZI Data)             21744 (  21.23kB)
    Total ROM Size (Code + RO Data + RW Data)      77484 (  75.67kB)

==============================================================================

