Component: ARM Compiler 5.06 update 1 (build 61) Tool: armlink [4d35a8]

==============================================================================

Section Cross References

    main.o(i.Init_TaskSystem) refers to pmu.o(i.PMU_Init) for PMU_Init
    main.o(i.Init_TaskSystem) refers to pmu.o(i.Enter_StandBy) for Enter_StandBy
    main.o(i.Init_TaskSystem) refers to delay.o(i.Delay_mSec) for Delay_mSec
    main.o(i.Init_TaskSystem) refers to cmu.o(i.SystemClock_Config) for SystemClock_Config
    main.o(i.main) refers to main.o(i.Init_TaskSystem) for Init_TaskSystem
    main.o(i.main) refers to tasks.o(i.xTaskGenericCreate) for xTaskGenericCreate
    main.o(i.main) refers to tasks.o(i.vTaskStartScheduler) for vTaskStartScheduler
    main.o(i.main) refers to main.o(.data) for RstsrTmp
    main.o(i.main) refers to main_handle.o(i.vMainTask) for vMainTask
    main_handle.o(i.BCDToString) refers to memcpya.o(.text) for __aeabi_memcpy4
    main_handle.o(i.BSP_Init) refers to emu.o(i.EMU_Init) for EMU_Init
    main_handle.o(i.BSP_Init) refers to simuart.o(i.SimuartInit) for SimuartInit
    main_handle.o(i.BSP_Init) refers to rtc.o(i.GetCurrentTime) for GetCurrentTime
    main_handle.o(i.BSP_Init) refers to printfa.o(i.__0printf) for __2printf
    main_handle.o(i.BSP_Init) refers to flash_usr.o(i.Flash_Init) for Flash_Init
    main_handle.o(i.BSP_Init) refers to gun.o(i.GunGpioInit) for GunGpioInit
    main_handle.o(i.BSP_Init) refers to sc8042b.o(i.SC8042B_Init) for SC8042B_Init
    main_handle.o(i.BSP_Init) refers to timer.o(i.Timer0_Init) for Timer0_Init
    main_handle.o(i.BSP_Init) refers to rtc.o(i.RTC_Init) for RTC_Init
    main_handle.o(i.BSP_Init) refers to ht6xxx_tbs.o(i.HT_TBSConfig) for HT_TBSConfig
    main_handle.o(i.BSP_Init) refers to main_handle.o(.bss) for system_info
    main_handle.o(i.BSP_Init) refers to main_handle.o(.constdata) for __func__
    main_handle.o(i.CheckCardTimeLenth) refers to tasks.o(i.xTaskGetTickCount) for xTaskGetTickCount
    main_handle.o(i.CheckCardTimeLenth) refers to main_handle.o(i.SetReadCardTime) for SetReadCardTime
    main_handle.o(i.CheckCardTimeLenth) refers to main_handle.o(.data) for authReadCardTicks
    main_handle.o(i.Check_M0_Card) refers to m1_card.o(i.TypeA_CardActivate) for TypeA_CardActivate
    main_handle.o(i.Check_M0_Card) refers to main_handle.o(i.PrintfData) for PrintfData
    main_handle.o(i.Check_M0_Card) refers to m1_card.o(i.Mifare_Auth) for Mifare_Auth
    main_handle.o(i.Check_M0_Card) refers to rtc.o(i.GetCurrentTime) for GetCurrentTime
    main_handle.o(i.Check_M0_Card) refers to printfa.o(i.__0printf) for __2printf
    main_handle.o(i.Check_M0_Card) refers to sc8042b.o(i.PlayVoice) for PlayVoice
    main_handle.o(i.Check_M0_Card) refers to memseta.o(.text) for __aeabi_memclr4
    main_handle.o(i.Check_M0_Card) refers to aes.o(i.AES_set_encrypt_key) for AES_set_encrypt_key
    main_handle.o(i.Check_M0_Card) refers to aes.o(i.AES_encrypt) for AES_encrypt
    main_handle.o(i.Check_M0_Card) refers to m1_card.o(i.Mifare_Blockread) for Mifare_Blockread
    main_handle.o(i.Check_M0_Card) refers to m1_card.o(i.TypeA_Halt) for TypeA_Halt
    main_handle.o(i.Check_M0_Card) refers to main_handle.o(.data) for SecretCardKEY_A
    main_handle.o(i.Check_M0_Card) refers to main_handle.o(.constdata) for __func__
    main_handle.o(i.Check_M1_Card) refers to m1_card.o(i.TypeA_CardActivate) for TypeA_CardActivate
    main_handle.o(i.Check_M1_Card) refers to main_handle.o(i.PrintfData) for PrintfData
    main_handle.o(i.Check_M1_Card) refers to m1_card.o(i.Mifare_Auth) for Mifare_Auth
    main_handle.o(i.Check_M1_Card) refers to rtc.o(i.GetCurrentTime) for GetCurrentTime
    main_handle.o(i.Check_M1_Card) refers to printfa.o(i.__0printf) for __2printf
    main_handle.o(i.Check_M1_Card) refers to sc8042b.o(i.PlayVoice) for PlayVoice
    main_handle.o(i.Check_M1_Card) refers to memseta.o(.text) for __aeabi_memclr4
    main_handle.o(i.Check_M1_Card) refers to aes.o(i.AES_set_encrypt_key) for AES_set_encrypt_key
    main_handle.o(i.Check_M1_Card) refers to aes.o(i.AES_encrypt) for AES_encrypt
    main_handle.o(i.Check_M1_Card) refers to m1_card.o(i.Mifare_Blockread) for Mifare_Blockread
    main_handle.o(i.Check_M1_Card) refers to printfa.o(i.__0sprintf) for __2sprintf
    main_handle.o(i.Check_M1_Card) refers to m1_card.o(i.TypeA_Halt) for TypeA_Halt
    main_handle.o(i.Check_M1_Card) refers to main_handle.o(.data) for SecretCardKEY_A
    main_handle.o(i.Check_M1_Card) refers to main_handle.o(.constdata) for __func__
    main_handle.o(i.Check_M1_Card) refers to charger.o(.bss) for gChgInfo
    main_handle.o(i.Check_M1_Card) refers to main_handle.o(.conststring) for .conststring
    main_handle.o(i.Check_M2_Card) refers to m1_card.o(i.TypeA_CardActivate) for TypeA_CardActivate
    main_handle.o(i.Check_M2_Card) refers to main_handle.o(i.PrintfData) for PrintfData
    main_handle.o(i.Check_M2_Card) refers to m1_card.o(i.Mifare_Auth) for Mifare_Auth
[...]
    FlashWriteSystemInfoData                 0x0000a045   Thumb Code    14  flash_usr.o(i.FlashWriteSystemInfoData)
    Flash_EraseALL                           0x0000a059   Thumb Code    72  flash_usr.o(i.Flash_EraseALL)
    Flash_ErasePage                          0x0000a0a9   Thumb Code    84  flash_usr.o(i.Flash_ErasePage)
    Flash_Init                               0x0000a13d   Thumb Code    14  flash_usr.o(i.Flash_Init)
    Flash_Read                               0x0000a151   Thumb Code    76  flash_usr.o(i.Flash_Read)
    Flash_SetPos_r                           0x0000a1a5   Thumb Code    36  flash_usr.o(i.Flash_SetPos_r)
    Flash_SetPos_w                           0x0000a1d1   Thumb Code    36  flash_usr.o(i.Flash_SetPos_w)
    Flash_Write                              0x0000a1fd   Thumb Code   200  flash_usr.o(i.Flash_Write)
    FuseholderStatusProc                     0x0000a309   Thumb Code   152  charger.o(i.FuseholderStatusProc)
    GetBlueToothUpgradeFlag                  0x0000a405   Thumb Code    10  24g_proto.o(i.GetBlueToothUpgradeFlag)
    GetChargingGunCnt                        0x0000a415   Thumb Code    30  charger.o(i.GetChargingGunCnt)
    GetChargingTime                          0x0000a439   Thumb Code   542  charger.o(i.GetChargingTime)
    GetCostMode                              0x0000a671   Thumb Code     6  charger.o(i.GetCostMode)
    GetCpuTemp                               0x0000a67d   Thumb Code    72  main_handle.o(i.GetCpuTemp)
    GetCurrentTime                           0x0000a6d9   Thumb Code    44  rtc.o(i.GetCurrentTime)
    GetGunStatus                             0x0000a725   Thumb Code    24  emu_info.o(i.GetGunStatus)
    GetHistoryOrderNum                       0x0000a741   Thumb Code   160  blue.o(i.GetHistoryOrderNum)
    GetPktSum                                0x0000a7f1   Thumb Code    26  24g_proto.o(i.GetPktSum)
    GetReadCardFlag                          0x0000a80d   Thumb Code    10  main_handle.o(i.GetReadCardFlag)
    GetReadCardTime                          0x0000a81d   Thumb Code    10  main_handle.o(i.GetReadCardTime)
    GetRtcCount                              0x0000a82d   Thumb Code     8  rtc.o(i.GetRtcCount)
    GetTimeStamp                             0x0000a835   Thumb Code    76  rtc.o(i.GetTimeStamp)
    GetUARTUpgradeFlag                       0x0000a881   Thumb Code    10  24g_proto.o(i.GetUARTUpgradeFlag)
    GetUpgradeCurrentPackage                 0x0000a891   Thumb Code    12  upgrade.o(i.GetUpgradeCurrentPackage)
    GetUpgradeReqestFlag                     0x0000a8a1   Thumb Code    10  24g_proto.o(i.GetUpgradeReqestFlag)
    GreenLedToggle                           0x0000a8b1   Thumb Code    88  main_handle.o(i.GreenLedToggle)
    GunChargingProc                          0x0000a915   Thumb Code  1758  charger.o(i.GunChargingProc)
    GunGpioInit                              0x0000b00d   Thumb Code    42  gun.o(i.GunGpioInit)
    GunTurnOff                               0x0000b05d   Thumb Code    98  gun.o(i.GunTurnOff)
    GunTurnOn                                0x0000b0f5   Thumb Code    98  gun.o(i.GunTurnOn)
    HT_CMU_ClkCtrl1Config                    0x0000b18d   Thumb Code    54  ht6xxx_cmu.o(i.HT_CMU_ClkCtrl1Config)
    HT_CMU_Init                              0x0000b1d5   Thumb Code   144  ht6xxx_cmu.o(i.HT_CMU_Init)
    HT_CMU_SysClkGet                         0x0000b271   Thumb Code    72  ht6xxx_cmu.o(i.HT_CMU_SysClkGet)
    HT_EXTIFall_ClearITPendingBit            0x0000b2c1   Thumb Code    32  ht6xxx_exti.o(i.HT_EXTIFall_ClearITPendingBit)
    HT_EXTIFall_ITFlagStatusGet              0x0000b2e5   Thumb Code    42  ht6xxx_exti.o(i.HT_EXTIFall_ITFlagStatusGet)
    HT_EXTIRise_ClearITPendingBit            0x0000b315   Thumb Code    34  ht6xxx_exti.o(i.HT_EXTIRise_ClearITPendingBit)
    HT_EXTIRise_ITFlagStatusGet              0x0000b33d   Thumb Code    42  ht6xxx_exti.o(i.HT_EXTIRise_ITFlagStatusGet)
    HT_Flash_ByteRead                        0x0000b36d   Thumb Code    74  ht6xxx_flash.o(i.HT_Flash_ByteRead)
    HT_GPIO_AFInit                           0x0000b3c5   Thumb Code    96  ht6xxx_gpio.o(i.HT_GPIO_AFInit)
    HT_GPIO_BitsRead                         0x0000b431   Thumb Code     8  ht6xxx_gpio.o(i.HT_GPIO_BitsRead)
    HT_GPIO_BitsReset                        0x0000b439   Thumb Code     4  ht6xxx_gpio.o(i.HT_GPIO_BitsReset)
    HT_GPIO_BitsSet                          0x0000b43d   Thumb Code     4  ht6xxx_gpio.o(i.HT_GPIO_BitsSet)
    HT_GPIO_BitsToggle                       0x0000b441   Thumb Code     4  ht6xxx_gpio.o(i.HT_GPIO_BitsToggle)
    HT_GPIO_Init                             0x0000b445   Thumb Code   150  ht6xxx_gpio.o(i.HT_GPIO_Init)
    HT_ISO7816_ClearITPendingBit             0x0000b4e9   Thumb Code     8  ht6xxx_uart&7816.o(i.HT_ISO7816_ClearITPendingBit)
    HT_ISO7816_ITFlagStatusGet               0x0000b4f1   Thumb Code    18  ht6xxx_uart&7816.o(i.HT_ISO7816_ITFlagStatusGet)
    HT_PMUState_FlagStatusGet                0x0000b505   Thumb Code    20  ht6xxx_pmu.o(i.HT_PMUState_FlagStatusGet)
    HT_PMU_ClearITPendingBit                 0x0000b51d   Thumb Code    12  ht6xxx_pmu.o(i.HT_PMU_ClearITPendingBit)
    HT_PMU_ITConfig                          0x0000b52d   Thumb Code    32  ht6xxx_pmu.o(i.HT_PMU_ITConfig)
    HT_PMU_ITFlagStatusGet                   0x0000b551   Thumb Code    20  ht6xxx_pmu.o(i.HT_PMU_ITFlagStatusGet)
    HT_RTC_ITConfig                          0x0000b569   Thumb Code    28  ht6xxx_rtc.o(i.HT_RTC_ITConfig)
    HT_RTC_Init                              0x0000b589   Thumb Code   112  ht6xxx_rtc.o(i.HT_RTC_Init)
    HT_RTC_LoadInfoData                      0x0000b601   Thumb Code   416  ht6xxx_rtc.o(i.HT_RTC_LoadInfoData)
    HT_RTC_Read                              0x0000b7c5   Thumb Code    96  ht6xxx_rtc.o(i.HT_RTC_Read)
    HT_RTC_TMRConfig                         0x0000b829   Thumb Code    48  ht6xxx_rtc.o(i.HT_RTC_TMRConfig)
    HT_RTC_Write                             0x0000b85d   Thumb Code   100  ht6xxx_rtc.o(i.HT_RTC_Write)
    HT_SPI_ClearITPendingBit                 0x0000b8d1   Thumb Code     8  ht6xxx_spi.o(i.HT_SPI_ClearITPendingBit)
    HT_SPI_ITFlagStatusGet                   0x0000b8d9   Thumb Code    18  ht6xxx_spi.o(i.HT_SPI_ITFlagStatusGet)
    HT_TBSConfig                             0x0000b8ed   Thumb Code    62  ht6xxx_tbs.o(i.HT_TBSConfig)
    HT_TBS_ClearITPendingBit                 0x0000b941   Thumb Code    12  ht6xxx_tbs.o(i.HT_TBS_ClearITPendingBit)
    HT_TBS_ITFlagStatusGet                   0x0000b951   Thumb Code    20  ht6xxx_tbs.o(i.HT_TBS_ITFlagStatusGet)
    HT_TMR_ClearITPendingBit                 0x0000b969   Thumb Code     8  ht6xxx_timer.o(i.HT_TMR_ClearITPendingBit)
    HT_TMR_ITFlagStatusGet                   0x0000b971   Thumb Code    18  ht6xxx_timer.o(i.HT_TMR_ITFlagStatusGet)
    HT_UART_ClearITPendingBit                0x0000b983   Thumb Code     8  ht6xxx_uart&7816.o(i.HT_UART_ClearITPendingBit)
    HT_UART_ITConfig                         0x0000b98b   Thumb Code    28  ht6xxx_uart&7816.o(i.HT_UART_ITConfig)
    HT_UART_ITFlagStatusGet                  0x0000b9a7   Thumb Code    18  ht6xxx_uart&7816.o(i.HT_UART_ITFlagStatusGet)
    HT_UART_Init                             0x0000b9b9   Thumb Code    94  ht6xxx_uart&7816.o(i.HT_UART_Init)
    HT_UART_ReceiveData                      0x0000ba17   Thumb Code     8  ht6xxx_uart&7816.o(i.HT_UART_ReceiveData)
    HardFault_Handler                        0x0000ba1f   Thumb Code     4  ht6xxx_it.o(i.HardFault_Handler)
    HeartBatACK_BTRF2_4G                     0x0000ba25   Thumb Code   772  24g_proto.o(i.HeartBatACK_BTRF2_4G)
    I2C_IRQHandler                           0x0000be89   Thumb Code     2  ht6xxx_it.o(i.I2C_IRQHandler)
    IO_USART_TX_PutVal                       0x0000be8d   Thumb Code    38  simuart.o(i.IO_USART_TX_PutVal)
    Init_TaskSystem                          0x0000beb9   Thumb Code    24  main.o(i.Init_TaskSystem)
    LED_Init                                 0x0000bed1   Thumb Code    38  gun.o(i.LED_Init)
    LinuxTickToDay                           0x0000bf01   Thumb Code    52  rtc.o(i.LinuxTickToDay)
    LoadSysCfgInfo                           0x0000bf35   Thumb Code   162  main_handle.o(i.LoadSysCfgInfo)
    Mifare_Auth                              0x0000bff9   Thumb Code   140  m1_card.o(i.Mifare_Auth)
    Mifare_Blockread                         0x0000c085   Thumb Code    98  m1_card.o(i.Mifare_Blockread)
    MuxSempGive                              0x0000c121   Thumb Code     6  24g_proto.o(i.MuxSempGive)
    MuxSempTake                              0x0000c129   Thumb Code    32  24g_proto.o(i.MuxSempTake)
    OpenBlueToothUpgradeFlag                 0x0000c2f9   Thumb Code    16  24g_proto.o(i.OpenBlueToothUpgradeFlag)
    OpenCheckTimeOver                        0x0000c30d   Thumb Code    42  main_handle.o(i.OpenCheckTimeOver)
    OpenTimer                                0x0000c345   Thumb Code    34  simuart.o(i.OpenTimer)
    OpenUARTUpgradeFlag                      0x0000c36d   Thumb Code    16  24g_proto.o(i.OpenUARTUpgradeFlag)
    OpenUpgradeReqestFlag                    0x0000c381   Thumb Code    14  24g_proto.o(i.OpenUpgradeReqestFlag)
    OptFailNotice                            0x0000c395   Thumb Code   146  sc8042b.o(i.OptFailNotice)
    PMU_IRQHandler                           0x0000c45d   Thumb Code    46  ht6xxx_it.o(i.PMU_IRQHandler)
    PMU_Init                                 0x0000c48d   Thumb Code    56  pmu.o(i.PMU_Init)
    PackSend24GData                          0x0000c4d5   Thumb Code    44  24g_proto.o(i.PackSend24GData)
    PackSendOuterBT24GData                   0x0000c501   Thumb Code    78  ckb24_um_handle.o(i.PackSendOuterBT24GData)
    Pcd_Comm                                 0x0000c555   Thumb Code   492  fm175xx.o(i.Pcd_Comm)
    Pcd_ConfigISOType                        0x0000c741   Thumb Code   268  fm175xx.o(i.Pcd_ConfigISOType)
    Pcd_SetTimer                             0x0000c84d   Thumb Code    86  fm175xx.o(i.Pcd_SetTimer)
    PlayVoice                                0x0000c8b1   Thumb Code    86  sc8042b.o(i.PlayVoice)
    PowerOff_MCU                             0x0000c919   Thumb Code   286  pmu.o(i.PowerOff_MCU)
    PrintfData                               0x0000ca71   Thumb Code    68  main_handle.o(i.PrintfData)
    ProcessElec                              0x0000caf5   Thumb Code    86  emu_info.o(i.ProcessElec)
    Proto2_4gStopCharging                    0x0000cb59   Thumb Code    66  charger.o(i.Proto2_4gStopCharging)
    R6ToX6ScanCodeStartChargerAck            0x0000cba5   Thumb Code    56  24g_proto.o(i.R6ToX6ScanCodeStartChargerAck)
    R6ToX6StopChargingAckBTRF2_4G            0x0000cc25   Thumb Code   270  24g_proto.o(i.R6ToX6StopChargingAckBTRF2_4G)
    R6X6BindACK_BTRF2_4G                     0x0000cd89   Thumb Code    62  24g_proto.o(i.R6X6BindACK_BTRF2_4G)
    R6X6BindREQ_BTRF2_4G                     0x0000cde5   Thumb Code    38  24g_proto.o(i.R6X6BindREQ_BTRF2_4G)
    RELAY_Init                               0x0000ce0d   Thumb Code   114  gun.o(i.RELAY_Init)
    RTC_IRQHandler                           0x0000ce8d   Thumb Code    14  ht6xxx_it.o(i.RTC_IRQHandler)
    RTC_Init                                 0x0000cea1   Thumb Code   138  rtc.o(i.RTC_Init)
    ReadCardHandle                           0x0000cfa5   Thumb Code    80  main_handle.o(i.ReadCardHandle)
    ReadEMU_Info                             0x0000cffd   Thumb Code    64  emu_info.o(i.ReadEMU_Info)
    ReadElec                                 0x0000d041   Thumb Code   120  emu_info.o(i.ReadElec)
    ReadFlashInfoData                        0x0000d0c5   Thumb Code   164  charger.o(i.ReadFlashInfoData)
    ReadPower                                0x0000d19d   Thumb Code    76  emu.o(i.ReadPower)
    ReadRMSI                                 0x0000d1f1   Thumb Code    66  emu.o(i.ReadRMSI)
    ReadRMSU                                 0x0000d23d   Thumb Code    46  emu.o(i.ReadRMSU)
    ReadUpgradeInit                          0x0000d275   Thumb Code    16  charger.o(i.ReadUpgradeInit)
    Read_ECADR                               0x0000d289   Thumb Code    10  emu.o(i.Read_ECADR)
    Read_EPADR                               0x0000d299   Thumb Code    10  emu.o(i.Read_EPADR)
    Read_FIFO                                0x0000d2a9   Thumb Code    28  fm175xx.o(i.Read_FIFO)
    Read_Reg                                 0x0000d2c5   Thumb Code    18  fm175xx.o(i.Read_Reg)
    RecvBtData                               0x0000d2d9   Thumb Code   352  blue.o(i.RecvBtData)
    RemoteCtrlAck_BTRF2_4G                   0x0000d495   Thumb Code    66  24g_proto.o(i.RemoteCtrlAck_BTRF2_4G)
    RemoteCtrlProc_BTRF2_4G                  0x0000d51d   Thumb Code   202  24g_proto.o(i.RemoteCtrlProc_BTRF2_4G)
    RestoreGunStatus                         0x0000d655   Thumb Code   106  charger.o(i.RestoreGunStatus)
    RestoreGunWithChargingCtrlProc           0x0000d731   Thumb Code    52  main_handle.o(i.RestoreGunWithChargingCtrlProc)
    SC8042B_Init                             0x0000d76d   Thumb Code   138  sc8042b.o(i.SC8042B_Init)
    SIM_SPI_Delay                            0x0000d801   Thumb Code    16  simspi.o(i.SIM_SPI_Delay)
    SIM_SPI_Init                             0x0000d811   Thumb Code   186  simspi.o(i.SIM_SPI_Init)
    SIM_SPI_ReadByte                         0x0000d8d9   Thumb Code    72  simspi.o(i.SIM_SPI_ReadByte)
    SIM_SPI_WriteByte                        0x0000d925   Thumb Code    82  simspi.o(i.SIM_SPI_WriteByte)
    SPI0_IRQHandler                          0x0000d97d   Thumb Code    44  ht6xxx_it.o(i.SPI0_IRQHandler)
    SPIRead                                  0x0000d9ad   Thumb Code    48  fm175xx.o(i.SPIRead)
    SPIWrite                                 0x0000d9e1   Thumb Code    48  fm175xx.o(i.SPIWrite)
    SVC_Handler                              0x0000da15   Thumb Code     2  port.o(i.SVC_Handler)
    SaveElec                                 0x0000da19   Thumb Code    44  emu_info.o(i.SaveElec)
    SaveOrderReport                          0x0000da4d   Thumb Code   642  main_handle.o(i.SaveOrderReport)
    SaveStopChargingNotice_BTRF2_4G          0x0000ddcd   Thumb Code    16  24g_proto.o(i.SaveStopChargingNotice_BTRF2_4G)
    Sc8042bSpeechStartChargerFail            0x0000dde1   Thumb Code    90  main_handle.o(i.Sc8042bSpeechStartChargerFail)
    SendBlueTooth2_4GPkt                     0x0000de81   Thumb Code   118  ckb24_um_handle.o(i.SendBlueTooth2_4GPkt)
    SendCardAuthReq_24G                      0x0000df41   Thumb Code   316  24g_proto.o(i.SendCardAuthReq_24G)
    SendDebugPkt                             0x0000e0a9   Thumb Code    70  comm_proto.o(i.SendDebugPkt)
    SendEventNotice_BTRF2_4G                 0x0000e0f5   Thumb Code    98  24g_proto.o(i.SendEventNotice_BTRF2_4G)
    SendHeartBat_BTRF2_4G                    0x0000e16d   Thumb Code   466  24g_proto.o(i.SendHeartBat_BTRF2_4G)
    SendOrderReport                          0x0000e355   Thumb Code   438  main_handle.o(i.SendOrderReport)
    SendOrderReportNotice_BTRF2_4G           0x0000e631   Thumb Code    60  24g_proto.o(i.SendOrderReportNotice_BTRF2_4G)
    SendProtoPkt_BTRF2_4G                    0x0000e685   Thumb Code    64  24g_proto.o(i.SendProtoPkt_BTRF2_4G)
    SendReqCostTemplate_BTRF2_4G             0x0000e6cd   Thumb Code    62  24g_proto.o(i.SendReqCostTemplate_BTRF2_4G)
    SendStartChargingNotice                  0x0000e721   Thumb Code   308  24g_proto.o(i.SendStartChargingNotice)
    SendStartChargingNoticeBTRF_24G          0x0000e8a1   Thumb Code   120  24g_proto.o(i.SendStartChargingNoticeBTRF_24G)
    SendTestPktAck                           0x0000e95d   Thumb Code    48  comm_proto.o(i.SendTestPktAck)
    SetBlueName                              0x0000e98d   Thumb Code    68  ckb24_um.o(i.SetBlueName)
    SetBluePair                              0x0000e9e5   Thumb Code    68  ckb24_um.o(i.SetBluePair)
    SetGateWay24GMacAddr                     0x0000ea3d   Thumb Code    88  ckb24_um.o(i.SetGateWay24GMacAddr)
    SetReadCardFlag                          0x0000eab9   Thumb Code    16  main_handle.o(i.SetReadCardFlag)
    SetReadCardTime                          0x0000eacd   Thumb Code    16  main_handle.o(i.SetReadCardTime)
    SetRtcCount                              0x0000eae1   Thumb Code    24  rtc.o(i.SetRtcCount)
    Set_BitMask                              0x0000eaf9   Thumb Code    30  fm175xx.o(i.Set_BitMask)
    Set_Rf                                   0x0000eb17   Thumb Code    94  fm175xx.o(i.Set_Rf)
    ShakeReqProc                             0x0000eb75   Thumb Code   264  blue.o(i.ShakeReqProc)
    ShowGunInfo                              0x0000ed4d   Thumb Code   126  charger.o(i.ShowGunInfo)
    SimUartSendByte                          0x0000ee1d   Thumb Code    56  simuart.o(i.SimUartSendByte)
    SimuUartSendData                         0x0000ee55   Thumb Code   102  simuart.o(i.SimuUartSendData)
    SimuartGpioInit                          0x0000eec5   Thumb Code    42  simuart.o(i.SimuartGpioInit)
    SimuartInit                              0x0000eef5   Thumb Code    76  simuart.o(i.SimuartInit)
    SpeechCardBalance                        0x0000ef4d   Thumb Code   608  sc8042b.o(i.SpeechCardBalance)
    SpeechChargeing                          0x0000f1b9   Thumb Code   126  sc8042b.o(i.SpeechChargeing)
    SpeechSelectGun                          0x0000f237   Thumb Code   212  24g_proto.o(i.SpeechSelectGun)
    StartChargingAckProc_24G                 0x0000f30d   Thumb Code   178  24g_proto.o(i.StartChargingAckProc_24G)
    StartChargingNoticeACK_BTRF2_4G          0x0000f3e9   Thumb Code    88  24g_proto.o(i.StartChargingNoticeACK_BTRF2_4G)
    StartChargingProc_BTRF2_4G               0x0000f469   Thumb Code   470  24g_proto.o(i.StartChargingProc_BTRF2_4G)
    StopChargingAckBTRF2_4G                  0x0000f785   Thumb Code    64  24g_proto.o(i.StopChargingAckBTRF2_4G)
    StopChargingProc_BTRF2_4G                0x0000f7dd   Thumb Code    58  24g_proto.o(i.StopChargingProc_BTRF2_4G)
    StringToBCD                              0x0000f821   Thumb Code    72  main_handle.o(i.StringToBCD)
    SwitchTo_Flrc                            0x0000f869   Thumb Code    64  cmu.o(i.SwitchTo_Flrc)
    SysCfgInit                               0x0000f8b5   Thumb Code   194  main_handle.o(i.SysCfgInit)
    SysTick_Handler                          0x0000fa91   Thumb Code    32  port.o(i.SysTick_Handler)
    SystemClock_Config                       0x0000fab5   Thumb Code    52  cmu.o(i.SystemClock_Config)
    SystemInit                               0x0000faf1   Thumb Code     2  system_ht6xxx.o(i.SystemInit)
    System_Init                              0x0000faf5   Thumb Code    46  main_handle.o(i.System_Init)
    TBS_IRQHandler                           0x0000fb31   Thumb Code    98  ht6xxx_it.o(i.TBS_IRQHandler)
    TIMER_0_IRQHandler                       0x0000fb95   Thumb Code    78  ht6xxx_it.o(i.TIMER_0_IRQHandler)
    TIMER_1_IRQHandler                       0x0000fbf1   Thumb Code    82  simuart.o(i.TIMER_1_IRQHandler)
    TIMER_2_IRQHandler                       0x0000fc4d   Thumb Code    64  ht6xxx_it.o(i.TIMER_2_IRQHandler)
    TIMER_3_IRQHandler                       0x0000fc91   Thumb Code    64  ht6xxx_it.o(i.TIMER_3_IRQHandler)
    TIM_Cmd                                  0x0000fcd5   Thumb Code    36  simuart.o(i.TIM_Cmd)
    TempNotice                               0x0000fcfd   Thumb Code   166  sc8042b.o(i.TempNotice)
    TestReadCardHandle                       0x0000fdd1   Thumb Code    58  main_handle.o(i.TestReadCardHandle)
    Timer0_Init                              0x0000fe19   Thumb Code    58  timer.o(i.Timer0_Init)
    TurnOffAllGun                            0x0000fe69   Thumb Code    32  gun.o(i.TurnOffAllGun)
    TypeA_Anticollision                      0x0000fe95   Thumb Code   418  m1_card.o(i.TypeA_Anticollision)
    TypeA_CardActivate                       0x00010037   Thumb Code    86  m1_card.o(i.TypeA_CardActivate)
    TypeA_Halt                               0x0001008d   Thumb Code    72  m1_card.o(i.TypeA_Halt)
    TypeA_Request                            0x000100d5   Thumb Code   100  m1_card.o(i.TypeA_Request)
    TypeA_Select                             0x00010139   Thumb Code   102  m1_card.o(i.TypeA_Select)
    TypeA_Set_Bit_Framing                    0x0001019f   Thumb Code    90  m1_card.o(i.TypeA_Set_Bit_Framing)
    TypeA_Set_NVB                            0x000101f9   Thumb Code   164  m1_card.o(i.TypeA_Set_NVB)
    UART0_IRQHandler                         0x0001029d   Thumb Code    88  ht6xxx_it.o(i.UART0_IRQHandler)
    UART1_IRQHandler                         0x00010305   Thumb Code    44  ht6xxx_it.o(i.UART1_IRQHandler)
    UART2_IRQHandler                         0x00010335   Thumb Code    44  ht6xxx_it.o(i.UART2_IRQHandler)
    UART3_IRQHandler                         0x00010365   Thumb Code   148  ht6xxx_it.o(i.UART3_IRQHandler)
    UART3_Init                               0x00010409   Thumb Code   166  uart.o(i.UART3_Init)
    UART4_IRQHandler                         0x000104c1   Thumb Code   148  ht6xxx_it.o(i.UART4_IRQHandler)
    UART4_Init                               0x00010565   Thumb Code   176  uart.o(i.UART4_Init)
    UART5_IRQHandler                         0x00010625   Thumb Code    44  ht6xxx_it.o(i.UART5_IRQHandler)
    Uart_Send                                0x00010669   Thumb Code    46  uart.o(i.Uart_Send)
    UnpackRecv24GPack                        0x00010699   Thumb Code   448  ckb24_um_handle.o(i.UnpackRecv24GPack)
    UpgradeFlashErasePage                    0x000108e1   Thumb Code   234  upgrade.o(i.UpgradeFlashErasePage)
    UpgradeStart                             0x00010a51   Thumb Code    10  upgrade.o(i.UpgradeStart)
    Upgrade_FlashCheck                       0x00010a5d   Thumb Code   138  upgrade.o(i.Upgrade_FlashCheck)
    Upgrade_Init                             0x00010b41   Thumb Code   524  upgrade.o(i.Upgrade_Init)
    Upgrade_Write                            0x00010df5   Thumb Code   304  upgrade.o(i.Upgrade_Write)
    Write_ECADR                              0x00011021   Thumb Code     8  emu.o(i.Write_ECADR)
    Write_FIFO                               0x0001102d   Thumb Code    28  fm175xx.o(i.Write_FIFO)
    Write_Reg                                0x00011049   Thumb Code    18  fm175xx.o(i.Write_Reg)
    X6ToR6HeartBatACK_BTRF2_4G               0x0001105d   Thumb Code   402  24g_proto.o(i.X6ToR6HeartBatACK_BTRF2_4G)
    _24gRecvProc                             0x00011209   Thumb Code   396  24g_proto.o(i._24gRecvProc)
    __0printf                                0x00011499   Thumb Code    24  printfa.o(i.__0printf)
    __1printf                                0x00011499   Thumb Code     0  printfa.o(i.__0printf)
    __2printf                                0x00011499   Thumb Code     0  printfa.o(i.__0printf)
    __c89printf                              0x00011499   Thumb Code     0  printfa.o(i.__0printf)
    printf                                   0x00011499   Thumb Code     0  printfa.o(i.__0printf)
    __0sprintf                               0x000114b9   Thumb Code    36  printfa.o(i.__0sprintf)
    __1sprintf                               0x000114b9   Thumb Code     0  printfa.o(i.__0sprintf)
    __2sprintf                               0x000114b9   Thumb Code     0  printfa.o(i.__0sprintf)
    __c89sprintf                             0x000114b9   Thumb Code     0  printfa.o(i.__0sprintf)
    sprintf                                  0x000114b9   Thumb Code     0  printfa.o(i.__0sprintf)
    __ARM_clz                                0x000114e1   Thumb Code    46  depilogue.o(i.__ARM_clz)
    __ARM_common_switch8                     0x0001150f   Thumb Code    28  ckb24_um_handle.o(i.__ARM_common_switch8)
    __scatterload_copy                       0x0001152b   Thumb Code    14  handlers.o(i.__scatterload_copy)
    __scatterload_null                       0x00011539   Thumb Code     2  handlers.o(i.__scatterload_null)
    __scatterload_zeroinit                   0x0001153b   Thumb Code    14  handlers.o(i.__scatterload_zeroinit)
    emu_var_cal                              0x00011de5   Thumb Code   750  emu.o(i.emu_var_cal)
    enter_hold_init                          0x000120d9   Thumb Code    92  pmu.o(i.enter_hold_init)
    fputc                                    0x00012145   Thumb Code    86  main_handle.o(i.fputc)
    get_emu_var_default                      0x000121ad   Thumb Code   858  emu.o(i.get_emu_var_default)
    isArraryEmpty                            0x0001253f   Thumb Code    52  main_handle.o(i.isArraryEmpty)
    isStartChargingBTRF2_4G                  0x00012575   Thumb Code   226  24g_proto.o(i.isStartChargingBTRF2_4G)
    isTheSameCard                            0x00012695   Thumb Code   138  main_handle.o(i.isTheSameCard)
    main                                     0x00012751   Thumb Code    86  main.o(i.main)
    osDelay                                  0x000127d1   Thumb Code    26  cmsis_os.o(i.osDelay)
    osMutexCreate                            0x000127eb   Thumb Code    12  cmsis_os.o(i.osMutexCreate)
    osMutexRelease                           0x000127f9   Thumb Code    72  cmsis_os.o(i.osMutexRelease)
    osMutexWait                              0x00012845   Thumb Code   108  cmsis_os.o(i.osMutexWait)
    osSemaphoreCreate                        0x000128b5   Thumb Code    52  cmsis_os.o(i.osSemaphoreCreate)
    pvPortMalloc                             0x00012d91   Thumb Code   264  heap_4.o(i.pvPortMalloc)
    pvTaskIncrementMutexHeldCount            0x00012ead   Thumb Code    28  tasks.o(i.pvTaskIncrementMutexHeldCount)
    pxPortInitialiseStack                    0x00012ecd   Thumb Code    26  port.o(i.pxPortInitialiseStack)
    uxListRemove                             0x00012eed   Thumb Code    40  list.o(i.uxListRemove)
    vListInitialise                          0x00012f15   Thumb Code    26  list.o(i.vListInitialise)
    vListInitialiseItem                      0x00012f2f   Thumb Code     6  list.o(i.vListInitialiseItem)
    vListInsert                              0x00012f35   Thumb Code    54  list.o(i.vListInsert)
    vListInsertEnd                           0x00012f6b   Thumb Code    24  list.o(i.vListInsertEnd)
    vMainTask                                0x00012f85   Thumb Code   618  main_handle.o(i.vMainTask)
    vPortEnterCritical                       0x00013399   Thumb Code    22  port.o(i.vPortEnterCritical)
    vPortExitCritical                        0x000133b5   Thumb Code    36  port.o(i.vPortExitCritical)
    vPortFree                                0x000133dd   Thumb Code   120  heap_4.o(i.vPortFree)
    vPortYield                               0x0001345d   Thumb Code    18  port.o(i.vPortYield)
    vTaskDelay                               0x00013475   Thumb Code    76  tasks.o(i.vTaskDelay)
    vTaskMissedYield                         0x000134cd   Thumb Code     8  tasks.o(i.vTaskMissedYield)
    vTaskPlaceOnEventList                    0x000134d9   Thumb Code    72  tasks.o(i.vTaskPlaceOnEventList)
    vTaskPriorityInherit                     0x0001352d   Thumb Code   128  tasks.o(i.vTaskPriorityInherit)
    vTaskSetTimeOutState                     0x000135b9   Thumb Code    24  tasks.o(i.vTaskSetTimeOutState)
    vTaskStartScheduler                      0x000135d9   Thumb Code    70  tasks.o(i.vTaskStartScheduler)
    vTaskSuspendAll                          0x00013639   Thumb Code    12  tasks.o(i.vTaskSuspendAll)
    vTaskSwitchContext                       0x00013649   Thumb Code   120  tasks.o(i.vTaskSwitchContext)
    xPortStartScheduler                      0x000136d5   Thumb Code    48  port.o(i.xPortStartScheduler)
    xQueueCreateCountingSemaphore            0x0001370d   Thumb Code    78  queue.o(i.xQueueCreateCountingSemaphore)
    xQueueCreateMutex                        0x0001375b   Thumb Code    78  queue.o(i.xQueueCreateMutex)
    xQueueGenericCreate                      0x000137a9   Thumb Code   112  queue.o(i.xQueueGenericCreate)
    xQueueGenericReceive                     0x00013819   Thumb Code   352  queue.o(i.xQueueGenericReceive)
    xQueueGenericReset                       0x00013979   Thumb Code   118  queue.o(i.xQueueGenericReset)
    xQueueGenericSend                        0x000139ef   Thumb Code   320  queue.o(i.xQueueGenericSend)
    xQueueGiveFromISR                        0x00013b2f   Thumb Code   156  queue.o(i.xQueueGiveFromISR)
    xQueueReceiveFromISR                     0x00013bcb   Thumb Code   144  queue.o(i.xQueueReceiveFromISR)
    xTaskCheckForTimeOut                     0x00013c5d   Thumb Code   106  tasks.o(i.xTaskCheckForTimeOut)
    xTaskGenericCreate                       0x00013cd1   Thumb Code   278  tasks.o(i.xTaskGenericCreate)
    xTaskGetSchedulerState                   0x00013e01   Thumb Code    28  tasks.o(i.xTaskGetSchedulerState)
    xTaskGetTickCount                        0x00013e25   Thumb Code     6  tasks.o(i.xTaskGetTickCount)
    xTaskIncrementTick                       0x00013e31   Thumb Code   222  tasks.o(i.xTaskIncrementTick)
    xTaskPriorityDisinherit                  0x00013f35   Thumb Code   124  tasks.o(i.xTaskPriorityDisinherit)
    xTaskRemoveFromEventList                 0x00013fbd   Thumb Code   112  tasks.o(i.xTaskRemoveFromEventList)
    xTaskResumeAll                           0x00014045   Thumb Code   192  tasks.o(i.xTaskResumeAll)
    gBlueInitTab                             0x0001464c   Data         200  ckb24_um.o(.constdata)
    __ctype_categories                       0x0001692c   Data          64  ctype_c.o(.constdata)
    Region$$Table$$Base                      0x0001791c   Number         0  anon$$obj.o(Region$$Table)
    Region$$Table$$Limit                     0x0001793c   Number         0  anon$$obj.o(Region$$Table)
    RstsrTmp                                 0x20000000   Data           4  main.o(.data)
    gSystemInfo1                             0x20000004   Data           8  main_handle.o(.data)
    gGunInfo1                                0x2000000c   Data           8  main_handle.o(.data)
    ErrorCode                                0x20000014   Data           4  main_handle.o(.data)
    gWrite                                   0x20000018   Data           2  main_handle.o(.data)
    isCheckTimeOverFlag                      0x2000001c   Data           4  main_handle.o(.data)
    flag1                                    0x20000036   Data           1  main_handle.o(.data)
    flag2                                    0x20000037   Data           1  main_handle.o(.data)
    _24gHeatbatTicks                         0x20000038   Data           4  main_handle.o(.data)
    ReqCostTempTicks                         0x2000003c   Data           4  main_handle.o(.data)
    gCardReqFlag                             0x2000006d   Data           1  24g_proto.o(.data)
    chargingOldTime                          0x20000084   Data           4  charger.o(.data)
    gEmuCtrl                                 0x2000008c   Data           8  emu_info.o(.data)
    startElec                                0x20000094   Data           8  emu_info.o(.data)
    EP_delta                                 0x2000009c   Data           8  emu_info.o(.data)
    flash_partition                          0x200000a4   Data         192  flash_usr.o(.data)
    UpgradeRecord                            0x20000168   Data           7  upgrade.o(.data)
    gBlueInitStep                            0x2000017c   Data           1  ckb24_um.o(.data)
    isDevt                                   0x20000180   Data           4  ckb24_um.o(.data)
    gwMac                                    0x20000184   Data           5  ckb24_um.o(.data)
    emu_var_checksum                         0x2000018c   Data           4  emu.o(.data)
    pxCurrentTCB                             0x20000190   Data           4  tasks.o(.data)
    __stdout                                 0x200001e4   Data           4  stdout.o(.data)
    system_info                              0x200001e8   Data         185  main_handle.o(.bss)
    gGunInfo2                                0x200002a1   Data          10  main_handle.o(.bss)
    gGunInfo3                                0x200002ab   Data          12  main_handle.o(.bss)
    gCostTemplateInfo                        0x200002b7   Data          58  main_handle.o(.bss)
    SerialNumInfo                            0x200002f1   Data          30  main_handle.o(.bss)
    gPrintBuff                               0x2000030f   Data         128  main_handle.o(.bss)
    gFlashCacheBuff                          0x2000038f   Data        1024  main_handle.o(.bss)
    gCKBCtrl                                 0x20000790   Data          44  ckb24_um_handle.o(.bss)
    gBlueRxData                              0x200007bc   Data          64  ckb24_um_handle.o(.bss)
    gBtRxBuff                                0x200007fc   Data          64  ckb24_um_handle.o(.bss)
    g24GRxBuff                               0x2000083c   Data         256  ckb24_um_handle.o(.bss)
    gun_info                                 0x200009d4   Data         210  charger.o(.bss)
    gChgInfo                                 0x20000aa8   Data         424  charger.o(.bss)
    gun                                      0x20000c50   Data          24  emu_info.o(.bss)
    SumElec                                  0x20000c68   Data          16  emu_info.o(.bss)
    SumElec_Last                             0x20000c78   Data          16  emu_info.o(.bss)
    fw_info                                  0x20000c88   Data          22  upgrade.o(.bss)
    emu_ecr_reg                              0x20000cb0   Data         152  emu.o(.bss)
    gUart0Handle                             0x20000d48   Data          24  uart.o(.bss)
    gUart4Handle                             0x20000d60   Data          24  uart.o(.bss)
    gUart3Handle                             0x20000d78   Data          24  uart.o(.bss)
    gSimUartCtrl                             0x2000100c   Data          24  simuart.o(.bss)
    __initial_sp                             0x20005540   Data           0  startup_ht502x.o(STACK)



==============================================================================

Memory Map of the image

  Image Entry point : 0x000020c1

  Load Region LR_IROM1 (Base: 0x00002000, Size: 0x00015b24, Max: 0x00019000, ABSOLUTE, COMPRESSED[0x0001599c])

    Execution Region ER_IROM1 (Base: 0x00002000, Size: 0x0001593c, Max: 0x00019000, ABSOLUTE)

    Base Addr    Size         Type   Attr      Idx    E Section Name        Object

    0x00002000   0x000000c0   Data   RO         4803    RESET               startup_ht502x.o
    0x000020c0   0x00000000   Code   RO         4811  * .ARM.Collect$$$$00000000  mc_p.l(entry.o)
    0x000020c0   0x00000004   Code   RO         5130    .ARM.Collect$$$$00000001  mc_p.l(entry2.o)
    0x000020c4   0x00000004   Code   RO         5133    .ARM.Collect$$$$00000004  mc_p.l(entry5.o)
    0x000020c8   0x00000000   Code   RO         5135    .ARM.Collect$$$$00000008  mc_p.l(entry7b.o)
    0x000020c8   0x00000000   Code   RO         5137    .ARM.Collect$$$$0000000A  mc_p.l(entry8b.o)
    0x000020c8   0x00000008   Code   RO         5138    .ARM.Collect$$$$0000000B  mc_p.l(entry9a.o)
    0x000020d0   0x00000000   Code   RO         5140    .ARM.Collect$$$$0000000D  mc_p.l(entry10a.o)
    0x000020d0   0x00000000   Code   RO         5142    .ARM.Collect$$$$0000000F  mc_p.l(entry11a.o)
    0x000020d0   0x00000004   Code   RO         5131    .ARM.Collect$$$$00002712  mc_p.l(entry2.o)
    0x000020d4   0x00000280   Code   RO         3093    .emb_text           ht6xxx_flash.o
    0x00002354   0x00000080   Code   RO         4394    .emb_text           port.o
    0x000023d4   0x0000001c   Code   RO         4805    .text               startup_ht502x.o
    0x000023f0   0x0000002c   Code   RO         4814    .text               mc_p.l(uidiv.o)
    0x0000241c   0x00000028   Code   RO         4816    .text               mc_p.l(idiv.o)
    0x00002444   0x00000060   Code   RO         4818    .text               mc_p.l(uldiv.o)
    0x000024a4   0x0000008c   Code   RO         4824    .text               mc_p.l(mktime.o)
    0x00002530   0x00000024   Code   RO         4827    .text               mc_p.l(memcpya.o)
    0x00002554   0x00000024   Code   RO         4829    .text               mc_p.l(memseta.o)
    0x00002578   0x00000028   Code   RO         4831    .text               mc_p.l(strstr.o)
    0x000025a0   0x0000000e   Code   RO         4833    .text               mc_p.l(strlen.o)
    0x000025ae   0x0000001a   Code   RO         4835    .text               mc_p.l(memcmp.o)
    0x000025c8   0x00000012   Code   RO         4837    .text               mc_p.l(strcpy.o)
    0x000025da   0x00000014   Code   RO         5102    .text               mc_p.l(uread4.o)
    0x000025ee   0x00000012   Code   RO         5104    .text               mc_p.l(uwrite4.o)
    0x00002600   0x0000003c   Code   RO         5106    .text               mc_p.l(__0sscanf.o)
    0x0000263c   0x0000014a   Code   RO         5108    .text               mc_p.l(_scanf_int.o)
    0x00002786   0x000000e8   Code   RO         5110    .text               mc_p.l(_scanf_str.o)
    0x0000286e   0x0000007a   Code   RO         5112    .text               mf_p.l(fmul.o)
    0x000028e8   0x0000007c   Code   RO         5114    .text               mf_p.l(fdiv.o)
    0x00002964   0x00000164   Code   RO         5116    .text               mf_p.l(dadd.o)
    0x00002ac8   0x000000d0   Code   RO         5118    .text               mf_p.l(dmul.o)
    0x00002b98   0x0000000e   Code   RO         5120    .text               mf_p.l(ffltui.o)
    0x00002ba6   0x00000002   PAD
    0x00002ba8   0x00000028   Code   RO         5122    .text               mf_p.l(dflti.o)
    0x00002bd0   0x00000028   Code   RO         5124    .text               mf_p.l(ffixui.o)
    0x00002bf8   0x00000048   Code   RO         5126    .text               mf_p.l(dfixi.o)
    0x00002c40   0x00000028   Code   RO         5128    .text               mf_p.l(f2d.o)
    0x00002c68   0x00000020   Code   RO         5145    .text               mc_p.l(llshl.o)
    0x00002c88   0x00000022   Code   RO         5147    .text               mc_p.l(llushr.o)
    0x00002caa   0x00000026   Code   RO         5149    .text               mc_p.l(llsshr.o)
    0x00002cd0   0x00000010   Code   RO         5151    .text               mc_p.l(localtime_w.o)
    0x00002ce0   0x00000074   Code   RO         5154    .text               mc_p.l(localtime_i.o)
    0x00002d54   0x0000001e   Code   RO         5157    .text               mc_p.l(_chval.o)
    0x00002d72   0x00000002   PAD
    0x00002d74   0x0000002c   Code   RO         5159    .text               mc_p.l(scanf_char.o)
    0x00002da0   0x00000044   Code   RO         5161    .text               mc_p.l(_sgetc.o)
    0x00002de4   0x00000000   Code   RO         5163    .text               mc_p.l(iusefp.o)
    0x00002de4   0x00000082   Code   RO         5164    .text               mf_p.l(fepilogue.o)
    0x00002e66   0x000000be   Code   RO         5166    .text               mf_p.l(depilogue.o)
    0x00002f24   0x000000f0   Code   RO         5170    .text               mf_p.l(ddiv.o)
    0x00003014   0x00000040   Code   RO         5172    .text               mf_p.l(dfixul.o)
    0x00003054   0x00000028   Code   RO         5174    .text               mf_p.l(cdrcmple.o)
    0x0000307c   0x00000024   Code   RO         5176    .text               mc_p.l(init.o)
    0x000030a0   0x0000000e   Code   RO         5178    .text               mc_p.l(isspace_c.o)
    0x000030ae   0x00000002   PAD
    0x000030b0   0x00000338   Code   RO         5180    .text               mc_p.l(_scanf.o)
    0x000033e8   0x00000024   Code   RO         5182    .text               mc_p.l(ctype_c.o)
    0x0000340c   0x00000056   Code   RO         5193    .text               mc_p.l(__dczerorl2.o)
    0x00003462   0x00000002   Code   RO         1570    i.AES_IRQHandler    ht6xxx_it.o
    0x00003464   0x000003cc   Code   RO         2720    i.AES_encrypt       aes.o
    0x00003830   0x000002f4   Code   RO         2722    i.AES_set_encrypt_key  aes.o
    0x00003b24   0x00000034   Code   RO          175    i.Asc2Int           main_handle.o
    0x00003b58   0x0000006c   Code   RO          176    i.BCDToString       main_handle.o
    0x00003bc4   0x00000100   Code   RO          177    i.BSP_Init          main_handle.o
    0x00003cc4   0x00000324   Code   RO         1132    i.BTRF2_4gStartCharging  charger.o
    0x00003fe8   0x00000388   Code   RO         1907    i.BlueCheckRes      ckb24_um.o
    0x00004370   0x00000070   Code   RO          958    i.BlueCostTemlteAck  blue.o
    0x000043e0   0x000000f8   Code   RO          959    i.BlueCostTemplateUpload  blue.o
    0x000044d8   0x000000f8   Code   RO          960    i.BlueFWDownLoad    blue.o
    0x000045d0   0x000000f0   Code   RO          961    i.BlueFWUpgradeNotice  blue.o
    0x000046c0   0x0000027c   Code   RO          962    i.BluePktProc       blue.o
    0x0000493c   0x00000084   Code   RO          963    i.BlueReqBreak      blue.o
    0x000049c0   0x00000094   Code   RO          964    i.BlueReqCostTemlteProc  blue.o
    0x00004a54   0x00000074   Code   RO         1908    i.BlueSendCmd       ckb24_um.o
    0x00004ac8   0x000001c0   Code   RO          965    i.BlueSendHeartBeat  blue.o
    0x00004c88   0x000001d0   Code   RO          966    i.BlueSendHeartBeatACK  blue.o
    0x00004e58   0x00000118   Code   RO          967    i.BlueSendStartChargingAck  blue.o
    0x00004f70   0x00000308   Code   RO          968    i.BlueStartCharging  blue.o
    0x00005278   0x00000204   Code   RO          969    i.BlueStopCharging  blue.o
    0x0000547c   0x00000130   Code   RO          970    i.BlueToothSet2_4gAddr  blue.o
    0x000055ac   0x00000080   Code   RO          971    i.BlueToothSet2_4gAddrAck  blue.o
    0x0000562c   0x000000e4   Code   RO         1910    i.BuleCheckReset    ckb24_um.o
    0x00005710   0x00000050   Code   RO         1913    i.BuleModeDevt      ckb24_um.o
    0x00005760   0x00000012   Code   RO         1914    i.BuleModeEcho      ckb24_um.o
    0x00005772   0x00000012   Code   RO         1915    i.BuleModeGWMac     ckb24_um.o
    0x00005784   0x00000068   Code   RO         1916    i.BuleModeGetName   ckb24_um.o
    0x000057ec   0x00000012   Code   RO         1917    i.BuleModePair      ckb24_um.o
    0x000057fe   0x00000012   Code   RO         1918    i.BuleModeVers      ckb24_um.o
    0x00005810   0x0000014c   Code   RO         1919    i.BuleReconnect     ckb24_um.o
    0x0000595c   0x000000cc   Code   RO         1920    i.BuleSetDevt       ckb24_um.o
    0x00005a28   0x00000174   Code   RO         1921    i.BuleSetGWMac      ckb24_um.o
    0x00005b9c   0x000001f8   Code   RO         1922    i.BuleSetName       ckb24_um.o
    0x00005d94   0x00000040   Code   RO          520    i.CK24_System_Init  ckb24_um_handle.o
    0x00005dd4   0x00000184   Code   RO          521    i.CK24_UMTask       ckb24_um_handle.o
    0x00005f58   0x00000070   Code   RO         1923    i.CKB24_UMGPIO_Conf  ckb24_um.o
    0x00005fc8   0x00000028   Code   RO         1924    i.CKB24_UM_HardReset  ckb24_um.o
    0x00005ff0   0x00000010   Code   RO         1925    i.CKB24_UM_Init     ckb24_um.o
    0x00006000   0x00000530   Code   RO          522    i.CKBRecvProc       ckb24_um_handle.o
    0x00006530   0x00000068   Code   RO         1085    i.COM_UpgradeNotiProc_BTRF2_4G  comm_proto.o
    0x00006598   0x0000024c   Code   RO         1509    i.COM_Upgrade_Write  upgrade.o
    0x000067e4   0x0000021c   Code   RO         1349    i.CalcuElec         emu_info.o
    0x00006a00   0x00000064   Code   RO          615    i.CardAuthAckResult_BTRF2_4G  24g_proto.o
    0x00006a64   0x000000a0   Code   RO          616    i.CardAuthAck_BTRF2_4G  24g_proto.o
    0x00006b04   0x00000548   Code   RO          617    i.CardAuthResult_BTRF2_4G  24g_proto.o
    0x0000704c   0x00000118   Code   RO         1723    i.CardAuthTask      cardauth_handle.o
    0x00007164   0x000001f0   Code   RO         2405    i.CardBalanceSpeech  sc8042b.o
    0x00007354   0x00000020   Code   RO         1133    i.Charger_Init      charger.o
    0x00007374   0x00000514   Code   RO         1134    i.ChargingCtrlProc  charger.o
    0x00007888   0x00000304   Code   RO         1135    i.ChargingProc      charger.o
    0x00007b8c   0x0000002c   Code   RO         1927    i.CheckBlueModeCmd  ckb24_um.o
    0x00007bb8   0x00000058   Code   RO          178    i.CheckCardTimeLenth  main_handle.o
    0x00007c10   0x000000c4   Code   RO         1136    i.CheckGunStatu     charger.o
    0x00007cd4   0x000000a4   Code   RO          523    i.CheckIdlePin      ckb24_um_handle.o
    0x00007d78   0x00000032   Code   RO          179    i.CheckOrderData    main_handle.o
    0x00007daa   0x00000002   PAD
    0x00007dac   0x000001ac   Code   RO         1137    i.CheckStartPara    charger.o
    0x00007f58   0x0000001a   Code   RO          180    i.CheckSum          main_handle.o
    0x00007f72   0x00000002   PAD
    0x00007f74   0x0000006c   Code   RO          618    i.CheckUpgradeWaitTimer  24g_proto.o
    0x00007fe0   0x000001fc   Code   RO          182    i.Check_M1_Card     main_handle.o
    0x000081dc   0x00000014   Code   RO          191    i.CleanReadCardFlag  main_handle.o
    0x000081f0   0x00000014   Code   RO          192    i.CleanReadCardTime  main_handle.o
    0x00008204   0x00000018   Code   RO          619    i.CleanStartChargingNotice_BTRF2_4G  24g_proto.o
    0x0000821c   0x00000014   Code   RO          620    i.CleanStopChargingNotice_BTRF2_4G  24g_proto.o
    0x00008230   0x00000014   Code   RO          621    i.ClearUpgradeWaitTimer  24g_proto.o
    0x00008244   0x0000001e   Code   RO         2237    i.Clear_BitMask     fm175xx.o
    0x00008262   0x0000001a   Code   RO         2238    i.Clear_FIFO        fm175xx.o
    0x0000827c   0x00000014   Code   RO          622    i.CloseBlueToothUpgradeFlag  24g_proto.o
    0x00008290   0x0000000c   Code   RO          193    i.CloseCheckTimeOver  main_handle.o
    0x0000829c   0x00000014   Code   RO          623    i.CloseUARTUpgradeFlag  24g_proto.o
    0x000082b0   0x00000014   Code   RO          624    i.CloseUpgradeReqestFlag  24g_proto.o
    0x000082c4   0x0000035c   Code   RO          592    i.ComTask           com_handle.o
    0x00008620   0x00000058   Code   RO          625    i.CostTemplateAckBTRF2_4G  24g_proto.o
    0x00008678   0x0000041c   Code   RO          626    i.CostTemplateProc_BTRF2_4G  24g_proto.o
    0x00008a94   0x00000898   Code   RO         1086    i.DebugPktProc      comm_proto.o
    0x0000932c   0x00000018   Code   RO         2078    i.Delay_100uSec     delay.o
    0x00009344   0x00000028   Code   RO         2079    i.Delay_mSec        delay.o
    0x0000936c   0x00000060   Code   RO         2163    i.EMU_Init          emu.o
    0x000093cc   0x00000024   Code   RO         2164    i.EMU_Proc          emu.o
    0x000093f0   0x00000024   Code   RO         1571    i.EXTI0_IRQHandler  ht6xxx_it.o
    0x00009414   0x00000026   Code   RO         1572    i.EXTI1_IRQHandler  ht6xxx_it.o
    0x0000943a   0x00000026   Code   RO         1573    i.EXTI2_IRQHandler  ht6xxx_it.o
    0x00009460   0x00000026   Code   RO         1574    i.EXTI3_IRQHandler  ht6xxx_it.o
    0x00009486   0x00000026   Code   RO         1575    i.EXTI4_IRQHandler  ht6xxx_it.o
    0x000094ac   0x00000026   Code   RO         1576    i.EXTI5_IRQHandler  ht6xxx_it.o
    0x000094d2   0x00000026   Code   RO         1577    i.EXTI6_IRQHandler  ht6xxx_it.o
    0x000094f8   0x000000b4   Code   RO         1739    i.Enter_StandBy     pmu.o
    0x000095ac   0x00000038   Code   RO         2675    i.FIFO_S_Get        fifo.o
    0x000095e4   0x0000002e   Code   RO         2676    i.FIFO_S_Init       fifo.o
    0x00009612   0x00000050   Code   RO         2678    i.FIFO_S_Put        fifo.o
    0x00009662   0x00000002   PAD
    0x00009664   0x0000004c   Code   RO         2239    i.FM175XX_HardReset  fm175xx.o
    0x000096b0   0x00000022   Code   RO         2240    i.FM175XX_Init      fm175xx.o
    0x000096d2   0x00000002   PAD
    0x000096d4   0x000000dc   Code   RO          627    i.FWDownLoadAckBTRF2_4G  24g_proto.o
    0x000097b0   0x00000328   Code   RO          628    i.FWDownLoadProc_BTRF2_4G  24g_proto.o
    0x00009ad8   0x00000058   Code   RO          629    i.FWUpgradeAckProc_BTRF2_4G  24g_proto.o
    0x00009b30   0x000000cc   Code   RO          630    i.FWUpgradeAck_BTRF2_4G  24g_proto.o
    0x00009bfc   0x00000244   Code   RO          631    i.FWUpgradeNotiProc_BTRF2_4G  24g_proto.o
    0x00009e40   0x000000d8   Code   RO          632    i.FWUpgradeREQ_BTRF2_4G  24g_proto.o
    0x00009f18   0x00000032   Code   RO         1087    i.FlashTest         comm_proto.o
    0x00009f4a   0x00000002   PAD
    0x00009f4c   0x00000014   Code   RO         1402    i.FlashWriteCostTemplateData  flash_usr.o
    0x00009f60   0x00000080   Code   RO         1403    i.FlashWriteData    flash_usr.o
    0x00009fe0   0x00000014   Code   RO         1404    i.FlashWriteDataToSystemInfo1  flash_usr.o
    0x00009ff4   0x00000014   Code   RO         1405    i.FlashWriteGunInfoData  flash_usr.o
    0x0000a008   0x00000014   Code   RO         1406    i.FlashWriteGunInfo_1_Data  flash_usr.o
    0x0000a01c   0x00000014   Code   RO         1407    i.FlashWriteGunInfo_2_Data  flash_usr.o
    0x0000a030   0x00000014   Code   RO         1408    i.FlashWriteGunInfo_3_Data  flash_usr.o
    0x0000a044   0x00000014   Code   RO         1409    i.FlashWriteSystemInfoData  flash_usr.o
    0x0000a058   0x00000050   Code   RO         1410    i.Flash_EraseALL    flash_usr.o
    0x0000a0a8   0x00000094   Code   RO         1411    i.Flash_ErasePage   flash_usr.o
    0x0000a13c   0x00000014   Code   RO         1412    i.Flash_Init        flash_usr.o
    0x0000a150   0x00000054   Code   RO         1413    i.Flash_Read        flash_usr.o
    0x0000a1a4   0x0000002c   Code   RO         1414    i.Flash_SetPos_r    flash_usr.o
    0x0000a1d0   0x0000002c   Code   RO         1415    i.Flash_SetPos_w    flash_usr.o
    0x0000a1fc   0x0000010c   Code   RO         1416    i.Flash_Write       flash_usr.o
    0x0000a308   0x000000fc   Code   RO         1138    i.FuseholderStatusProc  charger.o
    0x0000a404   0x00000010   Code   RO          633    i.GetBlueToothUpgradeFlag  24g_proto.o
    0x0000a414   0x00000024   Code   RO         1139    i.GetChargingGunCnt  charger.o
    0x0000a438   0x00000238   Code   RO         1140    i.GetChargingTime   charger.o
    0x0000a670   0x0000000c   Code   RO         1141    i.GetCostMode       charger.o
    0x0000a67c   0x0000005c   Code   RO          194    i.GetCpuTemp        main_handle.o
    0x0000a6d8   0x0000004c   Code   RO         1831    i.GetCurrentTime    rtc.o
    0x0000a724   0x0000001c   Code   RO         1350    i.GetGunStatus      emu_info.o
    0x0000a740   0x000000b0   Code   RO          974    i.GetHistoryOrderNum  blue.o
    0x0000a7f0   0x0000001a   Code   RO          634    i.GetPktSum         24g_proto.o
    0x0000a80a   0x00000002   PAD
    0x0000a80c   0x00000010   Code   RO          195    i.GetReadCardFlag   main_handle.o
    0x0000a81c   0x00000010   Code   RO          196    i.GetReadCardTime   main_handle.o
    0x0000a82c   0x00000008   Code   RO         1872    i.GetRtcCount       rtc.o
    0x0000a834   0x0000004c   Code   RO         1832    i.GetTimeStamp      rtc.o
    0x0000a880   0x00000010   Code   RO          635    i.GetUARTUpgradeFlag  24g_proto.o
    0x0000a890   0x00000010   Code   RO         1510    i.GetUpgradeCurrentPackage  upgrade.o
    0x0000a8a0   0x00000010   Code   RO          636    i.GetUpgradeReqestFlag  24g_proto.o
    0x0000a8b0   0x00000064   Code   RO          197    i.GreenLedToggle    main_handle.o
    0x0000a914   0x000006f8   Code   RO         1142    i.GunChargingProc   charger.o
    0x0000b00c   0x00000050   Code   RO         2347    i.GunGpioInit       gun.o
    0x0000b05c   0x00000098   Code   RO         2348    i.GunTurnOff        gun.o
    0x0000b0f4   0x00000098   Code   RO         2349    i.GunTurnOn         gun.o
    0x0000b18c   0x00000048   Code   RO         2833    i.HT_CMU_ClkCtrl1Config  ht6xxx_cmu.o
    0x0000b1d4   0x0000009c   Code   RO         2836    i.HT_CMU_Init       ht6xxx_cmu.o
    0x0000b270   0x00000050   Code   RO         2840    i.HT_CMU_SysClkGet  ht6xxx_cmu.o
    0x0000b2c0   0x00000024   Code   RO         3039    i.HT_EXTIFall_ClearITPendingBit  ht6xxx_exti.o
    0x0000b2e4   0x00000030   Code   RO         3041    i.HT_EXTIFall_ITFlagStatusGet  ht6xxx_exti.o
    0x0000b314   0x00000028   Code   RO         3042    i.HT_EXTIRise_ClearITPendingBit  ht6xxx_exti.o
    0x0000b33c   0x00000030   Code   RO         3044    i.HT_EXTIRise_ITFlagStatusGet  ht6xxx_exti.o
    0x0000b36c   0x00000058   Code   RO         3094    i.HT_Flash_ByteRead  ht6xxx_flash.o
    0x0000b3c4   0x0000006c   Code   RO         3166    i.HT_GPIO_AFInit    ht6xxx_gpio.o
    0x0000b430   0x00000008   Code   RO         3167    i.HT_GPIO_BitsRead  ht6xxx_gpio.o
    0x0000b438   0x00000004   Code   RO         3168    i.HT_GPIO_BitsReset  ht6xxx_gpio.o
    0x0000b43c   0x00000004   Code   RO         3169    i.HT_GPIO_BitsSet   ht6xxx_gpio.o
    0x0000b440   0x00000004   Code   RO         3170    i.HT_GPIO_BitsToggle  ht6xxx_gpio.o
    0x0000b444   0x000000a4   Code   RO         3172    i.HT_GPIO_Init      ht6xxx_gpio.o
    0x0000b4e8   0x00000008   Code   RO         3603    i.HT_ISO7816_ClearITPendingBit  ht6xxx_uart&7816.o
    0x0000b4f0   0x00000012   Code   RO         3605    i.HT_ISO7816_ITFlagStatusGet  ht6xxx_uart&7816.o
    0x0000b502   0x00000002   PAD
    0x0000b504   0x00000018   Code   RO         3264    i.HT_PMUState_FlagStatusGet  ht6xxx_pmu.o
    0x0000b51c   0x00000010   Code   RO         3265    i.HT_PMU_ClearITPendingBit  ht6xxx_pmu.o
    0x0000b52c   0x00000024   Code   RO         3268    i.HT_PMU_ITConfig   ht6xxx_pmu.o
    0x0000b550   0x00000018   Code   RO         3269    i.HT_PMU_ITFlagStatusGet  ht6xxx_pmu.o
    0x0000b568   0x00000020   Code   RO         3378    i.HT_RTC_ITConfig   ht6xxx_rtc.o
    0x0000b588   0x00000078   Code   RO         3380    i.HT_RTC_Init       ht6xxx_rtc.o
    0x0000b600   0x000001c4   Code   RO         3381    i.HT_RTC_LoadInfoData  ht6xxx_rtc.o
    0x0000b7c4   0x00000064   Code   RO         3382    i.HT_RTC_Read       ht6xxx_rtc.o
    0x0000b828   0x00000034   Code   RO         3383    i.HT_RTC_TMRConfig  ht6xxx_rtc.o
    0x0000b85c   0x00000074   Code   RO         3385    i.HT_RTC_Write      ht6xxx_rtc.o
    0x0000b8d0   0x00000008   Code   RO         3450    i.HT_SPI_ClearITPendingBit  ht6xxx_spi.o
    0x0000b8d8   0x00000012   Code   RO         3451    i.HT_SPI_ITFlagStatusGet  ht6xxx_spi.o
    0x0000b8ea   0x00000002   PAD
    0x0000b8ec   0x00000054   Code   RO         3494    i.HT_TBSConfig      ht6xxx_tbs.o
    0x0000b940   0x00000010   Code   RO         3496    i.HT_TBS_ClearITPendingBit  ht6xxx_tbs.o
    0x0000b950   0x00000018   Code   RO         3498    i.HT_TBS_ITFlagStatusGet  ht6xxx_tbs.o
    0x0000b968   0x00000008   Code   RO         3557    i.HT_TMR_ClearITPendingBit  ht6xxx_timer.o
    0x0000b970   0x00000012   Code   RO         3560    i.HT_TMR_ITFlagStatusGet  ht6xxx_timer.o
    0x0000b982   0x00000008   Code   RO         3609    i.HT_UART_ClearITPendingBit  ht6xxx_uart&7816.o
    0x0000b98a   0x0000001c   Code   RO         3610    i.HT_UART_ITConfig  ht6xxx_uart&7816.o
    0x0000b9a6   0x00000012   Code   RO         3611    i.HT_UART_ITFlagStatusGet  ht6xxx_uart&7816.o
    0x0000b9b8   0x0000005e   Code   RO         3612    i.HT_UART_Init      ht6xxx_uart&7816.o
    0x0000ba16   0x00000008   Code   RO         3614    i.HT_UART_ReceiveData  ht6xxx_uart&7816.o
    0x0000ba1e   0x00000004   Code   RO         1578    i.HardFault_Handler  ht6xxx_it.o
    0x0000ba22   0x00000002   PAD
    0x0000ba24   0x00000464   Code   RO          637    i.HeartBatACK_BTRF2_4G  24g_proto.o
    0x0000be88   0x00000002   Code   RO         1579    i.I2C_IRQHandler    ht6xxx_it.o
    0x0000be8a   0x00000002   PAD
    0x0000be8c   0x0000002c   Code   RO         2549    i.IO_USART_TX_PutVal  simuart.o
    0x0000beb8   0x00000018   Code   RO            2    i.Init_TaskSystem   main.o
    0x0000bed0   0x00000030   Code   RO         2350    i.LED_Init          gun.o
    0x0000bf00   0x00000034   Code   RO         1833    i.LinuxTickToDay    rtc.o
    0x0000bf34   0x000000c4   Code   RO          198    i.LoadSysCfgInfo    main_handle.o
    0x0000bff8   0x0000008c   Code   RO         1248    i.Mifare_Auth       m1_card.o
    0x0000c084   0x0000009c   Code   RO         1251    i.Mifare_Blockread  m1_card.o
    0x0000c120   0x00000006   Code   RO          638    i.MuxSempGive       24g_proto.o
    0x0000c126   0x00000002   PAD
    0x0000c128   0x00000028   Code   RO          639    i.MuxSempTake       24g_proto.o
    0x0000c150   0x00000014   Code   RO         1740    i.NVIC_ClearPendingIRQ  pmu.o
    0x0000c164   0x00000014   Code   RO         2480    i.NVIC_ClearPendingIRQ  uart.o
    0x0000c178   0x00000014   Code   RO         1741    i.NVIC_EnableIRQ    pmu.o
    0x0000c18c   0x00000014   Code   RO         2481    i.NVIC_EnableIRQ    uart.o
    0x0000c1a0   0x00000014   Code   RO         2550    i.NVIC_EnableIRQ    simuart.o
    0x0000c1b4   0x00000078   Code   RO         1742    i.NVIC_SetPriority  pmu.o
    0x0000c22c   0x00000078   Code   RO         2482    i.NVIC_SetPriority  uart.o
    0x0000c2a4   0x0000001c   Code   RO          199    i.NVIC_SystemReset  main_handle.o
    0x0000c2c0   0x0000001c   Code   RO          640    i.NVIC_SystemReset  24g_proto.o
    0x0000c2dc   0x0000001c   Code   RO         1088    i.NVIC_SystemReset  comm_proto.o
    0x0000c2f8   0x00000014   Code   RO          641    i.OpenBlueToothUpgradeFlag  24g_proto.o
    0x0000c30c   0x00000038   Code   RO          200    i.OpenCheckTimeOver  main_handle.o
    0x0000c344   0x00000028   Code   RO         2551    i.OpenTimer         simuart.o
    0x0000c36c   0x00000014   Code   RO          642    i.OpenUARTUpgradeFlag  24g_proto.o
    0x0000c380   0x00000014   Code   RO          643    i.OpenUpgradeReqestFlag  24g_proto.o
    0x0000c394   0x000000c8   Code   RO         2406    i.OptFailNotice     sc8042b.o
    0x0000c45c   0x0000002e   Code   RO         1580    i.PMU_IRQHandler    ht6xxx_it.o
    0x0000c48a   0x00000002   PAD
    0x0000c48c   0x00000048   Code   RO         1743    i.PMU_Init          pmu.o
    0x0000c4d4   0x0000002c   Code   RO          644    i.PackSend24GData   24g_proto.o
    0x0000c500   0x00000054   Code   RO          524    i.PackSendOuterBT24GData  ckb24_um_handle.o
    0x0000c554   0x000001ec   Code   RO         2241    i.Pcd_Comm          fm175xx.o
    0x0000c740   0x0000010c   Code   RO         2242    i.Pcd_ConfigISOType  fm175xx.o
    0x0000c84c   0x00000064   Code   RO         2243    i.Pcd_SetTimer      fm175xx.o
    0x0000c8b0   0x00000068   Code   RO         2408    i.PlayVoice         sc8042b.o
    0x0000c918   0x00000158   Code   RO         1744    i.PowerOff_MCU      pmu.o
    0x0000ca70   0x00000084   Code   RO          201    i.PrintfData        main_handle.o
    0x0000caf4   0x00000064   Code   RO         1351    i.ProcessElec       emu_info.o
    0x0000cb58   0x0000004c   Code   RO         1143    i.Proto2_4gStopCharging  charger.o
    0x0000cba4   0x00000080   Code   RO          645    i.R6ToX6ScanCodeStartChargerAck  24g_proto.o
    0x0000cc24   0x00000164   Code   RO          646    i.R6ToX6StopChargingAckBTRF2_4G  24g_proto.o
    0x0000cd88   0x0000005c   Code   RO          647    i.R6X6BindACK_BTRF2_4G  24g_proto.o
    0x0000cde4   0x00000026   Code   RO          648    i.R6X6BindREQ_BTRF2_4G  24g_proto.o
    0x0000ce0a   0x00000002   PAD
    0x0000ce0c   0x00000080   Code   RO         2351    i.RELAY_Init        gun.o
    0x0000ce8c   0x00000014   Code   RO         1581    i.RTC_IRQHandler    ht6xxx_it.o
    0x0000cea0   0x00000104   Code   RO         1834    i.RTC_Init          rtc.o
    0x0000cfa4   0x00000058   Code   RO          202    i.ReadCardHandle    main_handle.o
    0x0000cffc   0x00000044   Code   RO         1352    i.ReadEMU_Info      emu_info.o
    0x0000d040   0x00000084   Code   RO         1353    i.ReadElec          emu_info.o
    0x0000d0c4   0x000000d8   Code   RO         1144    i.ReadFlashInfoData  charger.o
    0x0000d19c   0x00000054   Code   RO         2165    i.ReadPower         emu.o
    0x0000d1f0   0x0000004c   Code   RO         2166    i.ReadRMSI          emu.o
    0x0000d23c   0x00000038   Code   RO         2167    i.ReadRMSU          emu.o
    0x0000d274   0x00000014   Code   RO         1145    i.ReadUpgradeInit   charger.o
    0x0000d288   0x00000010   Code   RO         2168    i.Read_ECADR        emu.o
    0x0000d298   0x00000010   Code   RO         2169    i.Read_EPADR        emu.o
    0x0000d2a8   0x0000001c   Code   RO         2244    i.Read_FIFO         fm175xx.o
    0x0000d2c4   0x00000012   Code   RO         2245    i.Read_Reg          fm175xx.o
    0x0000d2d6   0x00000002   PAD
    0x0000d2d8   0x000001bc   Code   RO          975    i.RecvBtData        blue.o
    0x0000d494   0x00000058   Code   RO          649    i.RemoteCtrlAck_BTRF2_4G  24g_proto.o
    0x0000d4ec   0x0000002e   Code   RO          650    i.RemoteCtrlBtRf2_4g  24g_proto.o
    0x0000d51a   0x00000002   PAD
    0x0000d51c   0x00000138   Code   RO          651    i.RemoteCtrlProc_BTRF2_4G  24g_proto.o
    0x0000d654   0x000000dc   Code   RO         1146    i.RestoreGunStatus  charger.o
    0x0000d730   0x0000003c   Code   RO          203    i.RestoreGunWithChargingCtrlProc  main_handle.o
    0x0000d76c   0x00000094   Code   RO         2409    i.SC8042B_Init      sc8042b.o
    0x0000d800   0x00000010   Code   RO         2624    i.SIM_SPI_Delay     simspi.o
    0x0000d810   0x000000c8   Code   RO         2625    i.SIM_SPI_Init      simspi.o
    0x0000d8d8   0x0000004c   Code   RO         2626    i.SIM_SPI_ReadByte  simspi.o
    0x0000d924   0x00000058   Code   RO         2627    i.SIM_SPI_WriteByte  simspi.o
    0x0000d97c   0x00000030   Code   RO         1582    i.SPI0_IRQHandler   ht6xxx_it.o
    0x0000d9ac   0x00000034   Code   RO         2246    i.SPIRead           fm175xx.o
    0x0000d9e0   0x00000034   Code   RO         2247    i.SPIWrite          fm175xx.o
    0x0000da14   0x00000002   Code   RO         4395    i.SVC_Handler       port.o
    0x0000da16   0x00000002   PAD
    0x0000da18   0x00000034   Code   RO         1354    i.SaveElec          emu_info.o
    0x0000da4c   0x00000380   Code   RO          204    i.SaveOrderReport   main_handle.o
    0x0000ddcc   0x00000014   Code   RO          652    i.SaveStopChargingNotice_BTRF2_4G  24g_proto.o
    0x0000dde0   0x000000a0   Code   RO          205    i.Sc8042bSpeechStartChargerFail  main_handle.o
    0x0000de80   0x000000c0   Code   RO          525    i.SendBlueTooth2_4GPkt  ckb24_um_handle.o
    0x0000df40   0x00000168   Code   RO          653    i.SendCardAuthReq_24G  24g_proto.o
    0x0000e0a8   0x0000004c   Code   RO         1089    i.SendDebugPkt      comm_proto.o
    0x0000e0f4   0x00000078   Code   RO          654    i.SendEventNotice_BTRF2_4G  24g_proto.o
    0x0000e16c   0x000001e8   Code   RO          655    i.SendHeartBat_BTRF2_4G  24g_proto.o
    0x0000e354   0x000002dc   Code   RO          206    i.SendOrderReport   main_handle.o
    0x0000e630   0x00000054   Code   RO          656    i.SendOrderReportNotice_BTRF2_4G  24g_proto.o
    0x0000e684   0x00000048   Code   RO          657    i.SendProtoPkt_BTRF2_4G  24g_proto.o
    0x0000e6cc   0x00000054   Code   RO          658    i.SendReqCostTemplate_BTRF2_4G  24g_proto.o
    0x0000e720   0x00000180   Code   RO          659    i.SendStartChargingNotice  24g_proto.o
    0x0000e8a0   0x000000bc   Code   RO          660    i.SendStartChargingNoticeBTRF_24G  24g_proto.o
    0x0000e95c   0x00000030   Code   RO         1090    i.SendTestPktAck    comm_proto.o
    0x0000e98c   0x00000058   Code   RO         1930    i.SetBlueName       ckb24_um.o
    0x0000e9e4   0x00000058   Code   RO         1931    i.SetBluePair       ckb24_um.o
    0x0000ea3c   0x0000007c   Code   RO         1932    i.SetGateWay24GMacAddr  ckb24_um.o
    0x0000eab8   0x00000014   Code   RO          207    i.SetReadCardFlag   main_handle.o
    0x0000eacc   0x00000014   Code   RO          208    i.SetReadCardTime   main_handle.o
    0x0000eae0   0x00000018   Code   RO         1835    i.SetRtcCount       rtc.o
    0x0000eaf8   0x0000001e   Code   RO         2248    i.Set_BitMask       fm175xx.o
    0x0000eb16   0x0000005e   Code   RO         2249    i.Set_Rf            fm175xx.o
    0x0000eb74   0x000001d8   Code   RO          976    i.ShakeReqProc      blue.o
    0x0000ed4c   0x000000d0   Code   RO         1147    i.ShowGunInfo       charger.o
    0x0000ee1c   0x00000038   Code   RO         2552    i.SimUartSendByte   simuart.o
    0x0000ee54   0x00000070   Code   RO         2553    i.SimuUartSendData  simuart.o
    0x0000eec4   0x00000030   Code   RO         2554    i.SimuartGpioInit   simuart.o
    0x0000eef4   0x00000058   Code   RO         2555    i.SimuartInit       simuart.o
    0x0000ef4c   0x0000026c   Code   RO         2410    i.SpeechCardBalance  sc8042b.o
    0x0000f1b8   0x0000007e   Code   RO         2411    i.SpeechChargeing   sc8042b.o
    0x0000f236   0x000000d4   Code   RO          661    i.SpeechSelectGun   24g_proto.o
    0x0000f30a   0x00000002   PAD
    0x0000f30c   0x000000dc   Code   RO          662    i.StartChargingAckProc_24G  24g_proto.o
    0x0000f3e8   0x00000080   Code   RO          663    i.StartChargingNoticeACK_BTRF2_4G  24g_proto.o
    0x0000f468   0x0000031c   Code   RO          664    i.StartChargingProc_BTRF2_4G  24g_proto.o
    0x0000f784   0x00000058   Code   RO          665    i.StopChargingAckBTRF2_4G  24g_proto.o
    0x0000f7dc   0x00000044   Code   RO          666    i.StopChargingProc_BTRF2_4G  24g_proto.o
    0x0000f820   0x00000048   Code   RO          209    i.StringToBCD       main_handle.o
    0x0000f868   0x0000004c   Code   RO         1792    i.SwitchTo_Flrc     cmu.o
    0x0000f8b4   0x000001dc   Code   RO          210    i.SysCfgInit        main_handle.o
    0x0000fa90   0x00000024   Code   RO         4396    i.SysTick_Handler   port.o
    0x0000fab4   0x0000003c   Code   RO         1793    i.SystemClock_Config  cmu.o
    0x0000faf0   0x00000002   Code   RO         3746    i.SystemInit        system_ht6xxx.o
    0x0000faf2   0x00000002   PAD
    0x0000faf4   0x0000003c   Code   RO          211    i.System_Init       main_handle.o
    0x0000fb30   0x00000062   Code   RO         1583    i.TBS_IRQHandler    ht6xxx_it.o
    0x0000fb92   0x00000002   PAD
    0x0000fb94   0x0000005c   Code   RO         1584    i.TIMER_0_IRQHandler  ht6xxx_it.o
    0x0000fbf0   0x0000005c   Code   RO         2556    i.TIMER_1_IRQHandler  simuart.o
    0x0000fc4c   0x00000044   Code   RO         1585    i.TIMER_2_IRQHandler  ht6xxx_it.o
    0x0000fc90   0x00000044   Code   RO         1586    i.TIMER_3_IRQHandler  ht6xxx_it.o
    0x0000fcd4   0x00000028   Code   RO         2557    i.TIM_Cmd           simuart.o
    0x0000fcfc   0x000000d4   Code   RO         2412    i.TempNotice        sc8042b.o
    0x0000fdd0   0x00000048   Code   RO          212    i.TestReadCardHandle  main_handle.o
    0x0000fe18   0x00000050   Code   RO         2464    i.Timer0_Init       timer.o
    0x0000fe68   0x0000002c   Code   RO         2352    i.TurnOffAllGun     gun.o
    0x0000fe94   0x000001a2   Code   RO         1256    i.TypeA_Anticollision  m1_card.o
    0x00010036   0x00000056   Code   RO         1257    i.TypeA_CardActivate  m1_card.o
    0x0001008c   0x00000048   Code   RO         1258    i.TypeA_Halt        m1_card.o
    0x000100d4   0x00000064   Code   RO         1259    i.TypeA_Request     m1_card.o
    0x00010138   0x00000066   Code   RO         1260    i.TypeA_Select      m1_card.o
    0x0001019e   0x0000005a   Code   RO         1261    i.TypeA_Set_Bit_Framing  m1_card.o
    0x000101f8   0x000000a4   Code   RO         1262    i.TypeA_Set_NVB     m1_card.o
    0x0001029c   0x00000068   Code   RO         1587    i.UART0_IRQHandler  ht6xxx_it.o
    0x00010304   0x00000030   Code   RO         1588    i.UART1_IRQHandler  ht6xxx_it.o
    0x00010334   0x00000030   Code   RO         1589    i.UART2_IRQHandler  ht6xxx_it.o
    0x00010364   0x000000a4   Code   RO         1590    i.UART3_IRQHandler  ht6xxx_it.o
    0x00010408   0x000000b8   Code   RO         2485    i.UART3_Init        uart.o
    0x000104c0   0x000000a4   Code   RO         1591    i.UART4_IRQHandler  ht6xxx_it.o
    0x00010564   0x000000c0   Code   RO         2486    i.UART4_Init        uart.o
    0x00010624   0x0000002c   Code   RO         1592    i.UART5_IRQHandler  ht6xxx_it.o
    0x00010650   0x00000018   Code   RO         2487    i.USART_SendData    uart.o
    0x00010668   0x0000002e   Code   RO         2488    i.Uart_Send         uart.o
    0x00010696   0x00000002   PAD
    0x00010698   0x00000248   Code   RO          526    i.UnpackRecv24GPack  ckb24_um_handle.o
    0x000108e0   0x00000170   Code   RO         1511    i.UpgradeFlashErasePage  upgrade.o
    0x00010a50   0x0000000a   Code   RO         1512    i.UpgradeStart      upgrade.o
    0x00010a5a   0x00000002   PAD
    0x00010a5c   0x000000e4   Code   RO         1513    i.Upgrade_FlashCheck  upgrade.o
    0x00010b40   0x000002b4   Code   RO         1514    i.Upgrade_Init      upgrade.o
    0x00010df4   0x00000204   Code   RO         1515    i.Upgrade_Write     upgrade.o
    0x00010ff8   0x00000028   Code   RO         2841    i.Wait2mS           ht6xxx_cmu.o
    0x00011020   0x0000000c   Code   RO         2170    i.Write_ECADR       emu.o
    0x0001102c   0x0000001c   Code   RO         2251    i.Write_FIFO        fm175xx.o
    0x00011048   0x00000012   Code   RO         2252    i.Write_Reg         fm175xx.o
    0x0001105a   0x00000002   PAD
    0x0001105c   0x000001ac   Code   RO          667    i.X6ToR6HeartBatACK_BTRF2_4G  24g_proto.o
    0x00011208   0x00000290   Code   RO          668    i._24gRecvProc      24g_proto.o
    0x00011498   0x00000020   Code   RO         5074    i.__0printf         mc_p.l(printfa.o)
    0x000114b8   0x00000028   Code   RO         5076    i.__0sprintf        mc_p.l(printfa.o)
    0x000114e0   0x0000002e   Code   RO         5168    i.__ARM_clz         mf_p.l(depilogue.o)
    0x0001150e   0x0000001c   Code   RO          574    i.__ARM_common_switch8  ckb24_um_handle.o
    0x0001152a   0x0000000e   Code   RO         5187    i.__scatterload_copy  mc_p.l(handlers.o)
    0x00011538   0x00000002   Code   RO         5188    i.__scatterload_null  mc_p.l(handlers.o)
    0x0001153a   0x0000000e   Code   RO         5189    i.__scatterload_zeroinit  mc_p.l(handlers.o)
    0x00011548   0x00000158   Code   RO         5081    i._fp_digits        mc_p.l(printfa.o)
    0x000116a0   0x000006ec   Code   RO         5082    i._printf_core      mc_p.l(printfa.o)
    0x00011d8c   0x00000020   Code   RO         5083    i._printf_post_padding  mc_p.l(printfa.o)
    0x00011dac   0x0000002c   Code   RO         5084    i._printf_pre_padding  mc_p.l(printfa.o)
    0x00011dd8   0x0000000a   Code   RO         5086    i._sputc            mc_p.l(printfa.o)
    0x00011de2   0x00000002   PAD
    0x00011de4   0x000002f4   Code   RO         2171    i.emu_var_cal       emu.o
    0x000120d8   0x0000006c   Code   RO         1745    i.enter_hold_init   pmu.o
    0x00012144   0x00000068   Code   RO          213    i.fputc             main_handle.o
    0x000121ac   0x00000380   Code   RO         2172    i.get_emu_var_default  emu.o
    0x0001252c   0x00000012   Code   RO         4477    i.inHandlerMode     cmsis_os.o
    0x0001253e   0x00000034   Code   RO          214    i.isArraryEmpty     main_handle.o
    0x00012572   0x00000002   PAD
    0x00012574   0x00000120   Code   RO          669    i.isStartChargingBTRF2_4G  24g_proto.o
    0x00012694   0x000000bc   Code   RO          215    i.isTheSameCard     main_handle.o
    0x00012750   0x00000080   Code   RO            3    i.main              main.o
    0x000127d0   0x0000001a   Code   RO         4480    i.osDelay           cmsis_os.o
    0x000127ea   0x0000000c   Code   RO         4495    i.osMutexCreate     cmsis_os.o
    0x000127f6   0x00000002   PAD
    0x000127f8   0x0000004c   Code   RO         4497    i.osMutexRelease    cmsis_os.o
    0x00012844   0x00000070   Code   RO         4498    i.osMutexWait       cmsis_os.o
    0x000128b4   0x00000034   Code   RO         4506    i.osSemaphoreCreate  cmsis_os.o
    0x000128e8   0x00000054   Code   RO         4067    i.prvAddCurrentTaskToDelayedList  tasks.o
    0x0001293c   0x00000046   Code   RO         4068    i.prvAllocateTCBAndStack  tasks.o
    0x00012982   0x00000002   PAD
    0x00012984   0x00000068   Code   RO         4069    i.prvCheckTasksWaitingTermination  tasks.o
    0x000129ec   0x0000002c   Code   RO         3904    i.prvCopyDataFromQueue  queue.o
    0x00012a18   0x00000084   Code   RO         3905    i.prvCopyDataToQueue  queue.o
    0x00012a9c   0x00000012   Code   RO         4070    i.prvDeleteTCB      tasks.o
    0x00012aae   0x00000002   PAD
    0x00012ab0   0x0000007c   Code   RO         4345    i.prvHeapInit       heap_4.o
    0x00012b2c   0x0000000c   Code   RO         4071    i.prvIdleTask       tasks.o
    0x00012b38   0x00000052   Code   RO         4072    i.prvInitialiseTCBVariables  tasks.o
    0x00012b8a   0x00000002   PAD
    0x00012b8c   0x00000064   Code   RO         4073    i.prvInitialiseTaskLists  tasks.o
    0x00012bf0   0x00000068   Code   RO         4346    i.prvInsertBlockIntoFreeList  heap_4.o
    0x00012c58   0x0000001c   Code   RO         3906    i.prvIsQueueEmpty   queue.o
    0x00012c74   0x0000001e   Code   RO         3907    i.prvIsQueueFull    queue.o
    0x00012c92   0x00000002   PAD
    0x00012c94   0x00000038   Code   RO         4075    i.prvResetNextTaskUnblockTime  tasks.o
    0x00012ccc   0x00000014   Code   RO         4397    i.prvSetupTimerInterrupt  port.o
    0x00012ce0   0x00000024   Code   RO         4398    i.prvTaskExitError  port.o
    0x00012d04   0x0000008a   Code   RO         3908    i.prvUnlockQueue    queue.o
    0x00012d8e   0x00000002   PAD
    0x00012d90   0x0000011c   Code   RO         4347    i.pvPortMalloc      heap_4.o
    0x00012eac   0x00000020   Code   RO         4078    i.pvTaskIncrementMutexHeldCount  tasks.o
    0x00012ecc   0x00000020   Code   RO         4399    i.pxPortInitialiseStack  port.o
    0x00012eec   0x00000028   Code   RO         3868    i.uxListRemove      list.o
    0x00012f14   0x0000001a   Code   RO         3869    i.vListInitialise   list.o
    0x00012f2e   0x00000006   Code   RO         3870    i.vListInitialiseItem  list.o
    0x00012f34   0x00000036   Code   RO         3871    i.vListInsert       list.o
    0x00012f6a   0x00000018   Code   RO         3872    i.vListInsertEnd    list.o
    0x00012f82   0x00000002   PAD
    0x00012f84   0x00000414   Code   RO          216    i.vMainTask         main_handle.o
    0x00013398   0x0000001c   Code   RO         4401    i.vPortEnterCritical  port.o
    0x000133b4   0x00000028   Code   RO         4402    i.vPortExitCritical  port.o
    0x000133dc   0x00000080   Code   RO         4348    i.vPortFree         heap_4.o
    0x0001345c   0x00000018   Code   RO         4403    i.vPortYield        port.o
    0x00013474   0x00000058   Code   RO         4085    i.vTaskDelay        tasks.o
    0x000134cc   0x0000000c   Code   RO         4088    i.vTaskMissedYield  tasks.o
    0x000134d8   0x00000054   Code   RO         4089    i.vTaskPlaceOnEventList  tasks.o
    0x0001352c   0x0000008c   Code   RO         4091    i.vTaskPriorityInherit  tasks.o
    0x000135b8   0x00000020   Code   RO         4095    i.vTaskSetTimeOutState  tasks.o
    0x000135d8   0x00000060   Code   RO         4096    i.vTaskStartScheduler  tasks.o
    0x00013638   0x00000010   Code   RO         4098    i.vTaskSuspendAll   tasks.o
    0x00013648   0x0000008c   Code   RO         4099    i.vTaskSwitchContext  tasks.o
    0x000136d4   0x00000038   Code   RO         4404    i.xPortStartScheduler  port.o
    0x0001370c   0x0000004e   Code   RO         3918    i.xQueueCreateCountingSemaphore  queue.o
    0x0001375a   0x0000004e   Code   RO         3919    i.xQueueCreateMutex  queue.o
    0x000137a8   0x00000070   Code   RO         3920    i.xQueueGenericCreate  queue.o
    0x00013818   0x00000160   Code   RO         3921    i.xQueueGenericReceive  queue.o
    0x00013978   0x00000076   Code   RO         3922    i.xQueueGenericReset  queue.o
    0x000139ee   0x00000140   Code   RO         3923    i.xQueueGenericSend  queue.o
    0x00013b2e   0x0000009c   Code   RO         3925    i.xQueueGiveFromISR  queue.o
    0x00013bca   0x00000090   Code   RO         3929    i.xQueueReceiveFromISR  queue.o
    0x00013c5a   0x00000002   PAD
    0x00013c5c   0x00000074   Code   RO         4100    i.xTaskCheckForTimeOut  tasks.o
    0x00013cd0   0x00000130   Code   RO         4101    i.xTaskGenericCreate  tasks.o
    0x00013e00   0x00000024   Code   RO         4103    i.xTaskGetSchedulerState  tasks.o
    0x00013e24   0x0000000c   Code   RO         4104    i.xTaskGetTickCount  tasks.o
    0x00013e30   0x00000104   Code   RO         4106    i.xTaskIncrementTick  tasks.o
    0x00013f34   0x00000088   Code   RO         4107    i.xTaskPriorityDisinherit  tasks.o
    0x00013fbc   0x00000088   Code   RO         4108    i.xTaskRemoveFromEventList  tasks.o
    0x00014044   0x000000e0   Code   RO         4110    i.xTaskResumeAll    tasks.o
    0x00014124   0x000000f6   Data   RO          218    .constdata          main_handle.o
    0x0001421a   0x0000004c   Data   RO          528    .constdata          ckb24_um_handle.o
    0x00014266   0x00000008   Data   RO          594    .constdata          com_handle.o
    0x0001426e   0x0000017d   Data   RO          670    .constdata          24g_proto.o
    0x000143eb   0x00000107   Data   RO          977    .constdata          blue.o
    0x000144f2   0x0000000d   Data   RO         1091    .constdata          comm_proto.o
    0x000144ff   0x00000001   PAD
    0x00014500   0x000000b1   Data   RO         1149    .constdata          charger.o
    0x000145b1   0x00000011   Data   RO         1263    .constdata          m1_card.o
    0x000145c2   0x0000002b   Data   RO         1417    .constdata          flash_usr.o
    0x000145ed   0x00000056   Data   RO         1517    .constdata          upgrade.o
    0x00014643   0x00000009   Data   RO         1837    .constdata          rtc.o
    0x0001464c   0x00000134   Data   RO         1933    .constdata          ckb24_um.o
    0x00014780   0x00000021   Data   RO         2354    .constdata          gun.o
    0x000147a1   0x0000002a   Data   RO         2413    .constdata          sc8042b.o
    0x000147cb   0x00000001   PAD
    0x000147cc   0x00002128   Data   RO         2723    .constdata          aes.o
    0x000168f4   0x00000008   Data   RO         2842    .constdata          ht6xxx_cmu.o
    0x000168fc   0x00000008   Data   RO         3104    .constdata          ht6xxx_flash.o
    0x00016904   0x00000008   Data   RO         3173    .constdata          ht6xxx_gpio.o
    0x0001690c   0x00000008   Data   RO         3386    .constdata          ht6xxx_rtc.o
    0x00016914   0x0000000c   Data   RO         4825    .constdata          mc_p.l(mktime.o)
    0x00016920   0x0000000c   Data   RO         5155    .constdata          mc_p.l(localtime_i.o)
    0x0001692c   0x00000040   Data   RO         5183    .constdata          mc_p.l(ctype_c.o)
    0x0001696c   0x000000d0   Data   RO          219    .conststring        main_handle.o
    0x00016a3c   0x00000044   Data   RO          529    .conststring        ckb24_um_handle.o
    0x00016a80   0x00000522   Data   RO          671    .conststring        24g_proto.o
    0x00016fa2   0x00000002   PAD
    0x00016fa4   0x000000a1   Data   RO          978    .conststring        blue.o
    0x00017045   0x00000003   PAD
    0x00017048   0x0000006c   Data   RO         1092    .conststring        comm_proto.o
    0x000170b4   0x00000652   Data   RO         1150    .conststring        charger.o
    0x00017706   0x00000002   PAD
    0x00017708   0x0000013b   Data   RO         1518    .conststring        upgrade.o
    0x00017843   0x00000001   PAD
    0x00017844   0x000000d7   Data   RO         1934    .conststring        ckb24_um.o
    0x0001791b   0x00000001   PAD
    0x0001791c   0x00000020   Data   RO         5185    Region$$Table       anon$$obj.o


    Execution Region RW_IRAM1 (Base: 0x20000000, Size: 0x00005540, Max: 0x00008000, ABSOLUTE, COMPRESSED[0x00000060])

    Base Addr    Size         Type   Attr      Idx    E Section Name        Object

    0x20000000   0x00000004   Data   RW            4    .data               main.o
    0x20000004   0x00000054   Data   RW          220    .data               main_handle.o
    0x20000058   0x0000000d   Data   RW          530    .data               ckb24_um_handle.o
    0x20000065   0x00000001   PAD
    0x20000066   0x00000007   Data   RW          595    .data               com_handle.o
    0x2000006d   0x00000013   Data   RW          672    .data               24g_proto.o
    0x20000080   0x00000004   Data   RW          979    .data               blue.o
    0x20000084   0x00000008   Data   RW         1151    .data               charger.o
    0x2000008c   0x00000018   Data   RW         1356    .data               emu_info.o
    0x200000a4   0x000000c4   Data   RW         1418    .data               flash_usr.o
    0x20000168   0x00000007   Data   RW         1519    .data               upgrade.o
    0x2000016f   0x00000001   PAD
    0x20000170   0x0000000c   Data   RW         1593    .data               ht6xxx_it.o
    0x2000017c   0x0000000d   Data   RW         1935    .data               ckb24_um.o
    0x20000189   0x00000003   PAD
    0x2000018c   0x00000004   Data   RW         2174    .data               emu.o
    0x20000190   0x00000038   Data   RW         4113    .data               tasks.o
    0x200001c8   0x00000018   Data   RW         4353    .data               heap_4.o
    0x200001e0   0x00000004   Data   RW         4405    .data               port.o
    0x200001e4   0x00000004   Data   RW         5144    .data               mc_p.l(stdout.o)
    0x200001e8   0x000005a7   Zero   RW          217    .bss                main_handle.o
    0x2000078f   0x00000001   PAD
    0x20000790   0x000001ac   Zero   RW          527    .bss                ckb24_um_handle.o
    0x2000093c   0x00000096   Zero   RW          593    .bss                com_handle.o
    0x200009d2   0x00000002   PAD
    0x200009d4   0x0000027c   Zero   RW         1148    .bss                charger.o
    0x20000c50   0x00000038   Zero   RW         1355    .bss                emu_info.o
    0x20000c88   0x00000016   Zero   RW         1516    .bss                upgrade.o
    0x20000c9e   0x00000010   Zero   RW         1836    .bss                rtc.o
    0x20000cae   0x00000002   PAD
    0x20000cb0   0x00000098   Zero   RW         2173    .bss                emu.o
    0x20000d48   0x000002c2   Zero   RW         2489    .bss                uart.o
    0x2000100a   0x00000002   PAD
    0x2000100c   0x00000018   Zero   RW         2559    .bss                simuart.o
    0x20001024   0x000000f0   Zero   RW         4112    .bss                tasks.o
    0x20001114   0x00004000   Zero   RW         4352    .bss                heap_4.o
    0x20005114   0x0000002c   Zero   RW         5152    .bss                mc_p.l(localtime_w.o)
    0x20005140   0x00000400   Zero   RW         4801    STACK               startup_ht502x.o



  Load Region LR$$.ARM.__at_0x0FC0 (Base: 0x00000fc0, Size: 0x00000004, Max: 0x00000004, ABSOLUTE)

    Execution Region ER$$.ARM.__at_0x0FC0 (Base: 0x00000fc0, Size: 0x00000004, Max: 0x00000004, ABSOLUTE, UNINIT)

    Base Addr    Size         Type   Attr      Idx    E Section Name        Object

    0x00000fc0   0x00000004   Code   RO         4804    .ARM.__at_0x0FC0    startup_ht502x.o


==============================================================================

Image component sizes


      Code (inc. data)   RO Data    RW Data    ZI Data      Debug   Object Name

     12220       3426       1695         19          0      35185   24g_proto.o
      1728         40       8488          0          0       2804   aes.o
      5772       1916        424          4          0      12484   blue.o
       280         74          0          0          0        631   cardauth_handle.o
      6924       1384       1795          8        636      17454   charger.o
      3428       1190        523         13          0      13124   ckb24_um.o
      2832        786        144         13        428      17721   ckb24_um_handle.o
       296          8          0          0          0       9053   cmsis_os.o
       136         20          0          0          0        845   cmu.o
       860        178          8          7        150       6528   com_handle.o
      2506        886        121          0          0       4662   comm_proto.o
        64          4          0          0          0        913   delay.o
      2044        116          0          4        152       5431   emu.o
       920         80          0         24         56       4481   emu_info.o
         0          0          0          0          0       1496   event_groups.o
       182          0          0          0          0       1976   fifo.o
       956        266         43        196          0       9567   flash_usr.o
      1346         34          0          0          0       9062   fm175xx.o
       604        182         33          0          0       2899   gun.o
       640         60          0         24      16384       4039   heap_4.o
       348         42          8          0          0       2885   ht6xxx_cmu.o
       172         22          0          0          0       2356   ht6xxx_exti.o
       728        126          8          0          0       2756   ht6xxx_flash.o
       292         26          8          0          0       4062   ht6xxx_gpio.o
      1284         88          0         12          0      10013   ht6xxx_it.o
       100         16          0          0          0       2182   ht6xxx_pmu.o
       872         72          8          0          0       4286   ht6xxx_rtc.o
        26          0          0          0          0       1500   ht6xxx_spi.o
       124         30          0          0          0       1691   ht6xxx_tbs.o
        26          0          0          0          0       1520   ht6xxx_timer.o
       182          0          0          0          0       4646   ht6xxx_uart&7816.o
       150          0          0          0          0       2918   list.o
      1328         70         17          0          0       6936   m1_card.o
       152         42          0          4          0      81744   main.o
      5820       1956        454         84       1447      59014   main_handle.o
       864        132          0          0          0      11248   pmu.o
       402         56          0          4          0       6280   port.o
      1730          0          0          0          0      11865   queue.o
       496        154          9          0         16      12429   rtc.o
      1906        148         42          0          0       4785   sc8042b.o
       380         24          0          0          0       1990   simspi.o
       540         60          0          0         24       5924   simuart.o
        32         12        192          0       1024        804   startup_ht502x.o
         2          0          0          0          0        425   system_ht6xxx.o
      2390        336          0         56        240      18418   tasks.o
        80         22          0          0          0        494   timer.o
       606         56          0          0        706      13292   uart.o
      2418        842        401          7         22       5886   upgrade.o

    ----------------------------------------------------------------------
     67250      14982      14464        484      21292     442704   Object Totals
         0          0         32          0          0          0   (incl. Generated)
        62          0         11          5          7          0   (incl. Padding)

    ----------------------------------------------------------------------

      Code (inc. data)   RO Data    RW Data    ZI Data      Debug   Library Member Name

        60         10          0          0          0         84   __0sscanf.o
        86          0          0          0          0          0   __dczerorl2.o
        30          0          0          0          0         60   _chval.o
       824         12          0          0          0         84   _scanf.o
       330          0          0          0          0         84   _scanf_int.o
       232          0          0          0          0         84   _scanf_str.o
        68          0          0          0          0         76   _sgetc.o
        36          4         64          0          0         60   ctype_c.o
         0          0          0          0          0          0   entry.o
         0          0          0          0          0          0   entry10a.o
         0          0          0          0          0          0   entry11a.o
         8          4          0          0          0          0   entry2.o
         4          0          0          0          0          0   entry5.o
         0          0          0          0          0          0   entry7b.o
         0          0          0          0          0          0   entry8b.o
         8          4          0          0          0          0   entry9a.o
        30          0          0          0          0          0   handlers.o
        40          0          0          0          0         72   idiv.o
        36          8          0          0          0         68   init.o
        14          0          0          0          0         68   isspace_c.o
         0          0          0          0          0          0   iusefp.o
        32          0          0          0          0         68   llshl.o
        38          0          0          0          0         68   llsshr.o
        34          0          0          0          0         68   llushr.o
       116         12         12          0          0         72   localtime_i.o
        16          6          0          0         44         68   localtime_w.o
        26          0          0          0          0         72   memcmp.o
        36          0          0          0          0         60   memcpya.o
        36          0          0          0          0        100   memseta.o
       140         16         12          0          0         72   mktime.o
      2274        102          0          0          0        556   printfa.o
        44          8          0          0          0         84   scanf_char.o
         0          0          0          4          0          0   stdout.o
        18          0          0          0          0         60   strcpy.o
        14          0          0          0          0         60   strlen.o
        40          0          0          0          0         72   strstr.o
        44          0          0          0          0         72   uidiv.o
        96          0          0          0          0         84   uldiv.o
        20          0          0          0          0         60   uread4.o
        18          0          0          0          0         60   uwrite4.o
        40          2          0          0          0         68   cdrcmple.o
       356          4          0          0          0        140   dadd.o
       240          6          0          0          0         84   ddiv.o
       236          0          0          0          0        216   depilogue.o
        72         10          0          0          0         72   dfixi.o
        64         10          0          0          0         68   dfixul.o
        40          6          0          0          0         68   dflti.o
       208          6          0          0          0         88   dmul.o
        40          0          0          0          0         60   f2d.o
       124          0          0          0          0         72   fdiv.o
       130          0          0          0          0        144   fepilogue.o
        40          0          0          0          0         60   ffixui.o
        14          0          0          0          0         68   ffltui.o
       122          0          0          0          0         72   fmul.o

    ----------------------------------------------------------------------
      6582        230         88          4         44       3776   Library Totals
         8          0          0          0          0          0   (incl. Padding)

    ----------------------------------------------------------------------

      Code (inc. data)   RO Data    RW Data    ZI Data      Debug   Library Name

      4848        186         88          4         44       2496   mc_p.l
      1726         44          0          0          0       1280   mf_p.l

    ----------------------------------------------------------------------
      6582        230         88          4         44       3776   Library Totals

    ----------------------------------------------------------------------

==============================================================================


      Code (inc. data)   RO Data    RW Data    ZI Data      Debug   

     73832      15212      14552        488      21336     427056   Grand Totals
     73832      15212      14552         96      21336     427056   ELF Image Totals (compressed)
     73832      15212      14552         96          0          0   ROM Totals

==============================================================================

    Total RO  Size (Code + RO Data)                88384 (  86.31kB)
    Total RW  Size (RW Data + ZI Data)             21824 (  21.31kB)
    Total ROM Size (Code + RO Data + RW Data)      88480 (  86.41kB)

==============================================================================

