<html>
<body>
<pre>
<h1>µVision Build Log</h1>
<h2>Tool Versions:</h2>
IDE-Version: ¦ÌVision V5.18.0.0
Copyright (C) 2016 ARM Ltd and ARM Germany GmbH. All rights reserved.
License Information: ssss Microsoft, Microsoft, LIC=FYKKP-M2FCA-9GL70-B7JRR-0KQDI-BGB5F
 
Tool Versions:
Toolchain:       MDK-ARM Standard  Version: 5.18
Toolchain Path:  D:\Program Files\keil5\ARM\ARMCC\Bin
C Compiler:      Armcc.exe V5.06 update 1 (build 61)
Assembler:       Armasm.exe V5.06 update 1 (build 61)
Linker/Locator:  ArmLink.exe V5.06 update 1 (build 61)
Library Manager: ArmAr.exe V5.06 update 1 (build 61)
Hex Converter:   FromElf.exe V5.06 update 1 (build 61)
CPU DLL:         SARMCM3.DLL V5.18
Dialog DLL:      DARMCM1.DLL V1.12.0.0
Target DLL:      Segger\JL2CM3.dll V2.99.18.0
Dialog DLL:      TARMCM1.DLL V1.9.0.0
 
<h2>Project:</h2>
D:\X6_R6\R6-X6\X6\Project\X6x_APP.uvprojx
Project File Date:  09/20/2018

<h2>Output:</h2>
*** Using Compiler 'V5.06 update 1 (build 61)', folder: 'D:\Program Files\keil5\ARM\ARMCC\Bin'
Rebuild target 'X6'
compiling ckb24_um_handle.c...
compiling main.c...
compiling main_handle.c...
compiling com_handle.c...
compiling blue.c...
compiling 24g_proto.c...
compiling comm_proto.c...
compiling m1_card.c...
compiling charger.c...
compiling emu_info.c...
compiling upgrade.c...
compiling flash_usr.c...
compiling ht6xxx_it.c...
compiling CardAuth_handle.c...
compiling pmu.c...
compiling cmu.c...
compiling rtc.c...
compiling ckb24_um.c...
compiling delay.c...
compiling at24c0x.c...
compiling emu.c...
compiling fm175xx.c...
compiling sc8042b.c...
compiling gun.c...
compiling timer.c...
compiling uart.c...
compiling simuart.c...
compiling simiic.c...
compiling simspi.c...
compiling FIFO.c...
compiling ht6xxx_aes&rand.c...
compiling ht6xxx_cmu.c...
compiling aes.c...
compiling ht6xxx_dma.c...
compiling ht6xxx_exti.c...
compiling ht6xxx_ecc.c...
compiling ht6xxx_gpio.c...
compiling ht6xxx_flash.c...
compiling ht6xxx_iic.c...
compiling ht6xxx_lcd.c...
compiling ht6xxx_reset.c...
compiling ht6xxx_pmu.c...
compiling ht6xxx_rtc.c...
compiling ht6xxx_tbs.c...
compiling ht6xxx_spi.c...
compiling ht6xxx_tdes&rand.c...
compiling ht6xxx_timer.c...
compiling ht6xxx_uart&7816.c...
compiling ht501x_emu.c...
compiling ht501x_keyscan.c...
compiling system_ht6xxx.c...
compiling core_cm0.c...
compiling croutine.c...
compiling event_groups.c...
compiling list.c...
compiling tasks.c...
compiling timers.c...
compiling queue.c...
compiling cmsis_os.c...
compiling heap_4.c...
compiling port.c...
assembling startup_ht502x.s...
linking...
Program Size: Code=62836 RO-data=14552 RW-data=468 ZI-data=21276  
FromELF: creating hex file...
".\Objects\APP_X6.axf" - 0 Error(s), 0 Warning(s).

<h2>Collection of Component include folders:</h2>
  D:\X6_R6\R6-X6\X6\Project\RTE
  D:\Program Files\keil5\ARM\PACK\ARM\CMSIS\4.5.0\Device\ARM\ARMCM0\Include

<h2>Collection of Component Files used:</h2>
Build Time Elapsed:  00:00:20
</pre>
</body>
</html>
